Gym has been unmaintained since 2022 and does not support NumPy 2.0 amongst other critical functionality.
Please upgrade to Gymnasium, the maintained drop-in replacement of Gym, or contact the authors of your software and request that they upgrade.
Users of this version of Gym should be able to simply replace 'import gym' with 'import gymnasium as gym' in the vast majority of cases.
See the migration guide at https://gymnasium.farama.org/introduction/migration_guide/ for additional information.
share_observation_space:  [Box(-inf, inf, (21,), float32), Box(-inf, inf, (21,), float32), Box(-inf, inf, (21,), float32)]
observation_space:  [Box(-inf, inf, (7,), float32), Box(-inf, inf, (7,), float32), Box(-inf, inf, (7,), float32)]
action_space:  [Discrete(21), Discrete(21), Discrete(21)]
EPISODE {'group': 'happo', 'scenario': 'base', 'trace': 0, 'cost': 24.06, 'downstream_backlog': 20.54, 'generation_events': 0, 'episode_http': 0, 'notification_period': None}
EPISODE {'group': 'happo', 'scenario': 'base', 'trace': 1, 'cost': 20.826666666666668, 'downstream_backlog': 32.975, 'generation_events': 0, 'episode_http': 0, 'notification_period': None}
EPISODE {'group': 'happo', 'scenario': 'base', 'trace': 2, 'cost': 16.591666666666665, 'downstream_backlog': 7.635, 'generation_events': 0, 'episode_http': 0, 'notification_period': None}
EPISODE {'group': 'happo', 'scenario': 'base', 'trace': 3, 'cost': 17.763333333333332, 'downstream_backlog': 16.685, 'generation_events': 0, 'episode_http': 0, 'notification_period': None}
EPISODE {'group': 'happo', 'scenario': 'shock', 'trace': 0, 'cost': 28.17, 'downstream_backlog': 28.28, 'generation_events': 0, 'episode_http': 0, 'notification_period': 83}
EPISODE {'group': 'happo', 'scenario': 'shock', 'trace': 1, 'cost': 18.448333333333334, 'downstream_backlog': 33.545, 'generation_events': 0, 'episode_http': 0, 'notification_period': 73}
EPISODE {'group': 'happo', 'scenario': 'shock', 'trace': 2, 'cost': 23.246666666666666, 'downstream_backlog': 10.09, 'generation_events': 0, 'episode_http': 0, 'notification_period': 78}
EPISODE {'group': 'happo', 'scenario': 'shock', 'trace': 3, 'cost': 22.813333333333333, 'downstream_backlog': 17.37, 'generation_events': 0, 'episode_http': 0, 'notification_period': 83}
share_observation_space:  [Box(-inf, inf, (21,), float32), Box(-inf, inf, (21,), float32), Box(-inf, inf, (21,), float32)]
observation_space:  [Box(-inf, inf, (7,), float32), Box(-inf, inf, (7,), float32), Box(-inf, inf, (7,), float32)]
action_space:  [Discrete(21), Discrete(21), Discrete(21)]
EPISODE {'group': 'ippo', 'scenario': 'base', 'trace': 0, 'cost': 19.428333333333335, 'downstream_backlog': 12.825, 'generation_events': 0, 'episode_http': 0, 'notification_period': None}
EPISODE {'group': 'ippo', 'scenario': 'base', 'trace': 1, 'cost': 24.676666666666666, 'downstream_backlog': 27.69, 'generation_events': 0, 'episode_http': 0, 'notification_period': None}
EPISODE {'group': 'ippo', 'scenario': 'base', 'trace': 2, 'cost': 22.683333333333334, 'downstream_backlog': 11.815, 'generation_events': 0, 'episode_http': 0, 'notification_period': None}
EPISODE {'group': 'ippo', 'scenario': 'base', 'trace': 3, 'cost': 17.161666666666665, 'downstream_backlog': 8.04, 'generation_events': 0, 'episode_http': 0, 'notification_period': None}
EPISODE {'group': 'ippo', 'scenario': 'shock', 'trace': 0, 'cost': 20.23, 'downstream_backlog': 17.485, 'generation_events': 0, 'episode_http': 0, 'notification_period': 83}
EPISODE {'group': 'ippo', 'scenario': 'shock', 'trace': 1, 'cost': 26.665, 'downstream_backlog': 34.615, 'generation_events': 0, 'episode_http': 0, 'notification_period': 73}
EPISODE {'group': 'ippo', 'scenario': 'shock', 'trace': 2, 'cost': 24.058333333333334, 'downstream_backlog': 11.165, 'generation_events': 0, 'episode_http': 0, 'notification_period': 78}
EPISODE {'group': 'ippo', 'scenario': 'shock', 'trace': 3, 'cost': 22.34, 'downstream_backlog': 12.26, 'generation_events': 0, 'episode_http': 0, 'notification_period': 83}
share_observation_space:  [Box(-inf, inf, (21,), float32), Box(-inf, inf, (21,), float32), Box(-inf, inf, (21,), float32)]
observation_space:  [Box(-inf, inf, (7,), float32), Box(-inf, inf, (7,), float32), Box(-inf, inf, (7,), float32)]
action_space:  [Discrete(21), Discrete(21), Discrete(21)]
EPISODE {'group': 'online_feedback', 'scenario': 'base', 'trace': 0, 'cost': 24.06, 'downstream_backlog': 20.54, 'generation_events': 0, 'episode_http': 0, 'notification_period': None}
EPISODE {'group': 'online_feedback', 'scenario': 'base', 'trace': 1, 'cost': 20.826666666666668, 'downstream_backlog': 32.975, 'generation_events': 0, 'episode_http': 0, 'notification_period': None}
EPISODE {'group': 'online_feedback', 'scenario': 'base', 'trace': 2, 'cost': 16.591666666666665, 'downstream_backlog': 7.635, 'generation_events': 0, 'episode_http': 0, 'notification_period': None}
EPISODE {'group': 'online_feedback', 'scenario': 'base', 'trace': 3, 'cost': 17.763333333333332, 'downstream_backlog': 16.685, 'generation_events': 0, 'episode_http': 0, 'notification_period': None}
EPISODE {'group': 'online_feedback', 'scenario': 'shock', 'trace': 0, 'cost': 28.17, 'downstream_backlog': 28.28, 'generation_events': 4, 'episode_http': 8, 'notification_period': 83}
EPISODE {'group': 'online_feedback', 'scenario': 'shock', 'trace': 1, 'cost': 17.69333333333333, 'downstream_backlog': 30.925, 'generation_events': 4, 'episode_http': 9, 'notification_period': 73}
EPISODE {'group': 'online_feedback', 'scenario': 'shock', 'trace': 2, 'cost': 22.901666666666667, 'downstream_backlog': 9.705, 'generation_events': 4, 'episode_http': 10, 'notification_period': 78}
EPISODE {'group': 'online_feedback', 'scenario': 'shock', 'trace': 3, 'cost': 23.0, 'downstream_backlog': 16.695, 'generation_events': 4, 'episode_http': 8, 'notification_period': 83}
ONLINE_DRAFT_COMPLETED
