Gym has been unmaintained since 2022 and does not support NumPy 2.0 amongst other critical functionality.
Please upgrade to Gymnasium, the maintained drop-in replacement of Gym, or contact the authors of your software and request that they upgrade.
Users of this version of Gym should be able to simply replace 'import gym' with 'import gymnasium as gym' in the vast majority of cases.
See the migration guide at https://gymnasium.farama.org/introduction/migration_guide/ for additional information.
share_observation_space:  [Box(-inf, inf, (21,), float32), Box(-inf, inf, (21,), float32), Box(-inf, inf, (21,), float32)]
observation_space:  [Box(-inf, inf, (7,), float32), Box(-inf, inf, (7,), float32), Box(-inf, inf, (7,), float32)]
action_space:  [Discrete(21), Discrete(21), Discrete(21)]
EPISODE {'group': 'happo', 'scenario': 'base', 'trace': 0, 'cost': 26.05, 'downstream_backlog': 38.625, 'generation_events': 0, 'episode_http': 0, 'notification_period': None}
EPISODE {'group': 'happo', 'scenario': 'base', 'trace': 1, 'cost': 12.606666666666667, 'downstream_backlog': 1.575, 'generation_events': 0, 'episode_http': 0, 'notification_period': None}
EPISODE {'group': 'happo', 'scenario': 'base', 'trace': 2, 'cost': 13.508333333333333, 'downstream_backlog': 4.7, 'generation_events': 0, 'episode_http': 0, 'notification_period': None}
EPISODE {'group': 'happo', 'scenario': 'base', 'trace': 3, 'cost': 28.823333333333334, 'downstream_backlog': 57.46, 'generation_events': 0, 'episode_http': 0, 'notification_period': None}
EPISODE {'group': 'happo', 'scenario': 'shock', 'trace': 0, 'cost': 25.605, 'downstream_backlog': 40.28, 'generation_events': 0, 'episode_http': 0, 'notification_period': 91}
EPISODE {'group': 'happo', 'scenario': 'shock', 'trace': 1, 'cost': 13.076666666666666, 'downstream_backlog': 1.57, 'generation_events': 0, 'episode_http': 0, 'notification_period': 81}
EPISODE {'group': 'happo', 'scenario': 'shock', 'trace': 2, 'cost': 15.79, 'downstream_backlog': 9.015, 'generation_events': 0, 'episode_http': 0, 'notification_period': 86}
EPISODE {'group': 'happo', 'scenario': 'shock', 'trace': 3, 'cost': 27.10333333333333, 'downstream_backlog': 38.095, 'generation_events': 0, 'episode_http': 0, 'notification_period': 91}
share_observation_space:  [Box(-inf, inf, (21,), float32), Box(-inf, inf, (21,), float32), Box(-inf, inf, (21,), float32)]
observation_space:  [Box(-inf, inf, (7,), float32), Box(-inf, inf, (7,), float32), Box(-inf, inf, (7,), float32)]
action_space:  [Discrete(21), Discrete(21), Discrete(21)]
EPISODE {'group': 'ippo', 'scenario': 'base', 'trace': 0, 'cost': 28.26, 'downstream_backlog': 27.705, 'generation_events': 0, 'episode_http': 0, 'notification_period': None}
EPISODE {'group': 'ippo', 'scenario': 'base', 'trace': 1, 'cost': 15.14, 'downstream_backlog': 0.515, 'generation_events': 0, 'episode_http': 0, 'notification_period': None}
EPISODE {'group': 'ippo', 'scenario': 'base', 'trace': 2, 'cost': 18.723333333333333, 'downstream_backlog': 1.835, 'generation_events': 0, 'episode_http': 0, 'notification_period': None}
EPISODE {'group': 'ippo', 'scenario': 'base', 'trace': 3, 'cost': 24.111666666666668, 'downstream_backlog': 29.845, 'generation_events': 0, 'episode_http': 0, 'notification_period': None}
EPISODE {'group': 'ippo', 'scenario': 'shock', 'trace': 0, 'cost': 26.198333333333334, 'downstream_backlog': 28.025, 'generation_events': 0, 'episode_http': 0, 'notification_period': 91}
EPISODE {'group': 'ippo', 'scenario': 'shock', 'trace': 1, 'cost': 20.013333333333332, 'downstream_backlog': 0.465, 'generation_events': 0, 'episode_http': 0, 'notification_period': 81}
EPISODE {'group': 'ippo', 'scenario': 'shock', 'trace': 2, 'cost': 23.925, 'downstream_backlog': 7.005, 'generation_events': 0, 'episode_http': 0, 'notification_period': 86}
EPISODE {'group': 'ippo', 'scenario': 'shock', 'trace': 3, 'cost': 24.001666666666665, 'downstream_backlog': 21.74, 'generation_events': 0, 'episode_http': 0, 'notification_period': 91}
share_observation_space:  [Box(-inf, inf, (21,), float32), Box(-inf, inf, (21,), float32), Box(-inf, inf, (21,), float32)]
observation_space:  [Box(-inf, inf, (7,), float32), Box(-inf, inf, (7,), float32), Box(-inf, inf, (7,), float32)]
action_space:  [Discrete(21), Discrete(21), Discrete(21)]
EPISODE {'group': 'online_feedback', 'scenario': 'base', 'trace': 0, 'cost': 26.05, 'downstream_backlog': 38.625, 'generation_events': 0, 'episode_http': 0, 'notification_period': None}
EPISODE {'group': 'online_feedback', 'scenario': 'base', 'trace': 1, 'cost': 12.606666666666667, 'downstream_backlog': 1.575, 'generation_events': 0, 'episode_http': 0, 'notification_period': None}
EPISODE {'group': 'online_feedback', 'scenario': 'base', 'trace': 2, 'cost': 13.508333333333333, 'downstream_backlog': 4.7, 'generation_events': 0, 'episode_http': 0, 'notification_period': None}
EPISODE {'group': 'online_feedback', 'scenario': 'base', 'trace': 3, 'cost': 28.823333333333334, 'downstream_backlog': 57.46, 'generation_events': 0, 'episode_http': 0, 'notification_period': None}
EPISODE {'group': 'online_feedback', 'scenario': 'shock', 'trace': 0, 'cost': 26.60333333333333, 'downstream_backlog': 37.445, 'generation_events': 4, 'episode_http': 8, 'notification_period': 91}
EPISODE {'group': 'online_feedback', 'scenario': 'shock', 'trace': 1, 'cost': 13.076666666666666, 'downstream_backlog': 1.57, 'generation_events': 4, 'episode_http': 8, 'notification_period': 81}
EPISODE {'group': 'online_feedback', 'scenario': 'shock', 'trace': 2, 'cost': 15.466666666666667, 'downstream_backlog': 8.585, 'generation_events': 4, 'episode_http': 8, 'notification_period': 86}
EPISODE {'group': 'online_feedback', 'scenario': 'shock', 'trace': 3, 'cost': 23.10333333333333, 'downstream_backlog': 32.155, 'generation_events': 4, 'episode_http': 8, 'notification_period': 91}
ONLINE_DRAFT_COMPLETED
