Gym has been unmaintained since 2022 and does not support NumPy 2.0 amongst other critical functionality.
Please upgrade to Gymnasium, the maintained drop-in replacement of Gym, or contact the authors of your software and request that they upgrade.
Users of this version of Gym should be able to simply replace 'import gym' with 'import gymnasium as gym' in the vast majority of cases.
See the migration guide at https://gymnasium.farama.org/introduction/migration_guide/ for additional information.
share_observation_space:  [Box(-inf, inf, (21,), float32), Box(-inf, inf, (21,), float32), Box(-inf, inf, (21,), float32)]
observation_space:  [Box(-inf, inf, (7,), float32), Box(-inf, inf, (7,), float32), Box(-inf, inf, (7,), float32)]
action_space:  [Discrete(21), Discrete(21), Discrete(21)]
EPISODE {'group': 'happo', 'scenario': 'base', 'trace': 0, 'cost': 22.061666666666667, 'downstream_backlog': 23.485, 'generation_events': 0, 'episode_http': 0, 'notification_period': None}
EPISODE {'group': 'happo', 'scenario': 'base', 'trace': 1, 'cost': 16.266666666666666, 'downstream_backlog': 0.71, 'generation_events': 0, 'episode_http': 0, 'notification_period': None}
EPISODE {'group': 'happo', 'scenario': 'base', 'trace': 2, 'cost': 15.731666666666667, 'downstream_backlog': 0.105, 'generation_events': 0, 'episode_http': 0, 'notification_period': None}
EPISODE {'group': 'happo', 'scenario': 'base', 'trace': 3, 'cost': 14.08, 'downstream_backlog': 5.01, 'generation_events': 0, 'episode_http': 0, 'notification_period': None}
EPISODE {'group': 'happo', 'scenario': 'shock', 'trace': 0, 'cost': 23.173333333333332, 'downstream_backlog': 32.76, 'generation_events': 0, 'episode_http': 0, 'notification_period': 79}
EPISODE {'group': 'happo', 'scenario': 'shock', 'trace': 1, 'cost': 16.11, 'downstream_backlog': 0.705, 'generation_events': 0, 'episode_http': 0, 'notification_period': 69}
EPISODE {'group': 'happo', 'scenario': 'shock', 'trace': 2, 'cost': 13.298333333333334, 'downstream_backlog': 0.105, 'generation_events': 0, 'episode_http': 0, 'notification_period': 74}
EPISODE {'group': 'happo', 'scenario': 'shock', 'trace': 3, 'cost': 21.946666666666665, 'downstream_backlog': 7.11, 'generation_events': 0, 'episode_http': 0, 'notification_period': 79}
share_observation_space:  [Box(-inf, inf, (21,), float32), Box(-inf, inf, (21,), float32), Box(-inf, inf, (21,), float32)]
observation_space:  [Box(-inf, inf, (7,), float32), Box(-inf, inf, (7,), float32), Box(-inf, inf, (7,), float32)]
action_space:  [Discrete(21), Discrete(21), Discrete(21)]
EPISODE {'group': 'ippo', 'scenario': 'base', 'trace': 0, 'cost': 27.875, 'downstream_backlog': 24.7, 'generation_events': 0, 'episode_http': 0, 'notification_period': None}
EPISODE {'group': 'ippo', 'scenario': 'base', 'trace': 1, 'cost': 16.981666666666666, 'downstream_backlog': 1.325, 'generation_events': 0, 'episode_http': 0, 'notification_period': None}
EPISODE {'group': 'ippo', 'scenario': 'base', 'trace': 2, 'cost': 10.515, 'downstream_backlog': 0.925, 'generation_events': 0, 'episode_http': 0, 'notification_period': None}
EPISODE {'group': 'ippo', 'scenario': 'base', 'trace': 3, 'cost': 19.015, 'downstream_backlog': 5.99, 'generation_events': 0, 'episode_http': 0, 'notification_period': None}
EPISODE {'group': 'ippo', 'scenario': 'shock', 'trace': 0, 'cost': 29.216666666666665, 'downstream_backlog': 25.975, 'generation_events': 0, 'episode_http': 0, 'notification_period': 79}
EPISODE {'group': 'ippo', 'scenario': 'shock', 'trace': 1, 'cost': 18.506666666666668, 'downstream_backlog': 2.36, 'generation_events': 0, 'episode_http': 0, 'notification_period': 69}
EPISODE {'group': 'ippo', 'scenario': 'shock', 'trace': 2, 'cost': 10.143333333333333, 'downstream_backlog': 1.03, 'generation_events': 0, 'episode_http': 0, 'notification_period': 74}
EPISODE {'group': 'ippo', 'scenario': 'shock', 'trace': 3, 'cost': 29.81833333333333, 'downstream_backlog': 9.16, 'generation_events': 0, 'episode_http': 0, 'notification_period': 79}
share_observation_space:  [Box(-inf, inf, (21,), float32), Box(-inf, inf, (21,), float32), Box(-inf, inf, (21,), float32)]
observation_space:  [Box(-inf, inf, (7,), float32), Box(-inf, inf, (7,), float32), Box(-inf, inf, (7,), float32)]
action_space:  [Discrete(21), Discrete(21), Discrete(21)]
EPISODE {'group': 'online_feedback', 'scenario': 'base', 'trace': 0, 'cost': 22.061666666666667, 'downstream_backlog': 23.485, 'generation_events': 0, 'episode_http': 0, 'notification_period': None}
EPISODE {'group': 'online_feedback', 'scenario': 'base', 'trace': 1, 'cost': 16.266666666666666, 'downstream_backlog': 0.71, 'generation_events': 0, 'episode_http': 0, 'notification_period': None}
EPISODE {'group': 'online_feedback', 'scenario': 'base', 'trace': 2, 'cost': 15.731666666666667, 'downstream_backlog': 0.105, 'generation_events': 0, 'episode_http': 0, 'notification_period': None}
EPISODE {'group': 'online_feedback', 'scenario': 'base', 'trace': 3, 'cost': 14.08, 'downstream_backlog': 5.01, 'generation_events': 0, 'episode_http': 0, 'notification_period': None}
EPISODE {'group': 'online_feedback', 'scenario': 'shock', 'trace': 0, 'cost': 21.67, 'downstream_backlog': 29.46, 'generation_events': 4, 'episode_http': 9, 'notification_period': 79}
EPISODE {'group': 'online_feedback', 'scenario': 'shock', 'trace': 1, 'cost': 16.11, 'downstream_backlog': 0.705, 'generation_events': 4, 'episode_http': 9, 'notification_period': 69}
EPISODE {'group': 'online_feedback', 'scenario': 'shock', 'trace': 2, 'cost': 12.336666666666666, 'downstream_backlog': 0.105, 'generation_events': 4, 'episode_http': 9, 'notification_period': 74}
EPISODE {'group': 'online_feedback', 'scenario': 'shock', 'trace': 3, 'cost': 20.588333333333335, 'downstream_backlog': 6.89, 'generation_events': 4, 'episode_http': 9, 'notification_period': 79}
ONLINE_DRAFT_COMPLETED
