Gym has been unmaintained since 2022 and does not support NumPy 2.0 amongst other critical functionality.
Please upgrade to Gymnasium, the maintained drop-in replacement of Gym, or contact the authors of your software and request that they upgrade.
Users of this version of Gym should be able to simply replace 'import gym' with 'import gymnasium as gym' in the vast majority of cases.
See the migration guide at https://gymnasium.farama.org/introduction/migration_guide/ for additional information.
share_observation_space:  [Box(-inf, inf, (21,), float32), Box(-inf, inf, (21,), float32), Box(-inf, inf, (21,), float32)]
observation_space:  [Box(-inf, inf, (7,), float32), Box(-inf, inf, (7,), float32), Box(-inf, inf, (7,), float32)]
action_space:  [Discrete(21), Discrete(21), Discrete(21)]
EPISODE {'group': 'happo', 'scenario': 'base', 'trace': 0, 'cost': 19.573333333333334, 'downstream_backlog': 14.925, 'generation_events': 0, 'episode_http': 0, 'notification_period': None}
EPISODE {'group': 'happo', 'scenario': 'base', 'trace': 1, 'cost': 17.848333333333333, 'downstream_backlog': 6.255, 'generation_events': 0, 'episode_http': 0, 'notification_period': None}
EPISODE {'group': 'happo', 'scenario': 'base', 'trace': 2, 'cost': 12.246666666666666, 'downstream_backlog': 1.915, 'generation_events': 0, 'episode_http': 0, 'notification_period': None}
EPISODE {'group': 'happo', 'scenario': 'base', 'trace': 3, 'cost': 12.441666666666666, 'downstream_backlog': 0.91, 'generation_events': 0, 'episode_http': 0, 'notification_period': None}
EPISODE {'group': 'happo', 'scenario': 'shock', 'trace': 0, 'cost': 24.851666666666667, 'downstream_backlog': 28.715, 'generation_events': 0, 'episode_http': 0, 'notification_period': 81}
EPISODE {'group': 'happo', 'scenario': 'shock', 'trace': 1, 'cost': 17.345, 'downstream_backlog': 6.055, 'generation_events': 0, 'episode_http': 0, 'notification_period': 71}
EPISODE {'group': 'happo', 'scenario': 'shock', 'trace': 2, 'cost': 15.2, 'downstream_backlog': 3.365, 'generation_events': 0, 'episode_http': 0, 'notification_period': 76}
EPISODE {'group': 'happo', 'scenario': 'shock', 'trace': 3, 'cost': 25.261666666666667, 'downstream_backlog': 1.25, 'generation_events': 0, 'episode_http': 0, 'notification_period': 81}
share_observation_space:  [Box(-inf, inf, (21,), float32), Box(-inf, inf, (21,), float32), Box(-inf, inf, (21,), float32)]
observation_space:  [Box(-inf, inf, (7,), float32), Box(-inf, inf, (7,), float32), Box(-inf, inf, (7,), float32)]
action_space:  [Discrete(21), Discrete(21), Discrete(21)]
EPISODE {'group': 'ippo', 'scenario': 'base', 'trace': 0, 'cost': 22.265, 'downstream_backlog': 13.585, 'generation_events': 0, 'episode_http': 0, 'notification_period': None}
EPISODE {'group': 'ippo', 'scenario': 'base', 'trace': 1, 'cost': 18.688333333333333, 'downstream_backlog': 5.19, 'generation_events': 0, 'episode_http': 0, 'notification_period': None}
EPISODE {'group': 'ippo', 'scenario': 'base', 'trace': 2, 'cost': 13.256666666666666, 'downstream_backlog': 2.275, 'generation_events': 0, 'episode_http': 0, 'notification_period': None}
EPISODE {'group': 'ippo', 'scenario': 'base', 'trace': 3, 'cost': 10.305, 'downstream_backlog': 1.195, 'generation_events': 0, 'episode_http': 0, 'notification_period': None}
EPISODE {'group': 'ippo', 'scenario': 'shock', 'trace': 0, 'cost': 26.696666666666665, 'downstream_backlog': 24.78, 'generation_events': 0, 'episode_http': 0, 'notification_period': 81}
EPISODE {'group': 'ippo', 'scenario': 'shock', 'trace': 1, 'cost': 20.31, 'downstream_backlog': 4.93, 'generation_events': 0, 'episode_http': 0, 'notification_period': 71}
EPISODE {'group': 'ippo', 'scenario': 'shock', 'trace': 2, 'cost': 16.596666666666668, 'downstream_backlog': 3.685, 'generation_events': 0, 'episode_http': 0, 'notification_period': 76}
EPISODE {'group': 'ippo', 'scenario': 'shock', 'trace': 3, 'cost': 12.231666666666667, 'downstream_backlog': 1.125, 'generation_events': 0, 'episode_http': 0, 'notification_period': 81}
share_observation_space:  [Box(-inf, inf, (21,), float32), Box(-inf, inf, (21,), float32), Box(-inf, inf, (21,), float32)]
observation_space:  [Box(-inf, inf, (7,), float32), Box(-inf, inf, (7,), float32), Box(-inf, inf, (7,), float32)]
action_space:  [Discrete(21), Discrete(21), Discrete(21)]
EPISODE {'group': 'online_feedback', 'scenario': 'base', 'trace': 0, 'cost': 19.573333333333334, 'downstream_backlog': 14.925, 'generation_events': 0, 'episode_http': 0, 'notification_period': None}
EPISODE {'group': 'online_feedback', 'scenario': 'base', 'trace': 1, 'cost': 17.848333333333333, 'downstream_backlog': 6.255, 'generation_events': 0, 'episode_http': 0, 'notification_period': None}
EPISODE {'group': 'online_feedback', 'scenario': 'base', 'trace': 2, 'cost': 12.246666666666666, 'downstream_backlog': 1.915, 'generation_events': 0, 'episode_http': 0, 'notification_period': None}
EPISODE {'group': 'online_feedback', 'scenario': 'base', 'trace': 3, 'cost': 12.441666666666666, 'downstream_backlog': 0.91, 'generation_events': 0, 'episode_http': 0, 'notification_period': None}
EPISODE {'group': 'online_feedback', 'scenario': 'shock', 'trace': 0, 'cost': 25.02166666666667, 'downstream_backlog': 28.87, 'generation_events': 4, 'episode_http': 8, 'notification_period': 81}
EPISODE {'group': 'online_feedback', 'scenario': 'shock', 'trace': 1, 'cost': 17.345, 'downstream_backlog': 6.055, 'generation_events': 4, 'episode_http': 10, 'notification_period': 71}
EPISODE {'group': 'online_feedback', 'scenario': 'shock', 'trace': 2, 'cost': 15.193333333333333, 'downstream_backlog': 3.305, 'generation_events': 4, 'episode_http': 8, 'notification_period': 76}
EPISODE {'group': 'online_feedback', 'scenario': 'shock', 'trace': 3, 'cost': 25.098333333333333, 'downstream_backlog': 1.25, 'generation_events': 4, 'episode_http': 10, 'notification_period': 81}
ONLINE_DRAFT_COMPLETED
