Gym has been unmaintained since 2022 and does not support NumPy 2.0 amongst other critical functionality.
Please upgrade to Gymnasium, the maintained drop-in replacement of Gym, or contact the authors of your software and request that they upgrade.
Users of this version of Gym should be able to simply replace 'import gym' with 'import gymnasium as gym' in the vast majority of cases.
See the migration guide at https://gymnasium.farama.org/introduction/migration_guide/ for additional information.
share_observation_space:  [Box(-inf, inf, (21,), float32), Box(-inf, inf, (21,), float32), Box(-inf, inf, (21,), float32)]
observation_space:  [Box(-inf, inf, (7,), float32), Box(-inf, inf, (7,), float32), Box(-inf, inf, (7,), float32)]
action_space:  [Discrete(21), Discrete(21), Discrete(21)]
EPISODE {'group': 'happo', 'scenario': 'base', 'trace': 0, 'cost': 14.81, 'downstream_backlog': 3.44, 'generation_events': 0, 'episode_http': 0, 'notification_period': None}
EPISODE {'group': 'happo', 'scenario': 'base', 'trace': 1, 'cost': 17.626666666666665, 'downstream_backlog': 7.205, 'generation_events': 0, 'episode_http': 0, 'notification_period': None}
EPISODE {'group': 'happo', 'scenario': 'base', 'trace': 2, 'cost': 11.535, 'downstream_backlog': 2.515, 'generation_events': 0, 'episode_http': 0, 'notification_period': None}
EPISODE {'group': 'happo', 'scenario': 'base', 'trace': 3, 'cost': 16.921666666666667, 'downstream_backlog': 12.05, 'generation_events': 0, 'episode_http': 0, 'notification_period': None}
EPISODE {'group': 'happo', 'scenario': 'shock', 'trace': 0, 'cost': 18.1, 'downstream_backlog': 8.62, 'generation_events': 0, 'episode_http': 0, 'notification_period': 75}
EPISODE {'group': 'happo', 'scenario': 'shock', 'trace': 1, 'cost': 23.151666666666667, 'downstream_backlog': 8.335, 'generation_events': 0, 'episode_http': 0, 'notification_period': 65}
EPISODE {'group': 'happo', 'scenario': 'shock', 'trace': 2, 'cost': 14.105, 'downstream_backlog': 2.63, 'generation_events': 0, 'episode_http': 0, 'notification_period': 70}
EPISODE {'group': 'happo', 'scenario': 'shock', 'trace': 3, 'cost': 18.705, 'downstream_backlog': 11.77, 'generation_events': 0, 'episode_http': 0, 'notification_period': 75}
share_observation_space:  [Box(-inf, inf, (21,), float32), Box(-inf, inf, (21,), float32), Box(-inf, inf, (21,), float32)]
observation_space:  [Box(-inf, inf, (7,), float32), Box(-inf, inf, (7,), float32), Box(-inf, inf, (7,), float32)]
action_space:  [Discrete(21), Discrete(21), Discrete(21)]
EPISODE {'group': 'ippo', 'scenario': 'base', 'trace': 0, 'cost': 14.453333333333333, 'downstream_backlog': 4.275, 'generation_events': 0, 'episode_http': 0, 'notification_period': None}
EPISODE {'group': 'ippo', 'scenario': 'base', 'trace': 1, 'cost': 21.59, 'downstream_backlog': 12.055, 'generation_events': 0, 'episode_http': 0, 'notification_period': None}
EPISODE {'group': 'ippo', 'scenario': 'base', 'trace': 2, 'cost': 12.025, 'downstream_backlog': 2.32, 'generation_events': 0, 'episode_http': 0, 'notification_period': None}
EPISODE {'group': 'ippo', 'scenario': 'base', 'trace': 3, 'cost': 20.113333333333333, 'downstream_backlog': 12.46, 'generation_events': 0, 'episode_http': 0, 'notification_period': None}
EPISODE {'group': 'ippo', 'scenario': 'shock', 'trace': 0, 'cost': 18.663333333333334, 'downstream_backlog': 8.415, 'generation_events': 0, 'episode_http': 0, 'notification_period': 75}
EPISODE {'group': 'ippo', 'scenario': 'shock', 'trace': 1, 'cost': 16.955, 'downstream_backlog': 9.945, 'generation_events': 0, 'episode_http': 0, 'notification_period': 65}
EPISODE {'group': 'ippo', 'scenario': 'shock', 'trace': 2, 'cost': 9.97, 'downstream_backlog': 2.685, 'generation_events': 0, 'episode_http': 0, 'notification_period': 70}
EPISODE {'group': 'ippo', 'scenario': 'shock', 'trace': 3, 'cost': 17.783333333333335, 'downstream_backlog': 10.74, 'generation_events': 0, 'episode_http': 0, 'notification_period': 75}
share_observation_space:  [Box(-inf, inf, (21,), float32), Box(-inf, inf, (21,), float32), Box(-inf, inf, (21,), float32)]
observation_space:  [Box(-inf, inf, (7,), float32), Box(-inf, inf, (7,), float32), Box(-inf, inf, (7,), float32)]
action_space:  [Discrete(21), Discrete(21), Discrete(21)]
EPISODE {'group': 'online_feedback', 'scenario': 'base', 'trace': 0, 'cost': 14.81, 'downstream_backlog': 3.44, 'generation_events': 0, 'episode_http': 0, 'notification_period': None}
EPISODE {'group': 'online_feedback', 'scenario': 'base', 'trace': 1, 'cost': 17.626666666666665, 'downstream_backlog': 7.205, 'generation_events': 0, 'episode_http': 0, 'notification_period': None}
EPISODE {'group': 'online_feedback', 'scenario': 'base', 'trace': 2, 'cost': 11.535, 'downstream_backlog': 2.515, 'generation_events': 0, 'episode_http': 0, 'notification_period': None}
EPISODE {'group': 'online_feedback', 'scenario': 'base', 'trace': 3, 'cost': 16.921666666666667, 'downstream_backlog': 12.05, 'generation_events': 0, 'episode_http': 0, 'notification_period': None}
EPISODE {'group': 'online_feedback', 'scenario': 'shock', 'trace': 0, 'cost': 17.948333333333334, 'downstream_backlog': 8.665, 'generation_events': 4, 'episode_http': 9, 'notification_period': 75}
EPISODE {'group': 'online_feedback', 'scenario': 'shock', 'trace': 1, 'cost': 24.388333333333332, 'downstream_backlog': 8.13, 'generation_events': 4, 'episode_http': 9, 'notification_period': 65}
EPISODE {'group': 'online_feedback', 'scenario': 'shock', 'trace': 2, 'cost': 13.711666666666666, 'downstream_backlog': 2.605, 'generation_events': 4, 'episode_http': 8, 'notification_period': 70}
EPISODE {'group': 'online_feedback', 'scenario': 'shock', 'trace': 3, 'cost': 17.981666666666666, 'downstream_backlog': 10.815, 'generation_events': 4, 'episode_http': 10, 'notification_period': 75}
ONLINE_DRAFT_COMPLETED
