Gym has been unmaintained since 2022 and does not support NumPy 2.0 amongst other critical functionality.
Please upgrade to Gymnasium, the maintained drop-in replacement of Gym, or contact the authors of your software and request that they upgrade.
Users of this version of Gym should be able to simply replace 'import gym' with 'import gymnasium as gym' in the vast majority of cases.
See the migration guide at https://gymnasium.farama.org/introduction/migration_guide/ for additional information.
share_observation_space:  [Box(-inf, inf, (21,), float32), Box(-inf, inf, (21,), float32), Box(-inf, inf, (21,), float32)]
observation_space:  [Box(-inf, inf, (7,), float32), Box(-inf, inf, (7,), float32), Box(-inf, inf, (7,), float32)]
action_space:  [Discrete(21), Discrete(21), Discrete(21)]
EPISODE {'group': 'happo', 'scenario': 'base', 'trace': 0, 'cost': 12.575, 'downstream_backlog': 1.035, 'generation_events': 0, 'episode_http': 0, 'notification_period': None}
EPISODE {'group': 'happo', 'scenario': 'base', 'trace': 1, 'cost': 18.795, 'downstream_backlog': 40.095, 'generation_events': 0, 'episode_http': 0, 'notification_period': None}
EPISODE {'group': 'happo', 'scenario': 'base', 'trace': 2, 'cost': 22.106666666666666, 'downstream_backlog': 14.18, 'generation_events': 0, 'episode_http': 0, 'notification_period': None}
EPISODE {'group': 'happo', 'scenario': 'base', 'trace': 3, 'cost': 11.615, 'downstream_backlog': 1.04, 'generation_events': 0, 'episode_http': 0, 'notification_period': None}
EPISODE {'group': 'happo', 'scenario': 'shock', 'trace': 0, 'cost': 13.6, 'downstream_backlog': 1.185, 'generation_events': 0, 'episode_http': 0, 'notification_period': 87}
EPISODE {'group': 'happo', 'scenario': 'shock', 'trace': 1, 'cost': 22.186666666666667, 'downstream_backlog': 47.99, 'generation_events': 0, 'episode_http': 0, 'notification_period': 77}
EPISODE {'group': 'happo', 'scenario': 'shock', 'trace': 2, 'cost': 21.805, 'downstream_backlog': 15.48, 'generation_events': 0, 'episode_http': 0, 'notification_period': 82}
EPISODE {'group': 'happo', 'scenario': 'shock', 'trace': 3, 'cost': 27.223333333333333, 'downstream_backlog': 3.645, 'generation_events': 0, 'episode_http': 0, 'notification_period': 87}
share_observation_space:  [Box(-inf, inf, (21,), float32), Box(-inf, inf, (21,), float32), Box(-inf, inf, (21,), float32)]
observation_space:  [Box(-inf, inf, (7,), float32), Box(-inf, inf, (7,), float32), Box(-inf, inf, (7,), float32)]
action_space:  [Discrete(21), Discrete(21), Discrete(21)]
EPISODE {'group': 'ippo', 'scenario': 'base', 'trace': 0, 'cost': 9.911666666666667, 'downstream_backlog': 0.975, 'generation_events': 0, 'episode_http': 0, 'notification_period': None}
EPISODE {'group': 'ippo', 'scenario': 'base', 'trace': 1, 'cost': 28.025, 'downstream_backlog': 40.725, 'generation_events': 0, 'episode_http': 0, 'notification_period': None}
EPISODE {'group': 'ippo', 'scenario': 'base', 'trace': 2, 'cost': 18.036666666666665, 'downstream_backlog': 8.69, 'generation_events': 0, 'episode_http': 0, 'notification_period': None}
EPISODE {'group': 'ippo', 'scenario': 'base', 'trace': 3, 'cost': 12.518333333333333, 'downstream_backlog': 1.96, 'generation_events': 0, 'episode_http': 0, 'notification_period': None}
EPISODE {'group': 'ippo', 'scenario': 'shock', 'trace': 0, 'cost': 13.3, 'downstream_backlog': 1.8, 'generation_events': 0, 'episode_http': 0, 'notification_period': 87}
EPISODE {'group': 'ippo', 'scenario': 'shock', 'trace': 1, 'cost': 28.625, 'downstream_backlog': 43.625, 'generation_events': 0, 'episode_http': 0, 'notification_period': 77}
EPISODE {'group': 'ippo', 'scenario': 'shock', 'trace': 2, 'cost': 20.698333333333334, 'downstream_backlog': 16.195, 'generation_events': 0, 'episode_http': 0, 'notification_period': 82}
EPISODE {'group': 'ippo', 'scenario': 'shock', 'trace': 3, 'cost': 33.12833333333333, 'downstream_backlog': 4.805, 'generation_events': 0, 'episode_http': 0, 'notification_period': 87}
share_observation_space:  [Box(-inf, inf, (21,), float32), Box(-inf, inf, (21,), float32), Box(-inf, inf, (21,), float32)]
observation_space:  [Box(-inf, inf, (7,), float32), Box(-inf, inf, (7,), float32), Box(-inf, inf, (7,), float32)]
action_space:  [Discrete(21), Discrete(21), Discrete(21)]
EPISODE {'group': 'online_feedback', 'scenario': 'base', 'trace': 0, 'cost': 12.575, 'downstream_backlog': 1.035, 'generation_events': 0, 'episode_http': 0, 'notification_period': None}
EPISODE {'group': 'online_feedback', 'scenario': 'base', 'trace': 1, 'cost': 18.795, 'downstream_backlog': 40.095, 'generation_events': 0, 'episode_http': 0, 'notification_period': None}
EPISODE {'group': 'online_feedback', 'scenario': 'base', 'trace': 2, 'cost': 22.106666666666666, 'downstream_backlog': 14.18, 'generation_events': 0, 'episode_http': 0, 'notification_period': None}
EPISODE {'group': 'online_feedback', 'scenario': 'base', 'trace': 3, 'cost': 11.615, 'downstream_backlog': 1.04, 'generation_events': 0, 'episode_http': 0, 'notification_period': None}
EPISODE {'group': 'online_feedback', 'scenario': 'shock', 'trace': 0, 'cost': 13.565, 'downstream_backlog': 1.185, 'generation_events': 4, 'episode_http': 9, 'notification_period': 87}
EPISODE {'group': 'online_feedback', 'scenario': 'shock', 'trace': 1, 'cost': 20.32, 'downstream_backlog': 42.98, 'generation_events': 4, 'episode_http': 8, 'notification_period': 77}
EPISODE {'group': 'online_feedback', 'scenario': 'shock', 'trace': 2, 'cost': 21.768333333333334, 'downstream_backlog': 15.47, 'generation_events': 4, 'episode_http': 8, 'notification_period': 82}
EPISODE {'group': 'online_feedback', 'scenario': 'shock', 'trace': 3, 'cost': 27.223333333333333, 'downstream_backlog': 3.645, 'generation_events': 4, 'episode_http': 8, 'notification_period': 87}
ONLINE_DRAFT_COMPLETED
