Gym has been unmaintained since 2022 and does not support NumPy 2.0 amongst other critical functionality.
Please upgrade to Gymnasium, the maintained drop-in replacement of Gym, or contact the authors of your software and request that they upgrade.
Users of this version of Gym should be able to simply replace 'import gym' with 'import gymnasium as gym' in the vast majority of cases.
See the migration guide at https://gymnasium.farama.org/introduction/migration_guide/ for additional information.
share_observation_space:  [Box(-inf, inf, (21,), float32), Box(-inf, inf, (21,), float32), Box(-inf, inf, (21,), float32)]
observation_space:  [Box(-inf, inf, (7,), float32), Box(-inf, inf, (7,), float32), Box(-inf, inf, (7,), float32)]
action_space:  [Discrete(21), Discrete(21), Discrete(21)]
EPISODE {'group': 'happo', 'scenario': 'base', 'trace': 0, 'cost': 15.455, 'downstream_backlog': 3.38, 'generation_events': 0, 'episode_http': 0, 'notification_period': None}
EPISODE {'group': 'happo', 'scenario': 'base', 'trace': 1, 'cost': 13.06, 'downstream_backlog': 2.775, 'generation_events': 0, 'episode_http': 0, 'notification_period': None}
EPISODE {'group': 'happo', 'scenario': 'base', 'trace': 2, 'cost': 11.691666666666666, 'downstream_backlog': 1.185, 'generation_events': 0, 'episode_http': 0, 'notification_period': None}
EPISODE {'group': 'happo', 'scenario': 'base', 'trace': 3, 'cost': 17.361666666666668, 'downstream_backlog': 9.175, 'generation_events': 0, 'episode_http': 0, 'notification_period': None}
EPISODE {'group': 'happo', 'scenario': 'shock', 'trace': 0, 'cost': 12.725, 'downstream_backlog': 3.33, 'generation_events': 0, 'episode_http': 0, 'notification_period': 89}
EPISODE {'group': 'happo', 'scenario': 'shock', 'trace': 1, 'cost': 12.913333333333334, 'downstream_backlog': 3.155, 'generation_events': 0, 'episode_http': 0, 'notification_period': 79}
EPISODE {'group': 'happo', 'scenario': 'shock', 'trace': 2, 'cost': 12.598333333333333, 'downstream_backlog': 1.22, 'generation_events': 0, 'episode_http': 0, 'notification_period': 84}
EPISODE {'group': 'happo', 'scenario': 'shock', 'trace': 3, 'cost': 22.423333333333332, 'downstream_backlog': 10.58, 'generation_events': 0, 'episode_http': 0, 'notification_period': 89}
share_observation_space:  [Box(-inf, inf, (21,), float32), Box(-inf, inf, (21,), float32), Box(-inf, inf, (21,), float32)]
observation_space:  [Box(-inf, inf, (7,), float32), Box(-inf, inf, (7,), float32), Box(-inf, inf, (7,), float32)]
action_space:  [Discrete(21), Discrete(21), Discrete(21)]
EPISODE {'group': 'ippo', 'scenario': 'base', 'trace': 0, 'cost': 19.838333333333335, 'downstream_backlog': 1.33, 'generation_events': 0, 'episode_http': 0, 'notification_period': None}
EPISODE {'group': 'ippo', 'scenario': 'base', 'trace': 1, 'cost': 17.961666666666666, 'downstream_backlog': 1.645, 'generation_events': 0, 'episode_http': 0, 'notification_period': None}
EPISODE {'group': 'ippo', 'scenario': 'base', 'trace': 2, 'cost': 13.186666666666667, 'downstream_backlog': 0.49, 'generation_events': 0, 'episode_http': 0, 'notification_period': None}
EPISODE {'group': 'ippo', 'scenario': 'base', 'trace': 3, 'cost': 17.935, 'downstream_backlog': 2.115, 'generation_events': 0, 'episode_http': 0, 'notification_period': None}
EPISODE {'group': 'ippo', 'scenario': 'shock', 'trace': 0, 'cost': 20.025, 'downstream_backlog': 1.3, 'generation_events': 0, 'episode_http': 0, 'notification_period': 89}
EPISODE {'group': 'ippo', 'scenario': 'shock', 'trace': 1, 'cost': 18.55, 'downstream_backlog': 2.06, 'generation_events': 0, 'episode_http': 0, 'notification_period': 79}
EPISODE {'group': 'ippo', 'scenario': 'shock', 'trace': 2, 'cost': 22.256666666666668, 'downstream_backlog': 0.59, 'generation_events': 0, 'episode_http': 0, 'notification_period': 84}
EPISODE {'group': 'ippo', 'scenario': 'shock', 'trace': 3, 'cost': 21.958333333333332, 'downstream_backlog': 2.46, 'generation_events': 0, 'episode_http': 0, 'notification_period': 89}
share_observation_space:  [Box(-inf, inf, (21,), float32), Box(-inf, inf, (21,), float32), Box(-inf, inf, (21,), float32)]
observation_space:  [Box(-inf, inf, (7,), float32), Box(-inf, inf, (7,), float32), Box(-inf, inf, (7,), float32)]
action_space:  [Discrete(21), Discrete(21), Discrete(21)]
EPISODE {'group': 'online_feedback', 'scenario': 'base', 'trace': 0, 'cost': 15.455, 'downstream_backlog': 3.38, 'generation_events': 0, 'episode_http': 0, 'notification_period': None}
EPISODE {'group': 'online_feedback', 'scenario': 'base', 'trace': 1, 'cost': 13.06, 'downstream_backlog': 2.775, 'generation_events': 0, 'episode_http': 0, 'notification_period': None}
EPISODE {'group': 'online_feedback', 'scenario': 'base', 'trace': 2, 'cost': 11.691666666666666, 'downstream_backlog': 1.185, 'generation_events': 0, 'episode_http': 0, 'notification_period': None}
EPISODE {'group': 'online_feedback', 'scenario': 'base', 'trace': 3, 'cost': 17.361666666666668, 'downstream_backlog': 9.175, 'generation_events': 0, 'episode_http': 0, 'notification_period': None}
EPISODE {'group': 'online_feedback', 'scenario': 'shock', 'trace': 0, 'cost': 11.758333333333333, 'downstream_backlog': 3.31, 'generation_events': 4, 'episode_http': 8, 'notification_period': 89}
EPISODE {'group': 'online_feedback', 'scenario': 'shock', 'trace': 1, 'cost': 12.913333333333334, 'downstream_backlog': 3.155, 'generation_events': 4, 'episode_http': 9, 'notification_period': 79}
EPISODE {'group': 'online_feedback', 'scenario': 'shock', 'trace': 2, 'cost': 13.256666666666666, 'downstream_backlog': 0.73, 'generation_events': 4, 'episode_http': 10, 'notification_period': 84}
EPISODE {'group': 'online_feedback', 'scenario': 'shock', 'trace': 3, 'cost': 22.911666666666665, 'downstream_backlog': 10.58, 'generation_events': 4, 'episode_http': 9, 'notification_period': 89}
ONLINE_DRAFT_COMPLETED
