Gym has been unmaintained since 2022 and does not support NumPy 2.0 amongst other critical functionality.
Please upgrade to Gymnasium, the maintained drop-in replacement of Gym, or contact the authors of your software and request that they upgrade.
Users of this version of Gym should be able to simply replace 'import gym' with 'import gymnasium as gym' in the vast majority of cases.
See the migration guide at https://gymnasium.farama.org/introduction/migration_guide/ for additional information.
share_observation_space:  [Box(-inf, inf, (21,), float32), Box(-inf, inf, (21,), float32), Box(-inf, inf, (21,), float32)]
observation_space:  [Box(-inf, inf, (7,), float32), Box(-inf, inf, (7,), float32), Box(-inf, inf, (7,), float32)]
action_space:  [Discrete(21), Discrete(21), Discrete(21)]
EPISODE {'group': 'happo', 'scenario': 'base', 'trace': 0, 'cost': 17.87, 'downstream_backlog': 5.77, 'generation_events': 0, 'episode_http': 0, 'notification_period': None}
EPISODE {'group': 'happo', 'scenario': 'base', 'trace': 1, 'cost': 17.39, 'downstream_backlog': 8.465, 'generation_events': 0, 'episode_http': 0, 'notification_period': None}
EPISODE {'group': 'happo', 'scenario': 'base', 'trace': 2, 'cost': 10.62, 'downstream_backlog': 1.04, 'generation_events': 0, 'episode_http': 0, 'notification_period': None}
EPISODE {'group': 'happo', 'scenario': 'base', 'trace': 3, 'cost': 18.635, 'downstream_backlog': 12.72, 'generation_events': 0, 'episode_http': 0, 'notification_period': None}
EPISODE {'group': 'happo', 'scenario': 'shock', 'trace': 0, 'cost': 20.078333333333333, 'downstream_backlog': 14.555, 'generation_events': 0, 'episode_http': 0, 'notification_period': 75}
EPISODE {'group': 'happo', 'scenario': 'shock', 'trace': 1, 'cost': 18.405, 'downstream_backlog': 12.505, 'generation_events': 0, 'episode_http': 0, 'notification_period': 65}
EPISODE {'group': 'happo', 'scenario': 'shock', 'trace': 2, 'cost': 10.886666666666667, 'downstream_backlog': 1.57, 'generation_events': 0, 'episode_http': 0, 'notification_period': 70}
EPISODE {'group': 'happo', 'scenario': 'shock', 'trace': 3, 'cost': 19.435, 'downstream_backlog': 13.91, 'generation_events': 0, 'episode_http': 0, 'notification_period': 75}
share_observation_space:  [Box(-inf, inf, (21,), float32), Box(-inf, inf, (21,), float32), Box(-inf, inf, (21,), float32)]
observation_space:  [Box(-inf, inf, (7,), float32), Box(-inf, inf, (7,), float32), Box(-inf, inf, (7,), float32)]
action_space:  [Discrete(21), Discrete(21), Discrete(21)]
EPISODE {'group': 'ippo', 'scenario': 'base', 'trace': 0, 'cost': 24.086666666666666, 'downstream_backlog': 3.07, 'generation_events': 0, 'episode_http': 0, 'notification_period': None}
EPISODE {'group': 'ippo', 'scenario': 'base', 'trace': 1, 'cost': 17.813333333333333, 'downstream_backlog': 5.18, 'generation_events': 0, 'episode_http': 0, 'notification_period': None}
EPISODE {'group': 'ippo', 'scenario': 'base', 'trace': 2, 'cost': 17.661666666666665, 'downstream_backlog': 2.245, 'generation_events': 0, 'episode_http': 0, 'notification_period': None}
EPISODE {'group': 'ippo', 'scenario': 'base', 'trace': 3, 'cost': 20.493333333333332, 'downstream_backlog': 8.735, 'generation_events': 0, 'episode_http': 0, 'notification_period': None}
EPISODE {'group': 'ippo', 'scenario': 'shock', 'trace': 0, 'cost': 22.596666666666668, 'downstream_backlog': 4.865, 'generation_events': 0, 'episode_http': 0, 'notification_period': 75}
EPISODE {'group': 'ippo', 'scenario': 'shock', 'trace': 1, 'cost': 18.081666666666667, 'downstream_backlog': 5.265, 'generation_events': 0, 'episode_http': 0, 'notification_period': 65}
EPISODE {'group': 'ippo', 'scenario': 'shock', 'trace': 2, 'cost': 16.55, 'downstream_backlog': 1.92, 'generation_events': 0, 'episode_http': 0, 'notification_period': 70}
EPISODE {'group': 'ippo', 'scenario': 'shock', 'trace': 3, 'cost': 26.016666666666666, 'downstream_backlog': 10.54, 'generation_events': 0, 'episode_http': 0, 'notification_period': 75}
share_observation_space:  [Box(-inf, inf, (21,), float32), Box(-inf, inf, (21,), float32), Box(-inf, inf, (21,), float32)]
observation_space:  [Box(-inf, inf, (7,), float32), Box(-inf, inf, (7,), float32), Box(-inf, inf, (7,), float32)]
action_space:  [Discrete(21), Discrete(21), Discrete(21)]
EPISODE {'group': 'online_feedback', 'scenario': 'base', 'trace': 0, 'cost': 17.87, 'downstream_backlog': 5.77, 'generation_events': 0, 'episode_http': 0, 'notification_period': None}
EPISODE {'group': 'online_feedback', 'scenario': 'base', 'trace': 1, 'cost': 17.39, 'downstream_backlog': 8.465, 'generation_events': 0, 'episode_http': 0, 'notification_period': None}
EPISODE {'group': 'online_feedback', 'scenario': 'base', 'trace': 2, 'cost': 10.62, 'downstream_backlog': 1.04, 'generation_events': 0, 'episode_http': 0, 'notification_period': None}
EPISODE {'group': 'online_feedback', 'scenario': 'base', 'trace': 3, 'cost': 18.635, 'downstream_backlog': 12.72, 'generation_events': 0, 'episode_http': 0, 'notification_period': None}
EPISODE {'group': 'online_feedback', 'scenario': 'shock', 'trace': 0, 'cost': 20.551666666666666, 'downstream_backlog': 14.92, 'generation_events': 4, 'episode_http': 9, 'notification_period': 75}
EPISODE {'group': 'online_feedback', 'scenario': 'shock', 'trace': 1, 'cost': 14.028333333333334, 'downstream_backlog': 7.315, 'generation_events': 4, 'episode_http': 8, 'notification_period': 65}
EPISODE {'group': 'online_feedback', 'scenario': 'shock', 'trace': 2, 'cost': 11.593333333333334, 'downstream_backlog': 1.305, 'generation_events': 4, 'episode_http': 8, 'notification_period': 70}
EPISODE {'group': 'online_feedback', 'scenario': 'shock', 'trace': 3, 'cost': 19.435, 'downstream_backlog': 13.91, 'generation_events': 4, 'episode_http': 8, 'notification_period': 75}
ONLINE_DRAFT_COMPLETED
