Gym has been unmaintained since 2022 and does not support NumPy 2.0 amongst other critical functionality.
Please upgrade to Gymnasium, the maintained drop-in replacement of Gym, or contact the authors of your software and request that they upgrade.
Users of this version of Gym should be able to simply replace 'import gym' with 'import gymnasium as gym' in the vast majority of cases.
See the migration guide at https://gymnasium.farama.org/introduction/migration_guide/ for additional information.
share_observation_space:  [Box(-inf, inf, (21,), float32), Box(-inf, inf, (21,), float32), Box(-inf, inf, (21,), float32)]
observation_space:  [Box(-inf, inf, (7,), float32), Box(-inf, inf, (7,), float32), Box(-inf, inf, (7,), float32)]
action_space:  [Discrete(21), Discrete(21), Discrete(21)]
EPISODE {'group': 'happo', 'scenario': 'base', 'trace': 0, 'cost': 15.776666666666667, 'downstream_backlog': 0.245, 'generation_events': 0, 'episode_http': 0, 'notification_period': None}
EPISODE {'group': 'happo', 'scenario': 'base', 'trace': 1, 'cost': 37.86, 'downstream_backlog': 99.41, 'generation_events': 0, 'episode_http': 0, 'notification_period': None}
EPISODE {'group': 'happo', 'scenario': 'base', 'trace': 2, 'cost': 16.698333333333334, 'downstream_backlog': 8.525, 'generation_events': 0, 'episode_http': 0, 'notification_period': None}
EPISODE {'group': 'happo', 'scenario': 'base', 'trace': 3, 'cost': 15.555, 'downstream_backlog': 0.26, 'generation_events': 0, 'episode_http': 0, 'notification_period': None}
EPISODE {'group': 'happo', 'scenario': 'shock', 'trace': 0, 'cost': 11.95, 'downstream_backlog': 0.37, 'generation_events': 0, 'episode_http': 0, 'notification_period': 87}
EPISODE {'group': 'happo', 'scenario': 'shock', 'trace': 1, 'cost': 41.92, 'downstream_backlog': 111.59, 'generation_events': 0, 'episode_http': 0, 'notification_period': 77}
EPISODE {'group': 'happo', 'scenario': 'shock', 'trace': 2, 'cost': 19.22, 'downstream_backlog': 19.015, 'generation_events': 0, 'episode_http': 0, 'notification_period': 82}
EPISODE {'group': 'happo', 'scenario': 'shock', 'trace': 3, 'cost': 28.031666666666666, 'downstream_backlog': 2.33, 'generation_events': 0, 'episode_http': 0, 'notification_period': 87}
share_observation_space:  [Box(-inf, inf, (21,), float32), Box(-inf, inf, (21,), float32), Box(-inf, inf, (21,), float32)]
observation_space:  [Box(-inf, inf, (7,), float32), Box(-inf, inf, (7,), float32), Box(-inf, inf, (7,), float32)]
action_space:  [Discrete(21), Discrete(21), Discrete(21)]
EPISODE {'group': 'ippo', 'scenario': 'base', 'trace': 0, 'cost': 13.011666666666667, 'downstream_backlog': 1.805, 'generation_events': 0, 'episode_http': 0, 'notification_period': None}
EPISODE {'group': 'ippo', 'scenario': 'base', 'trace': 1, 'cost': 34.626666666666665, 'downstream_backlog': 62.425, 'generation_events': 0, 'episode_http': 0, 'notification_period': None}
EPISODE {'group': 'ippo', 'scenario': 'base', 'trace': 2, 'cost': 17.18, 'downstream_backlog': 6.685, 'generation_events': 0, 'episode_http': 0, 'notification_period': None}
EPISODE {'group': 'ippo', 'scenario': 'base', 'trace': 3, 'cost': 15.071666666666667, 'downstream_backlog': 1.72, 'generation_events': 0, 'episode_http': 0, 'notification_period': None}
EPISODE {'group': 'ippo', 'scenario': 'shock', 'trace': 0, 'cost': 13.228333333333333, 'downstream_backlog': 1.42, 'generation_events': 0, 'episode_http': 0, 'notification_period': 87}
EPISODE {'group': 'ippo', 'scenario': 'shock', 'trace': 1, 'cost': 37.83, 'downstream_backlog': 72.43, 'generation_events': 0, 'episode_http': 0, 'notification_period': 77}
EPISODE {'group': 'ippo', 'scenario': 'shock', 'trace': 2, 'cost': 21.235, 'downstream_backlog': 13.265, 'generation_events': 0, 'episode_http': 0, 'notification_period': 82}
EPISODE {'group': 'ippo', 'scenario': 'shock', 'trace': 3, 'cost': 45.718333333333334, 'downstream_backlog': 4.17, 'generation_events': 0, 'episode_http': 0, 'notification_period': 87}
share_observation_space:  [Box(-inf, inf, (21,), float32), Box(-inf, inf, (21,), float32), Box(-inf, inf, (21,), float32)]
observation_space:  [Box(-inf, inf, (7,), float32), Box(-inf, inf, (7,), float32), Box(-inf, inf, (7,), float32)]
action_space:  [Discrete(21), Discrete(21), Discrete(21)]
EPISODE {'group': 'online_feedback', 'scenario': 'base', 'trace': 0, 'cost': 15.776666666666667, 'downstream_backlog': 0.245, 'generation_events': 0, 'episode_http': 0, 'notification_period': None}
EPISODE {'group': 'online_feedback', 'scenario': 'base', 'trace': 1, 'cost': 37.86, 'downstream_backlog': 99.41, 'generation_events': 0, 'episode_http': 0, 'notification_period': None}
EPISODE {'group': 'online_feedback', 'scenario': 'base', 'trace': 2, 'cost': 16.698333333333334, 'downstream_backlog': 8.525, 'generation_events': 0, 'episode_http': 0, 'notification_period': None}
EPISODE {'group': 'online_feedback', 'scenario': 'base', 'trace': 3, 'cost': 15.555, 'downstream_backlog': 0.26, 'generation_events': 0, 'episode_http': 0, 'notification_period': None}
EPISODE {'group': 'online_feedback', 'scenario': 'shock', 'trace': 0, 'cost': 11.95, 'downstream_backlog': 0.37, 'generation_events': 4, 'episode_http': 9, 'notification_period': 87}
EPISODE {'group': 'online_feedback', 'scenario': 'shock', 'trace': 1, 'cost': 41.92, 'downstream_backlog': 111.59, 'generation_events': 4, 'episode_http': 8, 'notification_period': 77}
EPISODE {'group': 'online_feedback', 'scenario': 'shock', 'trace': 2, 'cost': 19.463333333333335, 'downstream_backlog': 19.06, 'generation_events': 4, 'episode_http': 8, 'notification_period': 82}
EPISODE {'group': 'online_feedback', 'scenario': 'shock', 'trace': 3, 'cost': 23.238333333333333, 'downstream_backlog': 2.31, 'generation_events': 4, 'episode_http': 8, 'notification_period': 87}
ONLINE_DRAFT_COMPLETED
