Gym has been unmaintained since 2022 and does not support NumPy 2.0 amongst other critical functionality.
Please upgrade to Gymnasium, the maintained drop-in replacement of Gym, or contact the authors of your software and request that they upgrade.
Users of this version of Gym should be able to simply replace 'import gym' with 'import gymnasium as gym' in the vast majority of cases.
See the migration guide at https://gymnasium.farama.org/introduction/migration_guide/ for additional information.
share_observation_space:  [Box(-inf, inf, (21,), float32), Box(-inf, inf, (21,), float32), Box(-inf, inf, (21,), float32)]
observation_space:  [Box(-inf, inf, (7,), float32), Box(-inf, inf, (7,), float32), Box(-inf, inf, (7,), float32)]
action_space:  [Discrete(21), Discrete(21), Discrete(21)]
EPISODE {'group': 'happo', 'scenario': 'base', 'trace': 0, 'cost': 22.0, 'downstream_backlog': 38.355, 'generation_events': 0, 'episode_http': 0, 'notification_period': None}
EPISODE {'group': 'happo', 'scenario': 'base', 'trace': 1, 'cost': 20.346666666666668, 'downstream_backlog': 18.275, 'generation_events': 0, 'episode_http': 0, 'notification_period': None}
EPISODE {'group': 'happo', 'scenario': 'base', 'trace': 2, 'cost': 11.33, 'downstream_backlog': 2.925, 'generation_events': 0, 'episode_http': 0, 'notification_period': None}
EPISODE {'group': 'happo', 'scenario': 'base', 'trace': 3, 'cost': 14.968333333333334, 'downstream_backlog': 6.49, 'generation_events': 0, 'episode_http': 0, 'notification_period': None}
EPISODE {'group': 'happo', 'scenario': 'shock', 'trace': 0, 'cost': 18.665, 'downstream_backlog': 28.42, 'generation_events': 0, 'episode_http': 0, 'notification_period': 73}
EPISODE {'group': 'happo', 'scenario': 'shock', 'trace': 1, 'cost': 21.81, 'downstream_backlog': 25.665, 'generation_events': 0, 'episode_http': 0, 'notification_period': 63}
EPISODE {'group': 'happo', 'scenario': 'shock', 'trace': 2, 'cost': 20.013333333333332, 'downstream_backlog': 8.155, 'generation_events': 0, 'episode_http': 0, 'notification_period': 68}
EPISODE {'group': 'happo', 'scenario': 'shock', 'trace': 3, 'cost': 28.483333333333334, 'downstream_backlog': 15.965, 'generation_events': 0, 'episode_http': 0, 'notification_period': 73}
share_observation_space:  [Box(-inf, inf, (21,), float32), Box(-inf, inf, (21,), float32), Box(-inf, inf, (21,), float32)]
observation_space:  [Box(-inf, inf, (7,), float32), Box(-inf, inf, (7,), float32), Box(-inf, inf, (7,), float32)]
action_space:  [Discrete(21), Discrete(21), Discrete(21)]
EPISODE {'group': 'ippo', 'scenario': 'base', 'trace': 0, 'cost': 33.48833333333334, 'downstream_backlog': 29.31, 'generation_events': 0, 'episode_http': 0, 'notification_period': None}
EPISODE {'group': 'ippo', 'scenario': 'base', 'trace': 1, 'cost': 18.205, 'downstream_backlog': 4.525, 'generation_events': 0, 'episode_http': 0, 'notification_period': None}
EPISODE {'group': 'ippo', 'scenario': 'base', 'trace': 2, 'cost': 19.215, 'downstream_backlog': 1.62, 'generation_events': 0, 'episode_http': 0, 'notification_period': None}
EPISODE {'group': 'ippo', 'scenario': 'base', 'trace': 3, 'cost': 19.101666666666667, 'downstream_backlog': 4.525, 'generation_events': 0, 'episode_http': 0, 'notification_period': None}
EPISODE {'group': 'ippo', 'scenario': 'shock', 'trace': 0, 'cost': 36.55166666666667, 'downstream_backlog': 38.48, 'generation_events': 0, 'episode_http': 0, 'notification_period': 73}
EPISODE {'group': 'ippo', 'scenario': 'shock', 'trace': 1, 'cost': 20.256666666666668, 'downstream_backlog': 9.775, 'generation_events': 0, 'episode_http': 0, 'notification_period': 63}
EPISODE {'group': 'ippo', 'scenario': 'shock', 'trace': 2, 'cost': 31.048333333333332, 'downstream_backlog': 4.16, 'generation_events': 0, 'episode_http': 0, 'notification_period': 68}
EPISODE {'group': 'ippo', 'scenario': 'shock', 'trace': 3, 'cost': 27.895, 'downstream_backlog': 10.07, 'generation_events': 0, 'episode_http': 0, 'notification_period': 73}
share_observation_space:  [Box(-inf, inf, (21,), float32), Box(-inf, inf, (21,), float32), Box(-inf, inf, (21,), float32)]
observation_space:  [Box(-inf, inf, (7,), float32), Box(-inf, inf, (7,), float32), Box(-inf, inf, (7,), float32)]
action_space:  [Discrete(21), Discrete(21), Discrete(21)]
EPISODE {'group': 'online_feedback', 'scenario': 'base', 'trace': 0, 'cost': 22.0, 'downstream_backlog': 38.355, 'generation_events': 0, 'episode_http': 0, 'notification_period': None}
EPISODE {'group': 'online_feedback', 'scenario': 'base', 'trace': 1, 'cost': 20.346666666666668, 'downstream_backlog': 18.275, 'generation_events': 0, 'episode_http': 0, 'notification_period': None}
EPISODE {'group': 'online_feedback', 'scenario': 'base', 'trace': 2, 'cost': 11.33, 'downstream_backlog': 2.925, 'generation_events': 0, 'episode_http': 0, 'notification_period': None}
EPISODE {'group': 'online_feedback', 'scenario': 'base', 'trace': 3, 'cost': 14.968333333333334, 'downstream_backlog': 6.49, 'generation_events': 0, 'episode_http': 0, 'notification_period': None}
EPISODE {'group': 'online_feedback', 'scenario': 'shock', 'trace': 0, 'cost': 14.733333333333333, 'downstream_backlog': 17.72, 'generation_events': 4, 'episode_http': 9, 'notification_period': 73}
EPISODE {'group': 'online_feedback', 'scenario': 'shock', 'trace': 1, 'cost': 20.546666666666667, 'downstream_backlog': 22.555, 'generation_events': 4, 'episode_http': 8, 'notification_period': 63}
EPISODE {'group': 'online_feedback', 'scenario': 'shock', 'trace': 2, 'cost': 19.085, 'downstream_backlog': 8.05, 'generation_events': 4, 'episode_http': 8, 'notification_period': 68}
EPISODE {'group': 'online_feedback', 'scenario': 'shock', 'trace': 3, 'cost': 27.588333333333335, 'downstream_backlog': 14.715, 'generation_events': 4, 'episode_http': 9, 'notification_period': 73}
ONLINE_DRAFT_COMPLETED
