Gym has been unmaintained since 2022 and does not support NumPy 2.0 amongst other critical functionality.
Please upgrade to Gymnasium, the maintained drop-in replacement of Gym, or contact the authors of your software and request that they upgrade.
Users of this version of Gym should be able to simply replace 'import gym' with 'import gymnasium as gym' in the vast majority of cases.
See the migration guide at https://gymnasium.farama.org/introduction/migration_guide/ for additional information.
share_observation_space:  [Box(-inf, inf, (21,), float32), Box(-inf, inf, (21,), float32), Box(-inf, inf, (21,), float32)]
observation_space:  [Box(-inf, inf, (7,), float32), Box(-inf, inf, (7,), float32), Box(-inf, inf, (7,), float32)]
action_space:  [Discrete(21), Discrete(21), Discrete(21)]
EPISODE {'group': 'happo', 'scenario': 'base', 'trace': 0, 'cost': 20.89, 'downstream_backlog': 14.51, 'generation_events': 0, 'episode_http': 0, 'notification_period': None}
EPISODE {'group': 'happo', 'scenario': 'base', 'trace': 1, 'cost': 18.963333333333335, 'downstream_backlog': 13.88, 'generation_events': 0, 'episode_http': 0, 'notification_period': None}
EPISODE {'group': 'happo', 'scenario': 'base', 'trace': 2, 'cost': 47.595, 'downstream_backlog': 90.91, 'generation_events': 0, 'episode_http': 0, 'notification_period': None}
EPISODE {'group': 'happo', 'scenario': 'base', 'trace': 3, 'cost': 13.125, 'downstream_backlog': 1.67, 'generation_events': 0, 'episode_http': 0, 'notification_period': None}
EPISODE {'group': 'happo', 'scenario': 'shock', 'trace': 0, 'cost': 24.825, 'downstream_backlog': 29.045, 'generation_events': 0, 'episode_http': 0, 'notification_period': 77}
EPISODE {'group': 'happo', 'scenario': 'shock', 'trace': 1, 'cost': 22.553333333333335, 'downstream_backlog': 21.59, 'generation_events': 0, 'episode_http': 0, 'notification_period': 67}
EPISODE {'group': 'happo', 'scenario': 'shock', 'trace': 2, 'cost': 29.935, 'downstream_backlog': 66.05, 'generation_events': 0, 'episode_http': 0, 'notification_period': 72}
EPISODE {'group': 'happo', 'scenario': 'shock', 'trace': 3, 'cost': 14.856666666666667, 'downstream_backlog': 1.95, 'generation_events': 0, 'episode_http': 0, 'notification_period': 77}
share_observation_space:  [Box(-inf, inf, (21,), float32), Box(-inf, inf, (21,), float32), Box(-inf, inf, (21,), float32)]
observation_space:  [Box(-inf, inf, (7,), float32), Box(-inf, inf, (7,), float32), Box(-inf, inf, (7,), float32)]
action_space:  [Discrete(21), Discrete(21), Discrete(21)]
EPISODE {'group': 'ippo', 'scenario': 'base', 'trace': 0, 'cost': 25.885, 'downstream_backlog': 16.0, 'generation_events': 0, 'episode_http': 0, 'notification_period': None}
EPISODE {'group': 'ippo', 'scenario': 'base', 'trace': 1, 'cost': 19.206666666666667, 'downstream_backlog': 10.25, 'generation_events': 0, 'episode_http': 0, 'notification_period': None}
EPISODE {'group': 'ippo', 'scenario': 'base', 'trace': 2, 'cost': 49.06666666666667, 'downstream_backlog': 104.925, 'generation_events': 0, 'episode_http': 0, 'notification_period': None}
EPISODE {'group': 'ippo', 'scenario': 'base', 'trace': 3, 'cost': 12.936666666666667, 'downstream_backlog': 4.12, 'generation_events': 0, 'episode_http': 0, 'notification_period': None}
EPISODE {'group': 'ippo', 'scenario': 'shock', 'trace': 0, 'cost': 30.39666666666667, 'downstream_backlog': 32.895, 'generation_events': 0, 'episode_http': 0, 'notification_period': 77}
EPISODE {'group': 'ippo', 'scenario': 'shock', 'trace': 1, 'cost': 26.731666666666666, 'downstream_backlog': 34.61, 'generation_events': 0, 'episode_http': 0, 'notification_period': 67}
EPISODE {'group': 'ippo', 'scenario': 'shock', 'trace': 2, 'cost': 43.97666666666667, 'downstream_backlog': 87.88, 'generation_events': 0, 'episode_http': 0, 'notification_period': 72}
EPISODE {'group': 'ippo', 'scenario': 'shock', 'trace': 3, 'cost': 16.488333333333333, 'downstream_backlog': 5.485, 'generation_events': 0, 'episode_http': 0, 'notification_period': 77}
share_observation_space:  [Box(-inf, inf, (21,), float32), Box(-inf, inf, (21,), float32), Box(-inf, inf, (21,), float32)]
observation_space:  [Box(-inf, inf, (7,), float32), Box(-inf, inf, (7,), float32), Box(-inf, inf, (7,), float32)]
action_space:  [Discrete(21), Discrete(21), Discrete(21)]
EPISODE {'group': 'online_feedback', 'scenario': 'base', 'trace': 0, 'cost': 20.89, 'downstream_backlog': 14.51, 'generation_events': 0, 'episode_http': 0, 'notification_period': None}
EPISODE {'group': 'online_feedback', 'scenario': 'base', 'trace': 1, 'cost': 18.963333333333335, 'downstream_backlog': 13.88, 'generation_events': 0, 'episode_http': 0, 'notification_period': None}
EPISODE {'group': 'online_feedback', 'scenario': 'base', 'trace': 2, 'cost': 47.595, 'downstream_backlog': 90.91, 'generation_events': 0, 'episode_http': 0, 'notification_period': None}
EPISODE {'group': 'online_feedback', 'scenario': 'base', 'trace': 3, 'cost': 13.125, 'downstream_backlog': 1.67, 'generation_events': 0, 'episode_http': 0, 'notification_period': None}
EPISODE {'group': 'online_feedback', 'scenario': 'shock', 'trace': 0, 'cost': 22.89, 'downstream_backlog': 29.215, 'generation_events': 4, 'episode_http': 8, 'notification_period': 77}
EPISODE {'group': 'online_feedback', 'scenario': 'shock', 'trace': 1, 'cost': 22.063333333333333, 'downstream_backlog': 20.145, 'generation_events': 4, 'episode_http': 9, 'notification_period': 67}
EPISODE {'group': 'online_feedback', 'scenario': 'shock', 'trace': 2, 'cost': 27.835, 'downstream_backlog': 59.39, 'generation_events': 4, 'episode_http': 8, 'notification_period': 72}
EPISODE {'group': 'online_feedback', 'scenario': 'shock', 'trace': 3, 'cost': 16.971666666666668, 'downstream_backlog': 2.625, 'generation_events': 4, 'episode_http': 8, 'notification_period': 77}
ONLINE_DRAFT_COMPLETED
