Gym has been unmaintained since 2022 and does not support NumPy 2.0 amongst other critical functionality.
Please upgrade to Gymnasium, the maintained drop-in replacement of Gym, or contact the authors of your software and request that they upgrade.
Users of this version of Gym should be able to simply replace 'import gym' with 'import gymnasium as gym' in the vast majority of cases.
See the migration guide at https://gymnasium.farama.org/introduction/migration_guide/ for additional information.
share_observation_space:  [Box(-inf, inf, (21,), float32), Box(-inf, inf, (21,), float32), Box(-inf, inf, (21,), float32)]
observation_space:  [Box(-inf, inf, (7,), float32), Box(-inf, inf, (7,), float32), Box(-inf, inf, (7,), float32)]
action_space:  [Discrete(21), Discrete(21), Discrete(21)]
EPISODE {'group': 'happo', 'scenario': 'base', 'trace': 0, 'cost': 14.093333333333334, 'downstream_backlog': 2.73, 'generation_events': 0, 'episode_http': 0, 'notification_period': None}
EPISODE {'group': 'happo', 'scenario': 'base', 'trace': 1, 'cost': 12.745, 'downstream_backlog': 2.885, 'generation_events': 0, 'episode_http': 0, 'notification_period': None}
EPISODE {'group': 'happo', 'scenario': 'base', 'trace': 2, 'cost': 9.623333333333333, 'downstream_backlog': 0.23, 'generation_events': 0, 'episode_http': 0, 'notification_period': None}
EPISODE {'group': 'happo', 'scenario': 'base', 'trace': 3, 'cost': 15.93, 'downstream_backlog': 7.29, 'generation_events': 0, 'episode_http': 0, 'notification_period': None}
EPISODE {'group': 'happo', 'scenario': 'shock', 'trace': 0, 'cost': 16.876666666666665, 'downstream_backlog': 2.795, 'generation_events': 0, 'episode_http': 0, 'notification_period': 89}
EPISODE {'group': 'happo', 'scenario': 'shock', 'trace': 1, 'cost': 13.716666666666667, 'downstream_backlog': 3.33, 'generation_events': 0, 'episode_http': 0, 'notification_period': 79}
EPISODE {'group': 'happo', 'scenario': 'shock', 'trace': 2, 'cost': 12.373333333333333, 'downstream_backlog': 0.585, 'generation_events': 0, 'episode_http': 0, 'notification_period': 84}
EPISODE {'group': 'happo', 'scenario': 'shock', 'trace': 3, 'cost': 21.898333333333333, 'downstream_backlog': 7.41, 'generation_events': 0, 'episode_http': 0, 'notification_period': 89}
share_observation_space:  [Box(-inf, inf, (21,), float32), Box(-inf, inf, (21,), float32), Box(-inf, inf, (21,), float32)]
observation_space:  [Box(-inf, inf, (7,), float32), Box(-inf, inf, (7,), float32), Box(-inf, inf, (7,), float32)]
action_space:  [Discrete(21), Discrete(21), Discrete(21)]
EPISODE {'group': 'ippo', 'scenario': 'base', 'trace': 0, 'cost': 14.66, 'downstream_backlog': 4.42, 'generation_events': 0, 'episode_http': 0, 'notification_period': None}
EPISODE {'group': 'ippo', 'scenario': 'base', 'trace': 1, 'cost': 14.025, 'downstream_backlog': 2.91, 'generation_events': 0, 'episode_http': 0, 'notification_period': None}
EPISODE {'group': 'ippo', 'scenario': 'base', 'trace': 2, 'cost': 9.853333333333333, 'downstream_backlog': 0.08, 'generation_events': 0, 'episode_http': 0, 'notification_period': None}
EPISODE {'group': 'ippo', 'scenario': 'base', 'trace': 3, 'cost': 22.015, 'downstream_backlog': 8.01, 'generation_events': 0, 'episode_http': 0, 'notification_period': None}
EPISODE {'group': 'ippo', 'scenario': 'shock', 'trace': 0, 'cost': 15.823333333333334, 'downstream_backlog': 5.715, 'generation_events': 0, 'episode_http': 0, 'notification_period': 89}
EPISODE {'group': 'ippo', 'scenario': 'shock', 'trace': 1, 'cost': 14.181666666666667, 'downstream_backlog': 3.19, 'generation_events': 0, 'episode_http': 0, 'notification_period': 79}
EPISODE {'group': 'ippo', 'scenario': 'shock', 'trace': 2, 'cost': 9.306666666666667, 'downstream_backlog': 0.5, 'generation_events': 0, 'episode_http': 0, 'notification_period': 84}
EPISODE {'group': 'ippo', 'scenario': 'shock', 'trace': 3, 'cost': 23.875, 'downstream_backlog': 8.505, 'generation_events': 0, 'episode_http': 0, 'notification_period': 89}
share_observation_space:  [Box(-inf, inf, (21,), float32), Box(-inf, inf, (21,), float32), Box(-inf, inf, (21,), float32)]
observation_space:  [Box(-inf, inf, (7,), float32), Box(-inf, inf, (7,), float32), Box(-inf, inf, (7,), float32)]
action_space:  [Discrete(21), Discrete(21), Discrete(21)]
EPISODE {'group': 'online_feedback', 'scenario': 'base', 'trace': 0, 'cost': 14.093333333333334, 'downstream_backlog': 2.73, 'generation_events': 0, 'episode_http': 0, 'notification_period': None}
EPISODE {'group': 'online_feedback', 'scenario': 'base', 'trace': 1, 'cost': 12.745, 'downstream_backlog': 2.885, 'generation_events': 0, 'episode_http': 0, 'notification_period': None}
EPISODE {'group': 'online_feedback', 'scenario': 'base', 'trace': 2, 'cost': 9.623333333333333, 'downstream_backlog': 0.23, 'generation_events': 0, 'episode_http': 0, 'notification_period': None}
EPISODE {'group': 'online_feedback', 'scenario': 'base', 'trace': 3, 'cost': 15.93, 'downstream_backlog': 7.29, 'generation_events': 0, 'episode_http': 0, 'notification_period': None}
EPISODE {'group': 'online_feedback', 'scenario': 'shock', 'trace': 0, 'cost': 15.788333333333334, 'downstream_backlog': 2.32, 'generation_events': 4, 'episode_http': 9, 'notification_period': 89}
EPISODE {'group': 'online_feedback', 'scenario': 'shock', 'trace': 1, 'cost': 14.32, 'downstream_backlog': 3.515, 'generation_events': 4, 'episode_http': 8, 'notification_period': 79}
EPISODE {'group': 'online_feedback', 'scenario': 'shock', 'trace': 2, 'cost': 11.346666666666666, 'downstream_backlog': 0.53, 'generation_events': 4, 'episode_http': 9, 'notification_period': 84}
EPISODE {'group': 'online_feedback', 'scenario': 'shock', 'trace': 3, 'cost': 21.455, 'downstream_backlog': 6.905, 'generation_events': 4, 'episode_http': 9, 'notification_period': 89}
ONLINE_DRAFT_COMPLETED
