Gym has been unmaintained since 2022 and does not support NumPy 2.0 amongst other critical functionality.
Please upgrade to Gymnasium, the maintained drop-in replacement of Gym, or contact the authors of your software and request that they upgrade.
Users of this version of Gym should be able to simply replace 'import gym' with 'import gymnasium as gym' in the vast majority of cases.
See the migration guide at https://gymnasium.farama.org/introduction/migration_guide/ for additional information.
share_observation_space:  [Box(-inf, inf, (21,), float32), Box(-inf, inf, (21,), float32), Box(-inf, inf, (21,), float32)]
observation_space:  [Box(-inf, inf, (7,), float32), Box(-inf, inf, (7,), float32), Box(-inf, inf, (7,), float32)]
action_space:  [Discrete(21), Discrete(21), Discrete(21)]
EPISODE {'group': 'happo', 'scenario': 'base', 'trace': 0, 'cost': 10.01, 'downstream_backlog': 1.705, 'generation_events': 0, 'episode_http': 0, 'notification_period': None}
EPISODE {'group': 'happo', 'scenario': 'base', 'trace': 1, 'cost': 10.001666666666667, 'downstream_backlog': 0.505, 'generation_events': 0, 'episode_http': 0, 'notification_period': None}
EPISODE {'group': 'happo', 'scenario': 'base', 'trace': 2, 'cost': 25.388333333333332, 'downstream_backlog': 21.4, 'generation_events': 0, 'episode_http': 0, 'notification_period': None}
EPISODE {'group': 'happo', 'scenario': 'base', 'trace': 3, 'cost': 19.24, 'downstream_backlog': 16.545, 'generation_events': 0, 'episode_http': 0, 'notification_period': None}
EPISODE {'group': 'happo', 'scenario': 'shock', 'trace': 0, 'cost': 11.831666666666667, 'downstream_backlog': 2.22, 'generation_events': 0, 'episode_http': 0, 'notification_period': 72}
EPISODE {'group': 'happo', 'scenario': 'shock', 'trace': 1, 'cost': 10.726666666666667, 'downstream_backlog': 0.705, 'generation_events': 0, 'episode_http': 0, 'notification_period': 83}
EPISODE {'group': 'happo', 'scenario': 'shock', 'trace': 2, 'cost': 34.211666666666666, 'downstream_backlog': 35.54, 'generation_events': 0, 'episode_http': 0, 'notification_period': 65}
EPISODE {'group': 'happo', 'scenario': 'shock', 'trace': 3, 'cost': 22.618333333333332, 'downstream_backlog': 21.145, 'generation_events': 0, 'episode_http': 0, 'notification_period': 69}
share_observation_space:  [Box(-inf, inf, (21,), float32), Box(-inf, inf, (21,), float32), Box(-inf, inf, (21,), float32)]
observation_space:  [Box(-inf, inf, (7,), float32), Box(-inf, inf, (7,), float32), Box(-inf, inf, (7,), float32)]
action_space:  [Discrete(21), Discrete(21), Discrete(21)]
EPISODE {'group': 'llm_library', 'scenario': 'base', 'trace': 0, 'cost': 10.01, 'downstream_backlog': 1.705, 'generation_events': 0, 'episode_http': 0, 'notification_period': None}
EPISODE {'group': 'llm_library', 'scenario': 'base', 'trace': 1, 'cost': 10.001666666666667, 'downstream_backlog': 0.505, 'generation_events': 0, 'episode_http': 0, 'notification_period': None}
EPISODE {'group': 'llm_library', 'scenario': 'base', 'trace': 2, 'cost': 25.388333333333332, 'downstream_backlog': 21.4, 'generation_events': 0, 'episode_http': 0, 'notification_period': None}
EPISODE {'group': 'llm_library', 'scenario': 'base', 'trace': 3, 'cost': 19.24, 'downstream_backlog': 16.545, 'generation_events': 0, 'episode_http': 0, 'notification_period': None}
EPISODE {'group': 'llm_library', 'scenario': 'shock', 'trace': 0, 'cost': 11.831666666666667, 'downstream_backlog': 2.22, 'generation_events': 1, 'episode_http': 0, 'notification_period': 72}
EPISODE {'group': 'llm_library', 'scenario': 'shock', 'trace': 1, 'cost': 10.278333333333334, 'downstream_backlog': 0.7, 'generation_events': 1, 'episode_http': 0, 'notification_period': 83}
EPISODE {'group': 'llm_library', 'scenario': 'shock', 'trace': 2, 'cost': 34.20333333333333, 'downstream_backlog': 35.54, 'generation_events': 1, 'episode_http': 0, 'notification_period': 65}
EPISODE {'group': 'llm_library', 'scenario': 'shock', 'trace': 3, 'cost': 22.618333333333332, 'downstream_backlog': 21.145, 'generation_events': 1, 'episode_http': 0, 'notification_period': 69}
share_observation_space:  [Box(-inf, inf, (21,), float32), Box(-inf, inf, (21,), float32), Box(-inf, inf, (21,), float32)]
observation_space:  [Box(-inf, inf, (7,), float32), Box(-inf, inf, (7,), float32), Box(-inf, inf, (7,), float32)]
action_space:  [Discrete(21), Discrete(21), Discrete(21)]
EPISODE {'group': 'online_once', 'scenario': 'base', 'trace': 0, 'cost': 10.01, 'downstream_backlog': 1.705, 'generation_events': 0, 'episode_http': 0, 'notification_period': None}
EPISODE {'group': 'online_once', 'scenario': 'base', 'trace': 1, 'cost': 10.001666666666667, 'downstream_backlog': 0.505, 'generation_events': 0, 'episode_http': 0, 'notification_period': None}
EPISODE {'group': 'online_once', 'scenario': 'base', 'trace': 2, 'cost': 25.388333333333332, 'downstream_backlog': 21.4, 'generation_events': 0, 'episode_http': 0, 'notification_period': None}
EPISODE {'group': 'online_once', 'scenario': 'base', 'trace': 3, 'cost': 19.24, 'downstream_backlog': 16.545, 'generation_events': 0, 'episode_http': 0, 'notification_period': None}
EPISODE {'group': 'online_once', 'scenario': 'shock', 'trace': 0, 'cost': 11.831666666666667, 'downstream_backlog': 2.22, 'generation_events': 1, 'episode_http': 2, 'notification_period': 72}
EPISODE {'group': 'online_once', 'scenario': 'shock', 'trace': 1, 'cost': 10.726666666666667, 'downstream_backlog': 0.705, 'generation_events': 1, 'episode_http': 2, 'notification_period': 83}
EPISODE {'group': 'online_once', 'scenario': 'shock', 'trace': 2, 'cost': 34.14333333333333, 'downstream_backlog': 35.54, 'generation_events': 1, 'episode_http': 2, 'notification_period': 65}
EPISODE {'group': 'online_once', 'scenario': 'shock', 'trace': 3, 'cost': 23.78, 'downstream_backlog': 20.34, 'generation_events': 1, 'episode_http': 2, 'notification_period': 69}
share_observation_space:  [Box(-inf, inf, (21,), float32), Box(-inf, inf, (21,), float32), Box(-inf, inf, (21,), float32)]
observation_space:  [Box(-inf, inf, (7,), float32), Box(-inf, inf, (7,), float32), Box(-inf, inf, (7,), float32)]
action_space:  [Discrete(21), Discrete(21), Discrete(21)]
EPISODE {'group': 'online_feedback', 'scenario': 'base', 'trace': 0, 'cost': 10.01, 'downstream_backlog': 1.705, 'generation_events': 0, 'episode_http': 0, 'notification_period': None}
EPISODE {'group': 'online_feedback', 'scenario': 'base', 'trace': 1, 'cost': 10.001666666666667, 'downstream_backlog': 0.505, 'generation_events': 0, 'episode_http': 0, 'notification_period': None}
EPISODE {'group': 'online_feedback', 'scenario': 'base', 'trace': 2, 'cost': 25.388333333333332, 'downstream_backlog': 21.4, 'generation_events': 0, 'episode_http': 0, 'notification_period': None}
EPISODE {'group': 'online_feedback', 'scenario': 'base', 'trace': 3, 'cost': 19.24, 'downstream_backlog': 16.545, 'generation_events': 0, 'episode_http': 0, 'notification_period': None}
EPISODE {'group': 'online_feedback', 'scenario': 'shock', 'trace': 0, 'cost': 11.445, 'downstream_backlog': 1.68, 'generation_events': 4, 'episode_http': 9, 'notification_period': 72}
EPISODE {'group': 'online_feedback', 'scenario': 'shock', 'trace': 1, 'cost': 10.621666666666666, 'downstream_backlog': 0.645, 'generation_events': 4, 'episode_http': 9, 'notification_period': 83}
EPISODE {'group': 'online_feedback', 'scenario': 'shock', 'trace': 2, 'cost': 34.20333333333333, 'downstream_backlog': 35.54, 'generation_events': 4, 'episode_http': 9, 'notification_period': 65}
EPISODE {'group': 'online_feedback', 'scenario': 'shock', 'trace': 3, 'cost': 24.543333333333333, 'downstream_backlog': 20.57, 'generation_events': 4, 'episode_http': 8, 'notification_period': 69}
share_observation_space:  [Box(-inf, inf, (21,), float32), Box(-inf, inf, (21,), float32), Box(-inf, inf, (21,), float32)]
observation_space:  [Box(-inf, inf, (7,), float32), Box(-inf, inf, (7,), float32), Box(-inf, inf, (7,), float32)]
action_space:  [Discrete(21), Discrete(21), Discrete(21)]
EPISODE {'group': 'random_screen', 'scenario': 'base', 'trace': 0, 'cost': 10.01, 'downstream_backlog': 1.705, 'generation_events': 0, 'episode_http': 0, 'notification_period': None}
EPISODE {'group': 'random_screen', 'scenario': 'base', 'trace': 1, 'cost': 10.001666666666667, 'downstream_backlog': 0.505, 'generation_events': 0, 'episode_http': 0, 'notification_period': None}
EPISODE {'group': 'random_screen', 'scenario': 'base', 'trace': 2, 'cost': 25.388333333333332, 'downstream_backlog': 21.4, 'generation_events': 0, 'episode_http': 0, 'notification_period': None}
EPISODE {'group': 'random_screen', 'scenario': 'base', 'trace': 3, 'cost': 19.24, 'downstream_backlog': 16.545, 'generation_events': 0, 'episode_http': 0, 'notification_period': None}
EPISODE {'group': 'random_screen', 'scenario': 'shock', 'trace': 0, 'cost': 12.383333333333333, 'downstream_backlog': 1.615, 'generation_events': 4, 'episode_http': 0, 'notification_period': 72}
EPISODE {'group': 'random_screen', 'scenario': 'shock', 'trace': 1, 'cost': 10.556666666666667, 'downstream_backlog': 0.66, 'generation_events': 4, 'episode_http': 0, 'notification_period': 83}
EPISODE {'group': 'random_screen', 'scenario': 'shock', 'trace': 2, 'cost': 35.641666666666666, 'downstream_backlog': 38.53, 'generation_events': 4, 'episode_http': 0, 'notification_period': 65}
EPISODE {'group': 'random_screen', 'scenario': 'shock', 'trace': 3, 'cost': 22.673333333333332, 'downstream_backlog': 20.51, 'generation_events': 4, 'episode_http': 0, 'notification_period': 69}
ONLINE_DRAFT_COMPLETED
