Gym has been unmaintained since 2022 and does not support NumPy 2.0 amongst other critical functionality.
Please upgrade to Gymnasium, the maintained drop-in replacement of Gym, or contact the authors of your software and request that they upgrade.
Users of this version of Gym should be able to simply replace 'import gym' with 'import gymnasium as gym' in the vast majority of cases.
See the migration guide at https://gymnasium.farama.org/introduction/migration_guide/ for additional information.
share_observation_space:  [Box(-inf, inf, (21,), float32), Box(-inf, inf, (21,), float32), Box(-inf, inf, (21,), float32)]
observation_space:  [Box(-inf, inf, (7,), float32), Box(-inf, inf, (7,), float32), Box(-inf, inf, (7,), float32)]
action_space:  [Discrete(21), Discrete(21), Discrete(21)]
EPISODE {'group': 'happo', 'scenario': 'base', 'trace': 0, 'cost': 18.026666666666667, 'downstream_backlog': 8.9, 'generation_events': 0, 'episode_http': 0, 'notification_period': None}
EPISODE {'group': 'happo', 'scenario': 'base', 'trace': 1, 'cost': 39.4, 'downstream_backlog': 88.61, 'generation_events': 0, 'episode_http': 0, 'notification_period': None}
EPISODE {'group': 'happo', 'scenario': 'base', 'trace': 2, 'cost': 16.043333333333333, 'downstream_backlog': 15.42, 'generation_events': 0, 'episode_http': 0, 'notification_period': None}
EPISODE {'group': 'happo', 'scenario': 'base', 'trace': 3, 'cost': 17.99, 'downstream_backlog': 3.825, 'generation_events': 0, 'episode_http': 0, 'notification_period': None}
EPISODE {'group': 'happo', 'scenario': 'shock', 'trace': 0, 'cost': 19.286666666666665, 'downstream_backlog': 9.13, 'generation_events': 0, 'episode_http': 0, 'notification_period': 99}
EPISODE {'group': 'happo', 'scenario': 'shock', 'trace': 1, 'cost': 41.57833333333333, 'downstream_backlog': 95.265, 'generation_events': 0, 'episode_http': 0, 'notification_period': 87}
EPISODE {'group': 'happo', 'scenario': 'shock', 'trace': 2, 'cost': 20.385, 'downstream_backlog': 22.665, 'generation_events': 0, 'episode_http': 0, 'notification_period': 82}
EPISODE {'group': 'happo', 'scenario': 'shock', 'trace': 3, 'cost': 20.63, 'downstream_backlog': 7.925, 'generation_events': 0, 'episode_http': 0, 'notification_period': 78}
share_observation_space:  [Box(-inf, inf, (21,), float32), Box(-inf, inf, (21,), float32), Box(-inf, inf, (21,), float32)]
observation_space:  [Box(-inf, inf, (7,), float32), Box(-inf, inf, (7,), float32), Box(-inf, inf, (7,), float32)]
action_space:  [Discrete(21), Discrete(21), Discrete(21)]
EPISODE {'group': 'llm_library', 'scenario': 'base', 'trace': 0, 'cost': 18.026666666666667, 'downstream_backlog': 8.9, 'generation_events': 0, 'episode_http': 0, 'notification_period': None}
EPISODE {'group': 'llm_library', 'scenario': 'base', 'trace': 1, 'cost': 39.4, 'downstream_backlog': 88.61, 'generation_events': 0, 'episode_http': 0, 'notification_period': None}
EPISODE {'group': 'llm_library', 'scenario': 'base', 'trace': 2, 'cost': 16.043333333333333, 'downstream_backlog': 15.42, 'generation_events': 0, 'episode_http': 0, 'notification_period': None}
EPISODE {'group': 'llm_library', 'scenario': 'base', 'trace': 3, 'cost': 17.99, 'downstream_backlog': 3.825, 'generation_events': 0, 'episode_http': 0, 'notification_period': None}
EPISODE {'group': 'llm_library', 'scenario': 'shock', 'trace': 0, 'cost': 19.975, 'downstream_backlog': 9.145, 'generation_events': 1, 'episode_http': 0, 'notification_period': 99}
EPISODE {'group': 'llm_library', 'scenario': 'shock', 'trace': 1, 'cost': 40.05166666666667, 'downstream_backlog': 94.175, 'generation_events': 1, 'episode_http': 0, 'notification_period': 87}
EPISODE {'group': 'llm_library', 'scenario': 'shock', 'trace': 2, 'cost': 18.84, 'downstream_backlog': 20.34, 'generation_events': 1, 'episode_http': 0, 'notification_period': 82}
EPISODE {'group': 'llm_library', 'scenario': 'shock', 'trace': 3, 'cost': 22.765, 'downstream_backlog': 8.475, 'generation_events': 1, 'episode_http': 0, 'notification_period': 78}
share_observation_space:  [Box(-inf, inf, (21,), float32), Box(-inf, inf, (21,), float32), Box(-inf, inf, (21,), float32)]
observation_space:  [Box(-inf, inf, (7,), float32), Box(-inf, inf, (7,), float32), Box(-inf, inf, (7,), float32)]
action_space:  [Discrete(21), Discrete(21), Discrete(21)]
EPISODE {'group': 'online_once', 'scenario': 'base', 'trace': 0, 'cost': 18.026666666666667, 'downstream_backlog': 8.9, 'generation_events': 0, 'episode_http': 0, 'notification_period': None}
EPISODE {'group': 'online_once', 'scenario': 'base', 'trace': 1, 'cost': 39.4, 'downstream_backlog': 88.61, 'generation_events': 0, 'episode_http': 0, 'notification_period': None}
EPISODE {'group': 'online_once', 'scenario': 'base', 'trace': 2, 'cost': 16.043333333333333, 'downstream_backlog': 15.42, 'generation_events': 0, 'episode_http': 0, 'notification_period': None}
EPISODE {'group': 'online_once', 'scenario': 'base', 'trace': 3, 'cost': 17.99, 'downstream_backlog': 3.825, 'generation_events': 0, 'episode_http': 0, 'notification_period': None}
EPISODE {'group': 'online_once', 'scenario': 'shock', 'trace': 0, 'cost': 19.268333333333334, 'downstream_backlog': 9.13, 'generation_events': 1, 'episode_http': 3, 'notification_period': 99}
EPISODE {'group': 'online_once', 'scenario': 'shock', 'trace': 1, 'cost': 33.57, 'downstream_backlog': 74.815, 'generation_events': 1, 'episode_http': 2, 'notification_period': 87}
EPISODE {'group': 'online_once', 'scenario': 'shock', 'trace': 2, 'cost': 17.706666666666667, 'downstream_backlog': 15.435, 'generation_events': 1, 'episode_http': 2, 'notification_period': 82}
EPISODE {'group': 'online_once', 'scenario': 'shock', 'trace': 3, 'cost': 21.413333333333334, 'downstream_backlog': 7.705, 'generation_events': 1, 'episode_http': 2, 'notification_period': 78}
share_observation_space:  [Box(-inf, inf, (21,), float32), Box(-inf, inf, (21,), float32), Box(-inf, inf, (21,), float32)]
observation_space:  [Box(-inf, inf, (7,), float32), Box(-inf, inf, (7,), float32), Box(-inf, inf, (7,), float32)]
action_space:  [Discrete(21), Discrete(21), Discrete(21)]
EPISODE {'group': 'online_feedback', 'scenario': 'base', 'trace': 0, 'cost': 18.026666666666667, 'downstream_backlog': 8.9, 'generation_events': 0, 'episode_http': 0, 'notification_period': None}
EPISODE {'group': 'online_feedback', 'scenario': 'base', 'trace': 1, 'cost': 39.4, 'downstream_backlog': 88.61, 'generation_events': 0, 'episode_http': 0, 'notification_period': None}
EPISODE {'group': 'online_feedback', 'scenario': 'base', 'trace': 2, 'cost': 16.043333333333333, 'downstream_backlog': 15.42, 'generation_events': 0, 'episode_http': 0, 'notification_period': None}
EPISODE {'group': 'online_feedback', 'scenario': 'base', 'trace': 3, 'cost': 17.99, 'downstream_backlog': 3.825, 'generation_events': 0, 'episode_http': 0, 'notification_period': None}
EPISODE {'group': 'online_feedback', 'scenario': 'shock', 'trace': 0, 'cost': 19.613333333333333, 'downstream_backlog': 9.355, 'generation_events': 4, 'episode_http': 9, 'notification_period': 99}
EPISODE {'group': 'online_feedback', 'scenario': 'shock', 'trace': 1, 'cost': 31.56, 'downstream_backlog': 68.52, 'generation_events': 4, 'episode_http': 9, 'notification_period': 87}
EPISODE {'group': 'online_feedback', 'scenario': 'shock', 'trace': 2, 'cost': 18.27, 'downstream_backlog': 17.945, 'generation_events': 4, 'episode_http': 8, 'notification_period': 82}
EPISODE {'group': 'online_feedback', 'scenario': 'shock', 'trace': 3, 'cost': 21.958333333333332, 'downstream_backlog': 7.49, 'generation_events': 4, 'episode_http': 9, 'notification_period': 78}
share_observation_space:  [Box(-inf, inf, (21,), float32), Box(-inf, inf, (21,), float32), Box(-inf, inf, (21,), float32)]
observation_space:  [Box(-inf, inf, (7,), float32), Box(-inf, inf, (7,), float32), Box(-inf, inf, (7,), float32)]
action_space:  [Discrete(21), Discrete(21), Discrete(21)]
EPISODE {'group': 'random_screen', 'scenario': 'base', 'trace': 0, 'cost': 18.026666666666667, 'downstream_backlog': 8.9, 'generation_events': 0, 'episode_http': 0, 'notification_period': None}
EPISODE {'group': 'random_screen', 'scenario': 'base', 'trace': 1, 'cost': 39.4, 'downstream_backlog': 88.61, 'generation_events': 0, 'episode_http': 0, 'notification_period': None}
EPISODE {'group': 'random_screen', 'scenario': 'base', 'trace': 2, 'cost': 16.043333333333333, 'downstream_backlog': 15.42, 'generation_events': 0, 'episode_http': 0, 'notification_period': None}
EPISODE {'group': 'random_screen', 'scenario': 'base', 'trace': 3, 'cost': 17.99, 'downstream_backlog': 3.825, 'generation_events': 0, 'episode_http': 0, 'notification_period': None}
EPISODE {'group': 'random_screen', 'scenario': 'shock', 'trace': 0, 'cost': 17.018333333333334, 'downstream_backlog': 7.645, 'generation_events': 4, 'episode_http': 0, 'notification_period': 99}
EPISODE {'group': 'random_screen', 'scenario': 'shock', 'trace': 1, 'cost': 29.025, 'downstream_backlog': 58.71, 'generation_events': 4, 'episode_http': 0, 'notification_period': 87}
EPISODE {'group': 'random_screen', 'scenario': 'shock', 'trace': 2, 'cost': 17.575, 'downstream_backlog': 15.665, 'generation_events': 4, 'episode_http': 0, 'notification_period': 82}
EPISODE {'group': 'random_screen', 'scenario': 'shock', 'trace': 3, 'cost': 19.506666666666668, 'downstream_backlog': 7.565, 'generation_events': 4, 'episode_http': 0, 'notification_period': 78}
ONLINE_DRAFT_COMPLETED
