Gym has been unmaintained since 2022 and does not support NumPy 2.0 amongst other critical functionality.
Please upgrade to Gymnasium, the maintained drop-in replacement of Gym, or contact the authors of your software and request that they upgrade.
Users of this version of Gym should be able to simply replace 'import gym' with 'import gymnasium as gym' in the vast majority of cases.
See the migration guide at https://gymnasium.farama.org/introduction/migration_guide/ for additional information.
share_observation_space:  [Box(-inf, inf, (21,), float32), Box(-inf, inf, (21,), float32), Box(-inf, inf, (21,), float32)]
observation_space:  [Box(-inf, inf, (7,), float32), Box(-inf, inf, (7,), float32), Box(-inf, inf, (7,), float32)]
action_space:  [Discrete(21), Discrete(21), Discrete(21)]
EPISODE {'group': 'happo', 'scenario': 'base', 'trace': 0, 'cost': 22.091666666666665, 'downstream_backlog': 15.25, 'generation_events': 0, 'episode_http': 0, 'notification_period': None}
EPISODE {'group': 'happo', 'scenario': 'base', 'trace': 1, 'cost': 12.061666666666667, 'downstream_backlog': 3.285, 'generation_events': 0, 'episode_http': 0, 'notification_period': None}
EPISODE {'group': 'happo', 'scenario': 'base', 'trace': 2, 'cost': 22.788333333333334, 'downstream_backlog': 22.015, 'generation_events': 0, 'episode_http': 0, 'notification_period': None}
EPISODE {'group': 'happo', 'scenario': 'base', 'trace': 3, 'cost': 12.946666666666667, 'downstream_backlog': 4.535, 'generation_events': 0, 'episode_http': 0, 'notification_period': None}
EPISODE {'group': 'happo', 'scenario': 'shock', 'trace': 0, 'cost': 19.641666666666666, 'downstream_backlog': 13.875, 'generation_events': 0, 'episode_http': 0, 'notification_period': 71}
EPISODE {'group': 'happo', 'scenario': 'shock', 'trace': 1, 'cost': 14.38, 'downstream_backlog': 3.305, 'generation_events': 0, 'episode_http': 0, 'notification_period': 76}
EPISODE {'group': 'happo', 'scenario': 'shock', 'trace': 2, 'cost': 24.486666666666668, 'downstream_backlog': 20.345, 'generation_events': 0, 'episode_http': 0, 'notification_period': 101}
EPISODE {'group': 'happo', 'scenario': 'shock', 'trace': 3, 'cost': 19.433333333333334, 'downstream_backlog': 10.645, 'generation_events': 0, 'episode_http': 0, 'notification_period': 90}
share_observation_space:  [Box(-inf, inf, (21,), float32), Box(-inf, inf, (21,), float32), Box(-inf, inf, (21,), float32)]
observation_space:  [Box(-inf, inf, (7,), float32), Box(-inf, inf, (7,), float32), Box(-inf, inf, (7,), float32)]
action_space:  [Discrete(21), Discrete(21), Discrete(21)]
EPISODE {'group': 'llm_library', 'scenario': 'base', 'trace': 0, 'cost': 22.091666666666665, 'downstream_backlog': 15.25, 'generation_events': 0, 'episode_http': 0, 'notification_period': None}
EPISODE {'group': 'llm_library', 'scenario': 'base', 'trace': 1, 'cost': 12.061666666666667, 'downstream_backlog': 3.285, 'generation_events': 0, 'episode_http': 0, 'notification_period': None}
EPISODE {'group': 'llm_library', 'scenario': 'base', 'trace': 2, 'cost': 22.788333333333334, 'downstream_backlog': 22.015, 'generation_events': 0, 'episode_http': 0, 'notification_period': None}
EPISODE {'group': 'llm_library', 'scenario': 'base', 'trace': 3, 'cost': 12.946666666666667, 'downstream_backlog': 4.535, 'generation_events': 0, 'episode_http': 0, 'notification_period': None}
EPISODE {'group': 'llm_library', 'scenario': 'shock', 'trace': 0, 'cost': 26.486666666666668, 'downstream_backlog': 18.13, 'generation_events': 1, 'episode_http': 0, 'notification_period': 71}
EPISODE {'group': 'llm_library', 'scenario': 'shock', 'trace': 1, 'cost': 14.33, 'downstream_backlog': 3.475, 'generation_events': 1, 'episode_http': 0, 'notification_period': 76}
EPISODE {'group': 'llm_library', 'scenario': 'shock', 'trace': 2, 'cost': 24.486666666666668, 'downstream_backlog': 20.345, 'generation_events': 1, 'episode_http': 0, 'notification_period': 101}
EPISODE {'group': 'llm_library', 'scenario': 'shock', 'trace': 3, 'cost': 20.13, 'downstream_backlog': 11.43, 'generation_events': 1, 'episode_http': 0, 'notification_period': 90}
share_observation_space:  [Box(-inf, inf, (21,), float32), Box(-inf, inf, (21,), float32), Box(-inf, inf, (21,), float32)]
observation_space:  [Box(-inf, inf, (7,), float32), Box(-inf, inf, (7,), float32), Box(-inf, inf, (7,), float32)]
action_space:  [Discrete(21), Discrete(21), Discrete(21)]
EPISODE {'group': 'online_once', 'scenario': 'base', 'trace': 0, 'cost': 22.091666666666665, 'downstream_backlog': 15.25, 'generation_events': 0, 'episode_http': 0, 'notification_period': None}
EPISODE {'group': 'online_once', 'scenario': 'base', 'trace': 1, 'cost': 12.061666666666667, 'downstream_backlog': 3.285, 'generation_events': 0, 'episode_http': 0, 'notification_period': None}
EPISODE {'group': 'online_once', 'scenario': 'base', 'trace': 2, 'cost': 22.788333333333334, 'downstream_backlog': 22.015, 'generation_events': 0, 'episode_http': 0, 'notification_period': None}
EPISODE {'group': 'online_once', 'scenario': 'base', 'trace': 3, 'cost': 12.946666666666667, 'downstream_backlog': 4.535, 'generation_events': 0, 'episode_http': 0, 'notification_period': None}
EPISODE {'group': 'online_once', 'scenario': 'shock', 'trace': 0, 'cost': 27.085, 'downstream_backlog': 21.09, 'generation_events': 1, 'episode_http': 2, 'notification_period': 71}
EPISODE {'group': 'online_once', 'scenario': 'shock', 'trace': 1, 'cost': 14.67, 'downstream_backlog': 3.22, 'generation_events': 1, 'episode_http': 2, 'notification_period': 76}
EPISODE {'group': 'online_once', 'scenario': 'shock', 'trace': 2, 'cost': 24.486666666666668, 'downstream_backlog': 20.345, 'generation_events': 1, 'episode_http': 2, 'notification_period': 101}
EPISODE {'group': 'online_once', 'scenario': 'shock', 'trace': 3, 'cost': 19.433333333333334, 'downstream_backlog': 10.645, 'generation_events': 1, 'episode_http': 2, 'notification_period': 90}
share_observation_space:  [Box(-inf, inf, (21,), float32), Box(-inf, inf, (21,), float32), Box(-inf, inf, (21,), float32)]
observation_space:  [Box(-inf, inf, (7,), float32), Box(-inf, inf, (7,), float32), Box(-inf, inf, (7,), float32)]
action_space:  [Discrete(21), Discrete(21), Discrete(21)]
EPISODE {'group': 'online_feedback', 'scenario': 'base', 'trace': 0, 'cost': 22.091666666666665, 'downstream_backlog': 15.25, 'generation_events': 0, 'episode_http': 0, 'notification_period': None}
EPISODE {'group': 'online_feedback', 'scenario': 'base', 'trace': 1, 'cost': 12.061666666666667, 'downstream_backlog': 3.285, 'generation_events': 0, 'episode_http': 0, 'notification_period': None}
EPISODE {'group': 'online_feedback', 'scenario': 'base', 'trace': 2, 'cost': 22.788333333333334, 'downstream_backlog': 22.015, 'generation_events': 0, 'episode_http': 0, 'notification_period': None}
EPISODE {'group': 'online_feedback', 'scenario': 'base', 'trace': 3, 'cost': 12.946666666666667, 'downstream_backlog': 4.535, 'generation_events': 0, 'episode_http': 0, 'notification_period': None}
EPISODE {'group': 'online_feedback', 'scenario': 'shock', 'trace': 0, 'cost': 18.67, 'downstream_backlog': 12.79, 'generation_events': 4, 'episode_http': 8, 'notification_period': 71}
EPISODE {'group': 'online_feedback', 'scenario': 'shock', 'trace': 1, 'cost': 14.38, 'downstream_backlog': 3.305, 'generation_events': 4, 'episode_http': 8, 'notification_period': 76}
EPISODE {'group': 'online_feedback', 'scenario': 'shock', 'trace': 2, 'cost': 24.486666666666668, 'downstream_backlog': 20.345, 'generation_events': 4, 'episode_http': 8, 'notification_period': 101}
EPISODE {'group': 'online_feedback', 'scenario': 'shock', 'trace': 3, 'cost': 18.948333333333334, 'downstream_backlog': 8.49, 'generation_events': 4, 'episode_http': 8, 'notification_period': 90}
share_observation_space:  [Box(-inf, inf, (21,), float32), Box(-inf, inf, (21,), float32), Box(-inf, inf, (21,), float32)]
observation_space:  [Box(-inf, inf, (7,), float32), Box(-inf, inf, (7,), float32), Box(-inf, inf, (7,), float32)]
action_space:  [Discrete(21), Discrete(21), Discrete(21)]
EPISODE {'group': 'random_screen', 'scenario': 'base', 'trace': 0, 'cost': 22.091666666666665, 'downstream_backlog': 15.25, 'generation_events': 0, 'episode_http': 0, 'notification_period': None}
EPISODE {'group': 'random_screen', 'scenario': 'base', 'trace': 1, 'cost': 12.061666666666667, 'downstream_backlog': 3.285, 'generation_events': 0, 'episode_http': 0, 'notification_period': None}
EPISODE {'group': 'random_screen', 'scenario': 'base', 'trace': 2, 'cost': 22.788333333333334, 'downstream_backlog': 22.015, 'generation_events': 0, 'episode_http': 0, 'notification_period': None}
EPISODE {'group': 'random_screen', 'scenario': 'base', 'trace': 3, 'cost': 12.946666666666667, 'downstream_backlog': 4.535, 'generation_events': 0, 'episode_http': 0, 'notification_period': None}
EPISODE {'group': 'random_screen', 'scenario': 'shock', 'trace': 0, 'cost': 18.566666666666666, 'downstream_backlog': 13.835, 'generation_events': 4, 'episode_http': 0, 'notification_period': 71}
EPISODE {'group': 'random_screen', 'scenario': 'shock', 'trace': 1, 'cost': 12.648333333333333, 'downstream_backlog': 2.97, 'generation_events': 4, 'episode_http': 0, 'notification_period': 76}
EPISODE {'group': 'random_screen', 'scenario': 'shock', 'trace': 2, 'cost': 24.071666666666665, 'downstream_backlog': 21.085, 'generation_events': 4, 'episode_http': 0, 'notification_period': 101}
EPISODE {'group': 'random_screen', 'scenario': 'shock', 'trace': 3, 'cost': 18.706666666666667, 'downstream_backlog': 10.43, 'generation_events': 4, 'episode_http': 0, 'notification_period': 90}
ONLINE_DRAFT_COMPLETED
