Gym has been unmaintained since 2022 and does not support NumPy 2.0 amongst other critical functionality.
Please upgrade to Gymnasium, the maintained drop-in replacement of Gym, or contact the authors of your software and request that they upgrade.
Users of this version of Gym should be able to simply replace 'import gym' with 'import gymnasium as gym' in the vast majority of cases.
See the migration guide at https://gymnasium.farama.org/introduction/migration_guide/ for additional information.
share_observation_space:  [Box(-inf, inf, (21,), float32), Box(-inf, inf, (21,), float32), Box(-inf, inf, (21,), float32)]
observation_space:  [Box(-inf, inf, (7,), float32), Box(-inf, inf, (7,), float32), Box(-inf, inf, (7,), float32)]
action_space:  [Discrete(21), Discrete(21), Discrete(21)]
EPISODE {'group': 'happo', 'scenario': 'base', 'trace': 0, 'cost': 16.761666666666667, 'downstream_backlog': 10.625, 'generation_events': 0, 'episode_http': 0, 'notification_period': None}
EPISODE {'group': 'happo', 'scenario': 'base', 'trace': 1, 'cost': 14.876666666666667, 'downstream_backlog': 2.225, 'generation_events': 0, 'episode_http': 0, 'notification_period': None}
EPISODE {'group': 'happo', 'scenario': 'base', 'trace': 2, 'cost': 21.278333333333332, 'downstream_backlog': 25.94, 'generation_events': 0, 'episode_http': 0, 'notification_period': None}
EPISODE {'group': 'happo', 'scenario': 'base', 'trace': 3, 'cost': 17.188333333333333, 'downstream_backlog': 2.25, 'generation_events': 0, 'episode_http': 0, 'notification_period': None}
EPISODE {'group': 'happo', 'scenario': 'shock', 'trace': 0, 'cost': 19.071666666666665, 'downstream_backlog': 14.29, 'generation_events': 0, 'episode_http': 0, 'notification_period': 71}
EPISODE {'group': 'happo', 'scenario': 'shock', 'trace': 1, 'cost': 17.971666666666668, 'downstream_backlog': 2.755, 'generation_events': 0, 'episode_http': 0, 'notification_period': 76}
EPISODE {'group': 'happo', 'scenario': 'shock', 'trace': 2, 'cost': 24.256666666666668, 'downstream_backlog': 38.49, 'generation_events': 0, 'episode_http': 0, 'notification_period': 101}
EPISODE {'group': 'happo', 'scenario': 'shock', 'trace': 3, 'cost': 18.391666666666666, 'downstream_backlog': 5.255, 'generation_events': 0, 'episode_http': 0, 'notification_period': 90}
share_observation_space:  [Box(-inf, inf, (21,), float32), Box(-inf, inf, (21,), float32), Box(-inf, inf, (21,), float32)]
observation_space:  [Box(-inf, inf, (7,), float32), Box(-inf, inf, (7,), float32), Box(-inf, inf, (7,), float32)]
action_space:  [Discrete(21), Discrete(21), Discrete(21)]
EPISODE {'group': 'llm_library', 'scenario': 'base', 'trace': 0, 'cost': 16.761666666666667, 'downstream_backlog': 10.625, 'generation_events': 0, 'episode_http': 0, 'notification_period': None}
EPISODE {'group': 'llm_library', 'scenario': 'base', 'trace': 1, 'cost': 14.876666666666667, 'downstream_backlog': 2.225, 'generation_events': 0, 'episode_http': 0, 'notification_period': None}
EPISODE {'group': 'llm_library', 'scenario': 'base', 'trace': 2, 'cost': 21.278333333333332, 'downstream_backlog': 25.94, 'generation_events': 0, 'episode_http': 0, 'notification_period': None}
EPISODE {'group': 'llm_library', 'scenario': 'base', 'trace': 3, 'cost': 17.188333333333333, 'downstream_backlog': 2.25, 'generation_events': 0, 'episode_http': 0, 'notification_period': None}
EPISODE {'group': 'llm_library', 'scenario': 'shock', 'trace': 0, 'cost': 15.866666666666667, 'downstream_backlog': 10.98, 'generation_events': 1, 'episode_http': 0, 'notification_period': 71}
EPISODE {'group': 'llm_library', 'scenario': 'shock', 'trace': 1, 'cost': 17.313333333333333, 'downstream_backlog': 2.795, 'generation_events': 1, 'episode_http': 0, 'notification_period': 76}
EPISODE {'group': 'llm_library', 'scenario': 'shock', 'trace': 2, 'cost': 24.256666666666668, 'downstream_backlog': 38.49, 'generation_events': 1, 'episode_http': 0, 'notification_period': 101}
EPISODE {'group': 'llm_library', 'scenario': 'shock', 'trace': 3, 'cost': 18.225, 'downstream_backlog': 4.995, 'generation_events': 1, 'episode_http': 0, 'notification_period': 90}
share_observation_space:  [Box(-inf, inf, (21,), float32), Box(-inf, inf, (21,), float32), Box(-inf, inf, (21,), float32)]
observation_space:  [Box(-inf, inf, (7,), float32), Box(-inf, inf, (7,), float32), Box(-inf, inf, (7,), float32)]
action_space:  [Discrete(21), Discrete(21), Discrete(21)]
EPISODE {'group': 'online_once', 'scenario': 'base', 'trace': 0, 'cost': 16.761666666666667, 'downstream_backlog': 10.625, 'generation_events': 0, 'episode_http': 0, 'notification_period': None}
EPISODE {'group': 'online_once', 'scenario': 'base', 'trace': 1, 'cost': 14.876666666666667, 'downstream_backlog': 2.225, 'generation_events': 0, 'episode_http': 0, 'notification_period': None}
EPISODE {'group': 'online_once', 'scenario': 'base', 'trace': 2, 'cost': 21.278333333333332, 'downstream_backlog': 25.94, 'generation_events': 0, 'episode_http': 0, 'notification_period': None}
EPISODE {'group': 'online_once', 'scenario': 'base', 'trace': 3, 'cost': 17.188333333333333, 'downstream_backlog': 2.25, 'generation_events': 0, 'episode_http': 0, 'notification_period': None}
EPISODE {'group': 'online_once', 'scenario': 'shock', 'trace': 0, 'cost': 20.926666666666666, 'downstream_backlog': 15.125, 'generation_events': 1, 'episode_http': 2, 'notification_period': 71}
EPISODE {'group': 'online_once', 'scenario': 'shock', 'trace': 1, 'cost': 18.19, 'downstream_backlog': 2.825, 'generation_events': 1, 'episode_http': 2, 'notification_period': 76}
EPISODE {'group': 'online_once', 'scenario': 'shock', 'trace': 2, 'cost': 24.256666666666668, 'downstream_backlog': 38.49, 'generation_events': 1, 'episode_http': 3, 'notification_period': 101}
EPISODE {'group': 'online_once', 'scenario': 'shock', 'trace': 3, 'cost': 18.391666666666666, 'downstream_backlog': 5.255, 'generation_events': 1, 'episode_http': 2, 'notification_period': 90}
share_observation_space:  [Box(-inf, inf, (21,), float32), Box(-inf, inf, (21,), float32), Box(-inf, inf, (21,), float32)]
observation_space:  [Box(-inf, inf, (7,), float32), Box(-inf, inf, (7,), float32), Box(-inf, inf, (7,), float32)]
action_space:  [Discrete(21), Discrete(21), Discrete(21)]
EPISODE {'group': 'online_feedback', 'scenario': 'base', 'trace': 0, 'cost': 16.761666666666667, 'downstream_backlog': 10.625, 'generation_events': 0, 'episode_http': 0, 'notification_period': None}
EPISODE {'group': 'online_feedback', 'scenario': 'base', 'trace': 1, 'cost': 14.876666666666667, 'downstream_backlog': 2.225, 'generation_events': 0, 'episode_http': 0, 'notification_period': None}
EPISODE {'group': 'online_feedback', 'scenario': 'base', 'trace': 2, 'cost': 21.278333333333332, 'downstream_backlog': 25.94, 'generation_events': 0, 'episode_http': 0, 'notification_period': None}
EPISODE {'group': 'online_feedback', 'scenario': 'base', 'trace': 3, 'cost': 17.188333333333333, 'downstream_backlog': 2.25, 'generation_events': 0, 'episode_http': 0, 'notification_period': None}
EPISODE {'group': 'online_feedback', 'scenario': 'shock', 'trace': 0, 'cost': 13.775, 'downstream_backlog': 8.29, 'generation_events': 4, 'episode_http': 8, 'notification_period': 71}
EPISODE {'group': 'online_feedback', 'scenario': 'shock', 'trace': 1, 'cost': 19.115, 'downstream_backlog': 2.755, 'generation_events': 4, 'episode_http': 8, 'notification_period': 76}
EPISODE {'group': 'online_feedback', 'scenario': 'shock', 'trace': 2, 'cost': 24.256666666666668, 'downstream_backlog': 38.49, 'generation_events': 4, 'episode_http': 8, 'notification_period': 101}
EPISODE {'group': 'online_feedback', 'scenario': 'shock', 'trace': 3, 'cost': 18.423333333333332, 'downstream_backlog': 5.285, 'generation_events': 4, 'episode_http': 9, 'notification_period': 90}
share_observation_space:  [Box(-inf, inf, (21,), float32), Box(-inf, inf, (21,), float32), Box(-inf, inf, (21,), float32)]
observation_space:  [Box(-inf, inf, (7,), float32), Box(-inf, inf, (7,), float32), Box(-inf, inf, (7,), float32)]
action_space:  [Discrete(21), Discrete(21), Discrete(21)]
EPISODE {'group': 'random_screen', 'scenario': 'base', 'trace': 0, 'cost': 16.761666666666667, 'downstream_backlog': 10.625, 'generation_events': 0, 'episode_http': 0, 'notification_period': None}
EPISODE {'group': 'random_screen', 'scenario': 'base', 'trace': 1, 'cost': 14.876666666666667, 'downstream_backlog': 2.225, 'generation_events': 0, 'episode_http': 0, 'notification_period': None}
EPISODE {'group': 'random_screen', 'scenario': 'base', 'trace': 2, 'cost': 21.278333333333332, 'downstream_backlog': 25.94, 'generation_events': 0, 'episode_http': 0, 'notification_period': None}
EPISODE {'group': 'random_screen', 'scenario': 'base', 'trace': 3, 'cost': 17.188333333333333, 'downstream_backlog': 2.25, 'generation_events': 0, 'episode_http': 0, 'notification_period': None}
EPISODE {'group': 'random_screen', 'scenario': 'shock', 'trace': 0, 'cost': 15.376666666666667, 'downstream_backlog': 10.88, 'generation_events': 4, 'episode_http': 0, 'notification_period': 71}
EPISODE {'group': 'random_screen', 'scenario': 'shock', 'trace': 1, 'cost': 16.795, 'downstream_backlog': 2.445, 'generation_events': 4, 'episode_http': 0, 'notification_period': 76}
EPISODE {'group': 'random_screen', 'scenario': 'shock', 'trace': 2, 'cost': 22.233333333333334, 'downstream_backlog': 36.615, 'generation_events': 4, 'episode_http': 0, 'notification_period': 101}
EPISODE {'group': 'random_screen', 'scenario': 'shock', 'trace': 3, 'cost': 15.996666666666666, 'downstream_backlog': 3.31, 'generation_events': 4, 'episode_http': 0, 'notification_period': 90}
ONLINE_DRAFT_COMPLETED
