Gym has been unmaintained since 2022 and does not support NumPy 2.0 amongst other critical functionality.
Please upgrade to Gymnasium, the maintained drop-in replacement of Gym, or contact the authors of your software and request that they upgrade.
Users of this version of Gym should be able to simply replace 'import gym' with 'import gymnasium as gym' in the vast majority of cases.
See the migration guide at https://gymnasium.farama.org/introduction/migration_guide/ for additional information.
share_observation_space:  [Box(-inf, inf, (21,), float32), Box(-inf, inf, (21,), float32), Box(-inf, inf, (21,), float32)]
observation_space:  [Box(-inf, inf, (7,), float32), Box(-inf, inf, (7,), float32), Box(-inf, inf, (7,), float32)]
action_space:  [Discrete(21), Discrete(21), Discrete(21)]
EPISODE {'group': 'happo', 'scenario': 'base', 'trace': 0, 'cost': 11.445, 'downstream_backlog': 1.805, 'generation_events': 0, 'episode_http': 0, 'notification_period': None}
EPISODE {'group': 'happo', 'scenario': 'base', 'trace': 1, 'cost': 16.38, 'downstream_backlog': 17.36, 'generation_events': 0, 'episode_http': 0, 'notification_period': None}
EPISODE {'group': 'happo', 'scenario': 'base', 'trace': 2, 'cost': 15.72, 'downstream_backlog': 4.405, 'generation_events': 0, 'episode_http': 0, 'notification_period': None}
EPISODE {'group': 'happo', 'scenario': 'base', 'trace': 3, 'cost': 19.468333333333334, 'downstream_backlog': 15.33, 'generation_events': 0, 'episode_http': 0, 'notification_period': None}
EPISODE {'group': 'happo', 'scenario': 'shock', 'trace': 0, 'cost': 15.496666666666666, 'downstream_backlog': 2.275, 'generation_events': 0, 'episode_http': 0, 'notification_period': 64}
EPISODE {'group': 'happo', 'scenario': 'shock', 'trace': 1, 'cost': 17.261666666666667, 'downstream_backlog': 23.945, 'generation_events': 0, 'episode_http': 0, 'notification_period': 89}
EPISODE {'group': 'happo', 'scenario': 'shock', 'trace': 2, 'cost': 18.455, 'downstream_backlog': 11.365, 'generation_events': 0, 'episode_http': 0, 'notification_period': 101}
EPISODE {'group': 'happo', 'scenario': 'shock', 'trace': 3, 'cost': 25.113333333333333, 'downstream_backlog': 29.785, 'generation_events': 0, 'episode_http': 0, 'notification_period': 84}
share_observation_space:  [Box(-inf, inf, (21,), float32), Box(-inf, inf, (21,), float32), Box(-inf, inf, (21,), float32)]
observation_space:  [Box(-inf, inf, (7,), float32), Box(-inf, inf, (7,), float32), Box(-inf, inf, (7,), float32)]
action_space:  [Discrete(21), Discrete(21), Discrete(21)]
EPISODE {'group': 'llm_library', 'scenario': 'base', 'trace': 0, 'cost': 11.445, 'downstream_backlog': 1.805, 'generation_events': 0, 'episode_http': 0, 'notification_period': None}
EPISODE {'group': 'llm_library', 'scenario': 'base', 'trace': 1, 'cost': 16.38, 'downstream_backlog': 17.36, 'generation_events': 0, 'episode_http': 0, 'notification_period': None}
EPISODE {'group': 'llm_library', 'scenario': 'base', 'trace': 2, 'cost': 15.72, 'downstream_backlog': 4.405, 'generation_events': 0, 'episode_http': 0, 'notification_period': None}
EPISODE {'group': 'llm_library', 'scenario': 'base', 'trace': 3, 'cost': 19.468333333333334, 'downstream_backlog': 15.33, 'generation_events': 0, 'episode_http': 0, 'notification_period': None}
EPISODE {'group': 'llm_library', 'scenario': 'shock', 'trace': 0, 'cost': 15.521666666666667, 'downstream_backlog': 2.29, 'generation_events': 1, 'episode_http': 0, 'notification_period': 64}
EPISODE {'group': 'llm_library', 'scenario': 'shock', 'trace': 1, 'cost': 17.026666666666667, 'downstream_backlog': 23.945, 'generation_events': 1, 'episode_http': 0, 'notification_period': 89}
EPISODE {'group': 'llm_library', 'scenario': 'shock', 'trace': 2, 'cost': 19.968333333333334, 'downstream_backlog': 11.46, 'generation_events': 1, 'episode_http': 0, 'notification_period': 101}
EPISODE {'group': 'llm_library', 'scenario': 'shock', 'trace': 3, 'cost': 25.113333333333333, 'downstream_backlog': 29.785, 'generation_events': 1, 'episode_http': 0, 'notification_period': 84}
share_observation_space:  [Box(-inf, inf, (21,), float32), Box(-inf, inf, (21,), float32), Box(-inf, inf, (21,), float32)]
observation_space:  [Box(-inf, inf, (7,), float32), Box(-inf, inf, (7,), float32), Box(-inf, inf, (7,), float32)]
action_space:  [Discrete(21), Discrete(21), Discrete(21)]
EPISODE {'group': 'online_once', 'scenario': 'base', 'trace': 0, 'cost': 11.445, 'downstream_backlog': 1.805, 'generation_events': 0, 'episode_http': 0, 'notification_period': None}
EPISODE {'group': 'online_once', 'scenario': 'base', 'trace': 1, 'cost': 16.38, 'downstream_backlog': 17.36, 'generation_events': 0, 'episode_http': 0, 'notification_period': None}
EPISODE {'group': 'online_once', 'scenario': 'base', 'trace': 2, 'cost': 15.72, 'downstream_backlog': 4.405, 'generation_events': 0, 'episode_http': 0, 'notification_period': None}
EPISODE {'group': 'online_once', 'scenario': 'base', 'trace': 3, 'cost': 19.468333333333334, 'downstream_backlog': 15.33, 'generation_events': 0, 'episode_http': 0, 'notification_period': None}
EPISODE {'group': 'online_once', 'scenario': 'shock', 'trace': 0, 'cost': 15.263333333333334, 'downstream_backlog': 2.27, 'generation_events': 1, 'episode_http': 2, 'notification_period': 64}
EPISODE {'group': 'online_once', 'scenario': 'shock', 'trace': 1, 'cost': 17.828333333333333, 'downstream_backlog': 24.765, 'generation_events': 1, 'episode_http': 2, 'notification_period': 89}
EPISODE {'group': 'online_once', 'scenario': 'shock', 'trace': 2, 'cost': 19.558333333333334, 'downstream_backlog': 11.06, 'generation_events': 1, 'episode_http': 3, 'notification_period': 101}
EPISODE {'group': 'online_once', 'scenario': 'shock', 'trace': 3, 'cost': 25.008333333333333, 'downstream_backlog': 30.25, 'generation_events': 1, 'episode_http': 2, 'notification_period': 84}
share_observation_space:  [Box(-inf, inf, (21,), float32), Box(-inf, inf, (21,), float32), Box(-inf, inf, (21,), float32)]
observation_space:  [Box(-inf, inf, (7,), float32), Box(-inf, inf, (7,), float32), Box(-inf, inf, (7,), float32)]
action_space:  [Discrete(21), Discrete(21), Discrete(21)]
EPISODE {'group': 'online_feedback', 'scenario': 'base', 'trace': 0, 'cost': 11.445, 'downstream_backlog': 1.805, 'generation_events': 0, 'episode_http': 0, 'notification_period': None}
EPISODE {'group': 'online_feedback', 'scenario': 'base', 'trace': 1, 'cost': 16.38, 'downstream_backlog': 17.36, 'generation_events': 0, 'episode_http': 0, 'notification_period': None}
EPISODE {'group': 'online_feedback', 'scenario': 'base', 'trace': 2, 'cost': 15.72, 'downstream_backlog': 4.405, 'generation_events': 0, 'episode_http': 0, 'notification_period': None}
EPISODE {'group': 'online_feedback', 'scenario': 'base', 'trace': 3, 'cost': 19.468333333333334, 'downstream_backlog': 15.33, 'generation_events': 0, 'episode_http': 0, 'notification_period': None}
EPISODE {'group': 'online_feedback', 'scenario': 'shock', 'trace': 0, 'cost': 14.003333333333334, 'downstream_backlog': 2.675, 'generation_events': 4, 'episode_http': 8, 'notification_period': 64}
EPISODE {'group': 'online_feedback', 'scenario': 'shock', 'trace': 1, 'cost': 16.561666666666667, 'downstream_backlog': 23.48, 'generation_events': 4, 'episode_http': 8, 'notification_period': 89}
EPISODE {'group': 'online_feedback', 'scenario': 'shock', 'trace': 2, 'cost': 18.446666666666665, 'downstream_backlog': 11.365, 'generation_events': 4, 'episode_http': 9, 'notification_period': 101}
EPISODE {'group': 'online_feedback', 'scenario': 'shock', 'trace': 3, 'cost': 25.316666666666666, 'downstream_backlog': 29.99, 'generation_events': 4, 'episode_http': 8, 'notification_period': 84}
share_observation_space:  [Box(-inf, inf, (21,), float32), Box(-inf, inf, (21,), float32), Box(-inf, inf, (21,), float32)]
observation_space:  [Box(-inf, inf, (7,), float32), Box(-inf, inf, (7,), float32), Box(-inf, inf, (7,), float32)]
action_space:  [Discrete(21), Discrete(21), Discrete(21)]
EPISODE {'group': 'random_screen', 'scenario': 'base', 'trace': 0, 'cost': 11.445, 'downstream_backlog': 1.805, 'generation_events': 0, 'episode_http': 0, 'notification_period': None}
EPISODE {'group': 'random_screen', 'scenario': 'base', 'trace': 1, 'cost': 16.38, 'downstream_backlog': 17.36, 'generation_events': 0, 'episode_http': 0, 'notification_period': None}
EPISODE {'group': 'random_screen', 'scenario': 'base', 'trace': 2, 'cost': 15.72, 'downstream_backlog': 4.405, 'generation_events': 0, 'episode_http': 0, 'notification_period': None}
EPISODE {'group': 'random_screen', 'scenario': 'base', 'trace': 3, 'cost': 19.468333333333334, 'downstream_backlog': 15.33, 'generation_events': 0, 'episode_http': 0, 'notification_period': None}
EPISODE {'group': 'random_screen', 'scenario': 'shock', 'trace': 0, 'cost': 13.716666666666667, 'downstream_backlog': 2.215, 'generation_events': 4, 'episode_http': 0, 'notification_period': 64}
EPISODE {'group': 'random_screen', 'scenario': 'shock', 'trace': 1, 'cost': 17.04, 'downstream_backlog': 22.57, 'generation_events': 4, 'episode_http': 0, 'notification_period': 89}
EPISODE {'group': 'random_screen', 'scenario': 'shock', 'trace': 2, 'cost': 19.12, 'downstream_backlog': 11.2, 'generation_events': 4, 'episode_http': 0, 'notification_period': 101}
EPISODE {'group': 'random_screen', 'scenario': 'shock', 'trace': 3, 'cost': 22.811666666666667, 'downstream_backlog': 28.94, 'generation_events': 4, 'episode_http': 0, 'notification_period': 84}
ONLINE_DRAFT_COMPLETED
