Gym has been unmaintained since 2022 and does not support NumPy 2.0 amongst other critical functionality.
Please upgrade to Gymnasium, the maintained drop-in replacement of Gym, or contact the authors of your software and request that they upgrade.
Users of this version of Gym should be able to simply replace 'import gym' with 'import gymnasium as gym' in the vast majority of cases.
See the migration guide at https://gymnasium.farama.org/introduction/migration_guide/ for additional information.
share_observation_space:  [Box(-inf, inf, (21,), float32), Box(-inf, inf, (21,), float32), Box(-inf, inf, (21,), float32)]
observation_space:  [Box(-inf, inf, (7,), float32), Box(-inf, inf, (7,), float32), Box(-inf, inf, (7,), float32)]
action_space:  [Discrete(21), Discrete(21), Discrete(21)]
EPISODE {'group': 'happo', 'scenario': 'base', 'trace': 0, 'cost': 23.27, 'downstream_backlog': 2.02, 'generation_events': 0, 'episode_http': 0, 'notification_period': None}
EPISODE {'group': 'happo', 'scenario': 'base', 'trace': 1, 'cost': 11.94, 'downstream_backlog': 0.735, 'generation_events': 0, 'episode_http': 0, 'notification_period': None}
EPISODE {'group': 'happo', 'scenario': 'base', 'trace': 2, 'cost': 21.53, 'downstream_backlog': 30.345, 'generation_events': 0, 'episode_http': 0, 'notification_period': None}
EPISODE {'group': 'happo', 'scenario': 'base', 'trace': 3, 'cost': 19.975, 'downstream_backlog': 15.045, 'generation_events': 0, 'episode_http': 0, 'notification_period': None}
EPISODE {'group': 'happo', 'scenario': 'shock', 'trace': 0, 'cost': 17.536666666666665, 'downstream_backlog': 1.67, 'generation_events': 0, 'episode_http': 0, 'notification_period': 72}
EPISODE {'group': 'happo', 'scenario': 'shock', 'trace': 1, 'cost': 16.256666666666668, 'downstream_backlog': 1.025, 'generation_events': 0, 'episode_http': 0, 'notification_period': 83}
EPISODE {'group': 'happo', 'scenario': 'shock', 'trace': 2, 'cost': 32.27, 'downstream_backlog': 54.81, 'generation_events': 0, 'episode_http': 0, 'notification_period': 65}
EPISODE {'group': 'happo', 'scenario': 'shock', 'trace': 3, 'cost': 22.468333333333334, 'downstream_backlog': 22.45, 'generation_events': 0, 'episode_http': 0, 'notification_period': 69}
share_observation_space:  [Box(-inf, inf, (21,), float32), Box(-inf, inf, (21,), float32), Box(-inf, inf, (21,), float32)]
observation_space:  [Box(-inf, inf, (7,), float32), Box(-inf, inf, (7,), float32), Box(-inf, inf, (7,), float32)]
action_space:  [Discrete(21), Discrete(21), Discrete(21)]
EPISODE {'group': 'llm_library', 'scenario': 'base', 'trace': 0, 'cost': 23.27, 'downstream_backlog': 2.02, 'generation_events': 0, 'episode_http': 0, 'notification_period': None}
EPISODE {'group': 'llm_library', 'scenario': 'base', 'trace': 1, 'cost': 11.94, 'downstream_backlog': 0.735, 'generation_events': 0, 'episode_http': 0, 'notification_period': None}
EPISODE {'group': 'llm_library', 'scenario': 'base', 'trace': 2, 'cost': 21.53, 'downstream_backlog': 30.345, 'generation_events': 0, 'episode_http': 0, 'notification_period': None}
EPISODE {'group': 'llm_library', 'scenario': 'base', 'trace': 3, 'cost': 19.975, 'downstream_backlog': 15.045, 'generation_events': 0, 'episode_http': 0, 'notification_period': None}
EPISODE {'group': 'llm_library', 'scenario': 'shock', 'trace': 0, 'cost': 17.0, 'downstream_backlog': 1.74, 'generation_events': 1, 'episode_http': 0, 'notification_period': 72}
EPISODE {'group': 'llm_library', 'scenario': 'shock', 'trace': 1, 'cost': 16.13, 'downstream_backlog': 1.025, 'generation_events': 1, 'episode_http': 0, 'notification_period': 83}
EPISODE {'group': 'llm_library', 'scenario': 'shock', 'trace': 2, 'cost': 33.145, 'downstream_backlog': 57.785, 'generation_events': 1, 'episode_http': 0, 'notification_period': 65}
EPISODE {'group': 'llm_library', 'scenario': 'shock', 'trace': 3, 'cost': 22.755, 'downstream_backlog': 22.14, 'generation_events': 1, 'episode_http': 0, 'notification_period': 69}
share_observation_space:  [Box(-inf, inf, (21,), float32), Box(-inf, inf, (21,), float32), Box(-inf, inf, (21,), float32)]
observation_space:  [Box(-inf, inf, (7,), float32), Box(-inf, inf, (7,), float32), Box(-inf, inf, (7,), float32)]
action_space:  [Discrete(21), Discrete(21), Discrete(21)]
EPISODE {'group': 'online_once', 'scenario': 'base', 'trace': 0, 'cost': 23.27, 'downstream_backlog': 2.02, 'generation_events': 0, 'episode_http': 0, 'notification_period': None}
EPISODE {'group': 'online_once', 'scenario': 'base', 'trace': 1, 'cost': 11.94, 'downstream_backlog': 0.735, 'generation_events': 0, 'episode_http': 0, 'notification_period': None}
EPISODE {'group': 'online_once', 'scenario': 'base', 'trace': 2, 'cost': 21.53, 'downstream_backlog': 30.345, 'generation_events': 0, 'episode_http': 0, 'notification_period': None}
EPISODE {'group': 'online_once', 'scenario': 'base', 'trace': 3, 'cost': 19.975, 'downstream_backlog': 15.045, 'generation_events': 0, 'episode_http': 0, 'notification_period': None}
EPISODE {'group': 'online_once', 'scenario': 'shock', 'trace': 0, 'cost': 19.703333333333333, 'downstream_backlog': 1.63, 'generation_events': 1, 'episode_http': 2, 'notification_period': 72}
EPISODE {'group': 'online_once', 'scenario': 'shock', 'trace': 1, 'cost': 15.445, 'downstream_backlog': 0.895, 'generation_events': 1, 'episode_http': 2, 'notification_period': 83}
EPISODE {'group': 'online_once', 'scenario': 'shock', 'trace': 2, 'cost': 30.60333333333333, 'downstream_backlog': 53.5, 'generation_events': 1, 'episode_http': 2, 'notification_period': 65}
EPISODE {'group': 'online_once', 'scenario': 'shock', 'trace': 3, 'cost': 22.18, 'downstream_backlog': 22.46, 'generation_events': 1, 'episode_http': 2, 'notification_period': 69}
share_observation_space:  [Box(-inf, inf, (21,), float32), Box(-inf, inf, (21,), float32), Box(-inf, inf, (21,), float32)]
observation_space:  [Box(-inf, inf, (7,), float32), Box(-inf, inf, (7,), float32), Box(-inf, inf, (7,), float32)]
action_space:  [Discrete(21), Discrete(21), Discrete(21)]
EPISODE {'group': 'online_feedback', 'scenario': 'base', 'trace': 0, 'cost': 23.27, 'downstream_backlog': 2.02, 'generation_events': 0, 'episode_http': 0, 'notification_period': None}
EPISODE {'group': 'online_feedback', 'scenario': 'base', 'trace': 1, 'cost': 11.94, 'downstream_backlog': 0.735, 'generation_events': 0, 'episode_http': 0, 'notification_period': None}
EPISODE {'group': 'online_feedback', 'scenario': 'base', 'trace': 2, 'cost': 21.53, 'downstream_backlog': 30.345, 'generation_events': 0, 'episode_http': 0, 'notification_period': None}
EPISODE {'group': 'online_feedback', 'scenario': 'base', 'trace': 3, 'cost': 19.975, 'downstream_backlog': 15.045, 'generation_events': 0, 'episode_http': 0, 'notification_period': None}
EPISODE {'group': 'online_feedback', 'scenario': 'shock', 'trace': 0, 'cost': 17.52, 'downstream_backlog': 1.68, 'generation_events': 4, 'episode_http': 9, 'notification_period': 72}
EPISODE {'group': 'online_feedback', 'scenario': 'shock', 'trace': 1, 'cost': 14.531666666666666, 'downstream_backlog': 0.885, 'generation_events': 4, 'episode_http': 11, 'notification_period': 83}
EPISODE {'group': 'online_feedback', 'scenario': 'shock', 'trace': 2, 'cost': 30.308333333333334, 'downstream_backlog': 52.59, 'generation_events': 4, 'episode_http': 8, 'notification_period': 65}
EPISODE {'group': 'online_feedback', 'scenario': 'shock', 'trace': 3, 'cost': 22.438333333333333, 'downstream_backlog': 22.26, 'generation_events': 4, 'episode_http': 9, 'notification_period': 69}
share_observation_space:  [Box(-inf, inf, (21,), float32), Box(-inf, inf, (21,), float32), Box(-inf, inf, (21,), float32)]
observation_space:  [Box(-inf, inf, (7,), float32), Box(-inf, inf, (7,), float32), Box(-inf, inf, (7,), float32)]
action_space:  [Discrete(21), Discrete(21), Discrete(21)]
EPISODE {'group': 'random_screen', 'scenario': 'base', 'trace': 0, 'cost': 23.27, 'downstream_backlog': 2.02, 'generation_events': 0, 'episode_http': 0, 'notification_period': None}
EPISODE {'group': 'random_screen', 'scenario': 'base', 'trace': 1, 'cost': 11.94, 'downstream_backlog': 0.735, 'generation_events': 0, 'episode_http': 0, 'notification_period': None}
EPISODE {'group': 'random_screen', 'scenario': 'base', 'trace': 2, 'cost': 21.53, 'downstream_backlog': 30.345, 'generation_events': 0, 'episode_http': 0, 'notification_period': None}
EPISODE {'group': 'random_screen', 'scenario': 'base', 'trace': 3, 'cost': 19.975, 'downstream_backlog': 15.045, 'generation_events': 0, 'episode_http': 0, 'notification_period': None}
EPISODE {'group': 'random_screen', 'scenario': 'shock', 'trace': 0, 'cost': 17.535, 'downstream_backlog': 1.38, 'generation_events': 4, 'episode_http': 0, 'notification_period': 72}
EPISODE {'group': 'random_screen', 'scenario': 'shock', 'trace': 1, 'cost': 11.36, 'downstream_backlog': 0.6, 'generation_events': 4, 'episode_http': 0, 'notification_period': 83}
EPISODE {'group': 'random_screen', 'scenario': 'shock', 'trace': 2, 'cost': 28.811666666666667, 'downstream_backlog': 50.85, 'generation_events': 4, 'episode_http': 0, 'notification_period': 65}
EPISODE {'group': 'random_screen', 'scenario': 'shock', 'trace': 3, 'cost': 21.94, 'downstream_backlog': 21.645, 'generation_events': 4, 'episode_http': 0, 'notification_period': 69}
ONLINE_DRAFT_COMPLETED
