Gym has been unmaintained since 2022 and does not support NumPy 2.0 amongst other critical functionality.
Please upgrade to Gymnasium, the maintained drop-in replacement of Gym, or contact the authors of your software and request that they upgrade.
Users of this version of Gym should be able to simply replace 'import gym' with 'import gymnasium as gym' in the vast majority of cases.
See the migration guide at https://gymnasium.farama.org/introduction/migration_guide/ for additional information.
share_observation_space:  [Box(-inf, inf, (21,), float32), Box(-inf, inf, (21,), float32), Box(-inf, inf, (21,), float32)]
observation_space:  [Box(-inf, inf, (7,), float32), Box(-inf, inf, (7,), float32), Box(-inf, inf, (7,), float32)]
action_space:  [Discrete(21), Discrete(21), Discrete(21)]
EPISODE {'group': 'happo', 'scenario': 'base', 'trace': 0, 'cost': 14.42, 'downstream_backlog': 2.09, 'generation_events': 0, 'episode_http': 0, 'notification_period': None}
EPISODE {'group': 'happo', 'scenario': 'base', 'trace': 1, 'cost': 10.456666666666667, 'downstream_backlog': 0.945, 'generation_events': 0, 'episode_http': 0, 'notification_period': None}
EPISODE {'group': 'happo', 'scenario': 'base', 'trace': 2, 'cost': 24.383333333333333, 'downstream_backlog': 31.56, 'generation_events': 0, 'episode_http': 0, 'notification_period': None}
EPISODE {'group': 'happo', 'scenario': 'base', 'trace': 3, 'cost': 18.023333333333333, 'downstream_backlog': 16.67, 'generation_events': 0, 'episode_http': 0, 'notification_period': None}
EPISODE {'group': 'happo', 'scenario': 'shock', 'trace': 0, 'cost': 13.581666666666667, 'downstream_backlog': 1.815, 'generation_events': 0, 'episode_http': 0, 'notification_period': 72}
EPISODE {'group': 'happo', 'scenario': 'shock', 'trace': 1, 'cost': 11.715, 'downstream_backlog': 0.955, 'generation_events': 0, 'episode_http': 0, 'notification_period': 83}
EPISODE {'group': 'happo', 'scenario': 'shock', 'trace': 2, 'cost': 33.245, 'downstream_backlog': 54.43, 'generation_events': 0, 'episode_http': 0, 'notification_period': 65}
EPISODE {'group': 'happo', 'scenario': 'shock', 'trace': 3, 'cost': 21.766666666666666, 'downstream_backlog': 24.585, 'generation_events': 0, 'episode_http': 0, 'notification_period': 69}
share_observation_space:  [Box(-inf, inf, (21,), float32), Box(-inf, inf, (21,), float32), Box(-inf, inf, (21,), float32)]
observation_space:  [Box(-inf, inf, (7,), float32), Box(-inf, inf, (7,), float32), Box(-inf, inf, (7,), float32)]
action_space:  [Discrete(21), Discrete(21), Discrete(21)]
EPISODE {'group': 'llm_library', 'scenario': 'base', 'trace': 0, 'cost': 14.42, 'downstream_backlog': 2.09, 'generation_events': 0, 'episode_http': 0, 'notification_period': None}
EPISODE {'group': 'llm_library', 'scenario': 'base', 'trace': 1, 'cost': 10.456666666666667, 'downstream_backlog': 0.945, 'generation_events': 0, 'episode_http': 0, 'notification_period': None}
EPISODE {'group': 'llm_library', 'scenario': 'base', 'trace': 2, 'cost': 24.383333333333333, 'downstream_backlog': 31.56, 'generation_events': 0, 'episode_http': 0, 'notification_period': None}
EPISODE {'group': 'llm_library', 'scenario': 'base', 'trace': 3, 'cost': 18.023333333333333, 'downstream_backlog': 16.67, 'generation_events': 0, 'episode_http': 0, 'notification_period': None}
EPISODE {'group': 'llm_library', 'scenario': 'shock', 'trace': 0, 'cost': 14.115, 'downstream_backlog': 2.045, 'generation_events': 1, 'episode_http': 0, 'notification_period': 72}
EPISODE {'group': 'llm_library', 'scenario': 'shock', 'trace': 1, 'cost': 11.663333333333334, 'downstream_backlog': 0.955, 'generation_events': 1, 'episode_http': 0, 'notification_period': 83}
EPISODE {'group': 'llm_library', 'scenario': 'shock', 'trace': 2, 'cost': 32.211666666666666, 'downstream_backlog': 50.895, 'generation_events': 1, 'episode_http': 0, 'notification_period': 65}
EPISODE {'group': 'llm_library', 'scenario': 'shock', 'trace': 3, 'cost': 21.008333333333333, 'downstream_backlog': 24.65, 'generation_events': 1, 'episode_http': 0, 'notification_period': 69}
share_observation_space:  [Box(-inf, inf, (21,), float32), Box(-inf, inf, (21,), float32), Box(-inf, inf, (21,), float32)]
observation_space:  [Box(-inf, inf, (7,), float32), Box(-inf, inf, (7,), float32), Box(-inf, inf, (7,), float32)]
action_space:  [Discrete(21), Discrete(21), Discrete(21)]
EPISODE {'group': 'online_once', 'scenario': 'base', 'trace': 0, 'cost': 14.42, 'downstream_backlog': 2.09, 'generation_events': 0, 'episode_http': 0, 'notification_period': None}
EPISODE {'group': 'online_once', 'scenario': 'base', 'trace': 1, 'cost': 10.456666666666667, 'downstream_backlog': 0.945, 'generation_events': 0, 'episode_http': 0, 'notification_period': None}
EPISODE {'group': 'online_once', 'scenario': 'base', 'trace': 2, 'cost': 24.383333333333333, 'downstream_backlog': 31.56, 'generation_events': 0, 'episode_http': 0, 'notification_period': None}
EPISODE {'group': 'online_once', 'scenario': 'base', 'trace': 3, 'cost': 18.023333333333333, 'downstream_backlog': 16.67, 'generation_events': 0, 'episode_http': 0, 'notification_period': None}
EPISODE {'group': 'online_once', 'scenario': 'shock', 'trace': 0, 'cost': 13.15, 'downstream_backlog': 2.045, 'generation_events': 1, 'episode_http': 2, 'notification_period': 72}
EPISODE {'group': 'online_once', 'scenario': 'shock', 'trace': 1, 'cost': 11.55, 'downstream_backlog': 1.01, 'generation_events': 1, 'episode_http': 2, 'notification_period': 83}
EPISODE {'group': 'online_once', 'scenario': 'shock', 'trace': 2, 'cost': 29.31, 'downstream_backlog': 44.94, 'generation_events': 1, 'episode_http': 2, 'notification_period': 65}
EPISODE {'group': 'online_once', 'scenario': 'shock', 'trace': 3, 'cost': 20.518333333333334, 'downstream_backlog': 22.915, 'generation_events': 1, 'episode_http': 2, 'notification_period': 69}
share_observation_space:  [Box(-inf, inf, (21,), float32), Box(-inf, inf, (21,), float32), Box(-inf, inf, (21,), float32)]
observation_space:  [Box(-inf, inf, (7,), float32), Box(-inf, inf, (7,), float32), Box(-inf, inf, (7,), float32)]
action_space:  [Discrete(21), Discrete(21), Discrete(21)]
EPISODE {'group': 'online_feedback', 'scenario': 'base', 'trace': 0, 'cost': 14.42, 'downstream_backlog': 2.09, 'generation_events': 0, 'episode_http': 0, 'notification_period': None}
EPISODE {'group': 'online_feedback', 'scenario': 'base', 'trace': 1, 'cost': 10.456666666666667, 'downstream_backlog': 0.945, 'generation_events': 0, 'episode_http': 0, 'notification_period': None}
EPISODE {'group': 'online_feedback', 'scenario': 'base', 'trace': 2, 'cost': 24.383333333333333, 'downstream_backlog': 31.56, 'generation_events': 0, 'episode_http': 0, 'notification_period': None}
EPISODE {'group': 'online_feedback', 'scenario': 'base', 'trace': 3, 'cost': 18.023333333333333, 'downstream_backlog': 16.67, 'generation_events': 0, 'episode_http': 0, 'notification_period': None}
EPISODE {'group': 'online_feedback', 'scenario': 'shock', 'trace': 0, 'cost': 13.221666666666666, 'downstream_backlog': 1.765, 'generation_events': 4, 'episode_http': 10, 'notification_period': 72}
EPISODE {'group': 'online_feedback', 'scenario': 'shock', 'trace': 1, 'cost': 11.951666666666666, 'downstream_backlog': 0.875, 'generation_events': 4, 'episode_http': 9, 'notification_period': 83}
EPISODE {'group': 'online_feedback', 'scenario': 'shock', 'trace': 2, 'cost': 33.123333333333335, 'downstream_backlog': 53.455, 'generation_events': 4, 'episode_http': 9, 'notification_period': 65}
EPISODE {'group': 'online_feedback', 'scenario': 'shock', 'trace': 3, 'cost': 22.418333333333333, 'downstream_backlog': 23.235, 'generation_events': 4, 'episode_http': 9, 'notification_period': 69}
share_observation_space:  [Box(-inf, inf, (21,), float32), Box(-inf, inf, (21,), float32), Box(-inf, inf, (21,), float32)]
observation_space:  [Box(-inf, inf, (7,), float32), Box(-inf, inf, (7,), float32), Box(-inf, inf, (7,), float32)]
action_space:  [Discrete(21), Discrete(21), Discrete(21)]
EPISODE {'group': 'random_screen', 'scenario': 'base', 'trace': 0, 'cost': 14.42, 'downstream_backlog': 2.09, 'generation_events': 0, 'episode_http': 0, 'notification_period': None}
EPISODE {'group': 'random_screen', 'scenario': 'base', 'trace': 1, 'cost': 10.456666666666667, 'downstream_backlog': 0.945, 'generation_events': 0, 'episode_http': 0, 'notification_period': None}
EPISODE {'group': 'random_screen', 'scenario': 'base', 'trace': 2, 'cost': 24.383333333333333, 'downstream_backlog': 31.56, 'generation_events': 0, 'episode_http': 0, 'notification_period': None}
EPISODE {'group': 'random_screen', 'scenario': 'base', 'trace': 3, 'cost': 18.023333333333333, 'downstream_backlog': 16.67, 'generation_events': 0, 'episode_http': 0, 'notification_period': None}
EPISODE {'group': 'random_screen', 'scenario': 'shock', 'trace': 0, 'cost': 13.236666666666666, 'downstream_backlog': 1.805, 'generation_events': 4, 'episode_http': 0, 'notification_period': 72}
EPISODE {'group': 'random_screen', 'scenario': 'shock', 'trace': 1, 'cost': 11.936666666666667, 'downstream_backlog': 0.525, 'generation_events': 4, 'episode_http': 0, 'notification_period': 83}
EPISODE {'group': 'random_screen', 'scenario': 'shock', 'trace': 2, 'cost': 26.57, 'downstream_backlog': 44.945, 'generation_events': 4, 'episode_http': 0, 'notification_period': 65}
EPISODE {'group': 'random_screen', 'scenario': 'shock', 'trace': 3, 'cost': 20.758333333333333, 'downstream_backlog': 23.485, 'generation_events': 4, 'episode_http': 0, 'notification_period': 69}
ONLINE_DRAFT_COMPLETED
