Gym has been unmaintained since 2022 and does not support NumPy 2.0 amongst other critical functionality.
Please upgrade to Gymnasium, the maintained drop-in replacement of Gym, or contact the authors of your software and request that they upgrade.
Users of this version of Gym should be able to simply replace 'import gym' with 'import gymnasium as gym' in the vast majority of cases.
See the migration guide at https://gymnasium.farama.org/introduction/migration_guide/ for additional information.
share_observation_space:  [Box(-inf, inf, (21,), float32), Box(-inf, inf, (21,), float32), Box(-inf, inf, (21,), float32)]
observation_space:  [Box(-inf, inf, (7,), float32), Box(-inf, inf, (7,), float32), Box(-inf, inf, (7,), float32)]
action_space:  [Discrete(21), Discrete(21), Discrete(21)]
EPISODE {'group': 'happo', 'scenario': 'base', 'trace': 0, 'cost': 15.995, 'downstream_backlog': 2.305, 'generation_events': 0, 'episode_http': 0, 'notification_period': None}
EPISODE {'group': 'happo', 'scenario': 'base', 'trace': 1, 'cost': 12.661666666666667, 'downstream_backlog': 0.25, 'generation_events': 0, 'episode_http': 0, 'notification_period': None}
EPISODE {'group': 'happo', 'scenario': 'base', 'trace': 2, 'cost': 17.85, 'downstream_backlog': 11.575, 'generation_events': 0, 'episode_http': 0, 'notification_period': None}
EPISODE {'group': 'happo', 'scenario': 'base', 'trace': 3, 'cost': 15.861666666666666, 'downstream_backlog': 2.705, 'generation_events': 0, 'episode_http': 0, 'notification_period': None}
EPISODE {'group': 'happo', 'scenario': 'shock', 'trace': 0, 'cost': 18.875, 'downstream_backlog': 3.06, 'generation_events': 0, 'episode_http': 0, 'notification_period': 96}
EPISODE {'group': 'happo', 'scenario': 'shock', 'trace': 1, 'cost': 12.476666666666667, 'downstream_backlog': 0.41, 'generation_events': 0, 'episode_http': 0, 'notification_period': 86}
EPISODE {'group': 'happo', 'scenario': 'shock', 'trace': 2, 'cost': 18.29, 'downstream_backlog': 13.36, 'generation_events': 0, 'episode_http': 0, 'notification_period': 90}
EPISODE {'group': 'happo', 'scenario': 'shock', 'trace': 3, 'cost': 12.74, 'downstream_backlog': 2.82, 'generation_events': 0, 'episode_http': 0, 'notification_period': 73}
share_observation_space:  [Box(-inf, inf, (21,), float32), Box(-inf, inf, (21,), float32), Box(-inf, inf, (21,), float32)]
observation_space:  [Box(-inf, inf, (7,), float32), Box(-inf, inf, (7,), float32), Box(-inf, inf, (7,), float32)]
action_space:  [Discrete(21), Discrete(21), Discrete(21)]
EPISODE {'group': 'online_feedback', 'scenario': 'base', 'trace': 0, 'cost': 15.995, 'downstream_backlog': 2.305, 'generation_events': 0, 'episode_http': 0, 'notification_period': None}
EPISODE {'group': 'online_feedback', 'scenario': 'base', 'trace': 1, 'cost': 12.661666666666667, 'downstream_backlog': 0.25, 'generation_events': 0, 'episode_http': 0, 'notification_period': None}
EPISODE {'group': 'online_feedback', 'scenario': 'base', 'trace': 2, 'cost': 17.85, 'downstream_backlog': 11.575, 'generation_events': 0, 'episode_http': 0, 'notification_period': None}
EPISODE {'group': 'online_feedback', 'scenario': 'base', 'trace': 3, 'cost': 15.861666666666666, 'downstream_backlog': 2.705, 'generation_events': 0, 'episode_http': 0, 'notification_period': None}
EPISODE {'group': 'online_feedback', 'scenario': 'shock', 'trace': 0, 'cost': 19.93, 'downstream_backlog': 2.915, 'generation_events': 4, 'episode_http': 8, 'notification_period': 96}
EPISODE {'group': 'online_feedback', 'scenario': 'shock', 'trace': 1, 'cost': 11.293333333333333, 'downstream_backlog': 0.41, 'generation_events': 4, 'episode_http': 8, 'notification_period': 86}
EPISODE {'group': 'online_feedback', 'scenario': 'shock', 'trace': 2, 'cost': 15.503333333333334, 'downstream_backlog': 10.39, 'generation_events': 4, 'episode_http': 8, 'notification_period': 90}
EPISODE {'group': 'online_feedback', 'scenario': 'shock', 'trace': 3, 'cost': 12.74, 'downstream_backlog': 2.82, 'generation_events': 4, 'episode_http': 9, 'notification_period': 73}
share_observation_space:  [Box(-inf, inf, (21,), float32), Box(-inf, inf, (21,), float32), Box(-inf, inf, (21,), float32)]
observation_space:  [Box(-inf, inf, (7,), float32), Box(-inf, inf, (7,), float32), Box(-inf, inf, (7,), float32)]
action_space:  [Discrete(21), Discrete(21), Discrete(21)]
EPISODE {'group': 'case_feedback', 'scenario': 'base', 'trace': 0, 'cost': 15.995, 'downstream_backlog': 2.305, 'generation_events': 0, 'episode_http': 0, 'notification_period': None}
EPISODE {'group': 'case_feedback', 'scenario': 'base', 'trace': 1, 'cost': 12.661666666666667, 'downstream_backlog': 0.25, 'generation_events': 0, 'episode_http': 0, 'notification_period': None}
EPISODE {'group': 'case_feedback', 'scenario': 'base', 'trace': 2, 'cost': 17.85, 'downstream_backlog': 11.575, 'generation_events': 0, 'episode_http': 0, 'notification_period': None}
EPISODE {'group': 'case_feedback', 'scenario': 'base', 'trace': 3, 'cost': 15.861666666666666, 'downstream_backlog': 2.705, 'generation_events': 0, 'episode_http': 0, 'notification_period': None}
EPISODE {'group': 'case_feedback', 'scenario': 'shock', 'trace': 0, 'cost': 20.195, 'downstream_backlog': 2.78, 'generation_events': 4, 'episode_http': 8, 'notification_period': 96}
EPISODE {'group': 'case_feedback', 'scenario': 'shock', 'trace': 1, 'cost': 12.501666666666667, 'downstream_backlog': 0.41, 'generation_events': 4, 'episode_http': 9, 'notification_period': 86}
EPISODE {'group': 'case_feedback', 'scenario': 'shock', 'trace': 2, 'cost': 15.803333333333333, 'downstream_backlog': 12.135, 'generation_events': 4, 'episode_http': 9, 'notification_period': 90}
EPISODE {'group': 'case_feedback', 'scenario': 'shock', 'trace': 3, 'cost': 11.788333333333334, 'downstream_backlog': 2.575, 'generation_events': 4, 'episode_http': 8, 'notification_period': 73}
CASE_ONLY_COMPLETED
