Gym has been unmaintained since 2022 and does not support NumPy 2.0 amongst other critical functionality.
Please upgrade to Gymnasium, the maintained drop-in replacement of Gym, or contact the authors of your software and request that they upgrade.
Users of this version of Gym should be able to simply replace 'import gym' with 'import gymnasium as gym' in the vast majority of cases.
See the migration guide at https://gymnasium.farama.org/introduction/migration_guide/ for additional information.
share_observation_space:  [Box(-inf, inf, (21,), float32), Box(-inf, inf, (21,), float32), Box(-inf, inf, (21,), float32)]
observation_space:  [Box(-inf, inf, (7,), float32), Box(-inf, inf, (7,), float32), Box(-inf, inf, (7,), float32)]
action_space:  [Discrete(21), Discrete(21), Discrete(21)]
EPISODE {'group': 'happo', 'scenario': 'base', 'trace': 0, 'cost': 20.051666666666666, 'downstream_backlog': 18.755, 'generation_events': 0, 'episode_http': 0, 'notification_period': None}
EPISODE {'group': 'happo', 'scenario': 'base', 'trace': 1, 'cost': 29.79, 'downstream_backlog': 22.39, 'generation_events': 0, 'episode_http': 0, 'notification_period': None}
EPISODE {'group': 'happo', 'scenario': 'base', 'trace': 2, 'cost': 30.551666666666666, 'downstream_backlog': 32.19, 'generation_events': 0, 'episode_http': 0, 'notification_period': None}
EPISODE {'group': 'happo', 'scenario': 'base', 'trace': 3, 'cost': 12.623333333333333, 'downstream_backlog': 1.655, 'generation_events': 0, 'episode_http': 0, 'notification_period': None}
EPISODE {'group': 'happo', 'scenario': 'shock', 'trace': 0, 'cost': 23.19333333333333, 'downstream_backlog': 25.38, 'generation_events': 0, 'episode_http': 0, 'notification_period': 77}
EPISODE {'group': 'happo', 'scenario': 'shock', 'trace': 1, 'cost': 18.953333333333333, 'downstream_backlog': 13.65, 'generation_events': 0, 'episode_http': 0, 'notification_period': 67}
EPISODE {'group': 'happo', 'scenario': 'shock', 'trace': 2, 'cost': 28.976666666666667, 'downstream_backlog': 38.315, 'generation_events': 0, 'episode_http': 0, 'notification_period': 72}
EPISODE {'group': 'happo', 'scenario': 'shock', 'trace': 3, 'cost': 22.218333333333334, 'downstream_backlog': 3.1, 'generation_events': 0, 'episode_http': 0, 'notification_period': 77}
share_observation_space:  [Box(-inf, inf, (21,), float32), Box(-inf, inf, (21,), float32), Box(-inf, inf, (21,), float32)]
observation_space:  [Box(-inf, inf, (7,), float32), Box(-inf, inf, (7,), float32), Box(-inf, inf, (7,), float32)]
action_space:  [Discrete(21), Discrete(21), Discrete(21)]
EPISODE {'group': 'online_feedback', 'scenario': 'base', 'trace': 0, 'cost': 20.051666666666666, 'downstream_backlog': 18.755, 'generation_events': 0, 'episode_http': 0, 'notification_period': None}
EPISODE {'group': 'online_feedback', 'scenario': 'base', 'trace': 1, 'cost': 29.79, 'downstream_backlog': 22.39, 'generation_events': 0, 'episode_http': 0, 'notification_period': None}
EPISODE {'group': 'online_feedback', 'scenario': 'base', 'trace': 2, 'cost': 30.551666666666666, 'downstream_backlog': 32.19, 'generation_events': 0, 'episode_http': 0, 'notification_period': None}
EPISODE {'group': 'online_feedback', 'scenario': 'base', 'trace': 3, 'cost': 12.623333333333333, 'downstream_backlog': 1.655, 'generation_events': 0, 'episode_http': 0, 'notification_period': None}
EPISODE {'group': 'online_feedback', 'scenario': 'shock', 'trace': 0, 'cost': 20.605, 'downstream_backlog': 23.405, 'generation_events': 4, 'episode_http': 8, 'notification_period': 77}
EPISODE {'group': 'online_feedback', 'scenario': 'shock', 'trace': 1, 'cost': 23.843333333333334, 'downstream_backlog': 16.745, 'generation_events': 4, 'episode_http': 10, 'notification_period': 67}
EPISODE {'group': 'online_feedback', 'scenario': 'shock', 'trace': 2, 'cost': 28.736666666666668, 'downstream_backlog': 38.315, 'generation_events': 4, 'episode_http': 9, 'notification_period': 72}
EPISODE {'group': 'online_feedback', 'scenario': 'shock', 'trace': 3, 'cost': 20.413333333333334, 'downstream_backlog': 2.9, 'generation_events': 4, 'episode_http': 8, 'notification_period': 77}
ONLINE_DRAFT_COMPLETED
