Gym has been unmaintained since 2022 and does not support NumPy 2.0 amongst other critical functionality.
Please upgrade to Gymnasium, the maintained drop-in replacement of Gym, or contact the authors of your software and request that they upgrade.
Users of this version of Gym should be able to simply replace 'import gym' with 'import gymnasium as gym' in the vast majority of cases.
See the migration guide at https://gymnasium.farama.org/introduction/migration_guide/ for additional information.
share_observation_space:  [Box(-inf, inf, (21,), float32), Box(-inf, inf, (21,), float32), Box(-inf, inf, (21,), float32)]
observation_space:  [Box(-inf, inf, (7,), float32), Box(-inf, inf, (7,), float32), Box(-inf, inf, (7,), float32)]
action_space:  [Discrete(21), Discrete(21), Discrete(21)]
EPISODE {'group': 'happo', 'scenario': 'base', 'trace': 0, 'cost': 16.826666666666668, 'downstream_backlog': 6.985, 'generation_events': 0, 'episode_http': 0, 'notification_period': None}
EPISODE {'group': 'happo', 'scenario': 'base', 'trace': 1, 'cost': 17.248333333333335, 'downstream_backlog': 12.455, 'generation_events': 0, 'episode_http': 0, 'notification_period': None}
EPISODE {'group': 'happo', 'scenario': 'base', 'trace': 2, 'cost': 17.93166666666667, 'downstream_backlog': 8.875, 'generation_events': 0, 'episode_http': 0, 'notification_period': None}
EPISODE {'group': 'happo', 'scenario': 'base', 'trace': 3, 'cost': 15.695, 'downstream_backlog': 3.44, 'generation_events': 0, 'episode_http': 0, 'notification_period': None}
EPISODE {'group': 'happo', 'scenario': 'shock', 'trace': 0, 'cost': 18.863333333333333, 'downstream_backlog': 11.445, 'generation_events': 0, 'episode_http': 0, 'notification_period': 89}
EPISODE {'group': 'happo', 'scenario': 'shock', 'trace': 1, 'cost': 20.93166666666667, 'downstream_backlog': 14.805, 'generation_events': 0, 'episode_http': 0, 'notification_period': 79}
EPISODE {'group': 'happo', 'scenario': 'shock', 'trace': 2, 'cost': 19.231666666666666, 'downstream_backlog': 12.65, 'generation_events': 0, 'episode_http': 0, 'notification_period': 84}
EPISODE {'group': 'happo', 'scenario': 'shock', 'trace': 3, 'cost': 25.018333333333334, 'downstream_backlog': 5.925, 'generation_events': 0, 'episode_http': 0, 'notification_period': 89}
share_observation_space:  [Box(-inf, inf, (21,), float32), Box(-inf, inf, (21,), float32), Box(-inf, inf, (21,), float32)]
observation_space:  [Box(-inf, inf, (7,), float32), Box(-inf, inf, (7,), float32), Box(-inf, inf, (7,), float32)]
action_space:  [Discrete(21), Discrete(21), Discrete(21)]
EPISODE {'group': 'online_feedback', 'scenario': 'base', 'trace': 0, 'cost': 16.826666666666668, 'downstream_backlog': 6.985, 'generation_events': 0, 'episode_http': 0, 'notification_period': None}
EPISODE {'group': 'online_feedback', 'scenario': 'base', 'trace': 1, 'cost': 17.248333333333335, 'downstream_backlog': 12.455, 'generation_events': 0, 'episode_http': 0, 'notification_period': None}
EPISODE {'group': 'online_feedback', 'scenario': 'base', 'trace': 2, 'cost': 17.93166666666667, 'downstream_backlog': 8.875, 'generation_events': 0, 'episode_http': 0, 'notification_period': None}
EPISODE {'group': 'online_feedback', 'scenario': 'base', 'trace': 3, 'cost': 15.695, 'downstream_backlog': 3.44, 'generation_events': 0, 'episode_http': 0, 'notification_period': None}
EPISODE {'group': 'online_feedback', 'scenario': 'shock', 'trace': 0, 'cost': 18.863333333333333, 'downstream_backlog': 11.445, 'generation_events': 4, 'episode_http': 9, 'notification_period': 89}
EPISODE {'group': 'online_feedback', 'scenario': 'shock', 'trace': 1, 'cost': 19.733333333333334, 'downstream_backlog': 13.055, 'generation_events': 4, 'episode_http': 8, 'notification_period': 79}
EPISODE {'group': 'online_feedback', 'scenario': 'shock', 'trace': 2, 'cost': 19.231666666666666, 'downstream_backlog': 12.65, 'generation_events': 4, 'episode_http': 8, 'notification_period': 84}
EPISODE {'group': 'online_feedback', 'scenario': 'shock', 'trace': 3, 'cost': 25.018333333333334, 'downstream_backlog': 5.925, 'generation_events': 4, 'episode_http': 8, 'notification_period': 89}
ONLINE_DRAFT_COMPLETED
