Gym has been unmaintained since 2022 and does not support NumPy 2.0 amongst other critical functionality.
Please upgrade to Gymnasium, the maintained drop-in replacement of Gym, or contact the authors of your software and request that they upgrade.
Users of this version of Gym should be able to simply replace 'import gym' with 'import gymnasium as gym' in the vast majority of cases.
See the migration guide at https://gymnasium.farama.org/introduction/migration_guide/ for additional information.
share_observation_space:  [Box(-inf, inf, (21,), float32), Box(-inf, inf, (21,), float32), Box(-inf, inf, (21,), float32)]
observation_space:  [Box(-inf, inf, (7,), float32), Box(-inf, inf, (7,), float32), Box(-inf, inf, (7,), float32)]
action_space:  [Discrete(21), Discrete(21), Discrete(21)]
EPISODE {'group': 'happo', 'scenario': 'base', 'trace': 0, 'cost': 17.923333333333332, 'downstream_backlog': 7.945, 'generation_events': 0, 'episode_http': 0, 'notification_period': None}
EPISODE {'group': 'happo', 'scenario': 'base', 'trace': 1, 'cost': 22.848333333333333, 'downstream_backlog': 15.86, 'generation_events': 0, 'episode_http': 0, 'notification_period': None}
EPISODE {'group': 'happo', 'scenario': 'base', 'trace': 2, 'cost': 19.686666666666667, 'downstream_backlog': 11.86, 'generation_events': 0, 'episode_http': 0, 'notification_period': None}
EPISODE {'group': 'happo', 'scenario': 'base', 'trace': 3, 'cost': 15.711666666666666, 'downstream_backlog': 4.84, 'generation_events': 0, 'episode_http': 0, 'notification_period': None}
EPISODE {'group': 'happo', 'scenario': 'shock', 'trace': 0, 'cost': 21.651666666666667, 'downstream_backlog': 12.1, 'generation_events': 0, 'episode_http': 0, 'notification_period': 89}
EPISODE {'group': 'happo', 'scenario': 'shock', 'trace': 1, 'cost': 21.695, 'downstream_backlog': 17.76, 'generation_events': 0, 'episode_http': 0, 'notification_period': 79}
EPISODE {'group': 'happo', 'scenario': 'shock', 'trace': 2, 'cost': 21.753333333333334, 'downstream_backlog': 14.425, 'generation_events': 0, 'episode_http': 0, 'notification_period': 84}
EPISODE {'group': 'happo', 'scenario': 'shock', 'trace': 3, 'cost': 23.048333333333332, 'downstream_backlog': 7.31, 'generation_events': 0, 'episode_http': 0, 'notification_period': 89}
share_observation_space:  [Box(-inf, inf, (21,), float32), Box(-inf, inf, (21,), float32), Box(-inf, inf, (21,), float32)]
observation_space:  [Box(-inf, inf, (7,), float32), Box(-inf, inf, (7,), float32), Box(-inf, inf, (7,), float32)]
action_space:  [Discrete(21), Discrete(21), Discrete(21)]
EPISODE {'group': 'online_feedback', 'scenario': 'base', 'trace': 0, 'cost': 17.923333333333332, 'downstream_backlog': 7.945, 'generation_events': 0, 'episode_http': 0, 'notification_period': None}
EPISODE {'group': 'online_feedback', 'scenario': 'base', 'trace': 1, 'cost': 22.848333333333333, 'downstream_backlog': 15.86, 'generation_events': 0, 'episode_http': 0, 'notification_period': None}
EPISODE {'group': 'online_feedback', 'scenario': 'base', 'trace': 2, 'cost': 19.686666666666667, 'downstream_backlog': 11.86, 'generation_events': 0, 'episode_http': 0, 'notification_period': None}
EPISODE {'group': 'online_feedback', 'scenario': 'base', 'trace': 3, 'cost': 15.711666666666666, 'downstream_backlog': 4.84, 'generation_events': 0, 'episode_http': 0, 'notification_period': None}
EPISODE {'group': 'online_feedback', 'scenario': 'shock', 'trace': 0, 'cost': 21.651666666666667, 'downstream_backlog': 12.1, 'generation_events': 4, 'episode_http': 9, 'notification_period': 89}
EPISODE {'group': 'online_feedback', 'scenario': 'shock', 'trace': 1, 'cost': 23.151666666666667, 'downstream_backlog': 17.12, 'generation_events': 4, 'episode_http': 8, 'notification_period': 79}
EPISODE {'group': 'online_feedback', 'scenario': 'shock', 'trace': 2, 'cost': 22.016666666666666, 'downstream_backlog': 16.98, 'generation_events': 4, 'episode_http': 8, 'notification_period': 84}
EPISODE {'group': 'online_feedback', 'scenario': 'shock', 'trace': 3, 'cost': 24.32, 'downstream_backlog': 9.04, 'generation_events': 4, 'episode_http': 8, 'notification_period': 89}
ONLINE_DRAFT_COMPLETED
