Gym has been unmaintained since 2022 and does not support NumPy 2.0 amongst other critical functionality.
Please upgrade to Gymnasium, the maintained drop-in replacement of Gym, or contact the authors of your software and request that they upgrade.
Users of this version of Gym should be able to simply replace 'import gym' with 'import gymnasium as gym' in the vast majority of cases.
See the migration guide at https://gymnasium.farama.org/introduction/migration_guide/ for additional information.
share_observation_space:  [Box(-inf, inf, (21,), float32), Box(-inf, inf, (21,), float32), Box(-inf, inf, (21,), float32)]
observation_space:  [Box(-inf, inf, (7,), float32), Box(-inf, inf, (7,), float32), Box(-inf, inf, (7,), float32)]
action_space:  [Discrete(21), Discrete(21), Discrete(21)]
EPISODE {'group': 'happo', 'scenario': 'base', 'trace': 0, 'cost': 19.213333333333335, 'downstream_backlog': 20.1, 'generation_events': 0, 'episode_http': 0, 'notification_period': None}
EPISODE {'group': 'happo', 'scenario': 'base', 'trace': 1, 'cost': 19.02, 'downstream_backlog': 10.96, 'generation_events': 0, 'episode_http': 0, 'notification_period': None}
EPISODE {'group': 'happo', 'scenario': 'base', 'trace': 2, 'cost': 32.375, 'downstream_backlog': 60.57, 'generation_events': 0, 'episode_http': 0, 'notification_period': None}
EPISODE {'group': 'happo', 'scenario': 'base', 'trace': 3, 'cost': 15.34, 'downstream_backlog': 1.9, 'generation_events': 0, 'episode_http': 0, 'notification_period': None}
EPISODE {'group': 'happo', 'scenario': 'shock', 'trace': 0, 'cost': 24.235, 'downstream_backlog': 32.78, 'generation_events': 0, 'episode_http': 0, 'notification_period': 77}
EPISODE {'group': 'happo', 'scenario': 'shock', 'trace': 1, 'cost': 25.885, 'downstream_backlog': 24.62, 'generation_events': 0, 'episode_http': 0, 'notification_period': 67}
EPISODE {'group': 'happo', 'scenario': 'shock', 'trace': 2, 'cost': 40.26, 'downstream_backlog': 60.045, 'generation_events': 0, 'episode_http': 0, 'notification_period': 72}
EPISODE {'group': 'happo', 'scenario': 'shock', 'trace': 3, 'cost': 19.123333333333335, 'downstream_backlog': 3.105, 'generation_events': 0, 'episode_http': 0, 'notification_period': 77}
share_observation_space:  [Box(-inf, inf, (21,), float32), Box(-inf, inf, (21,), float32), Box(-inf, inf, (21,), float32)]
observation_space:  [Box(-inf, inf, (7,), float32), Box(-inf, inf, (7,), float32), Box(-inf, inf, (7,), float32)]
action_space:  [Discrete(21), Discrete(21), Discrete(21)]
EPISODE {'group': 'online_feedback', 'scenario': 'base', 'trace': 0, 'cost': 19.213333333333335, 'downstream_backlog': 20.1, 'generation_events': 0, 'episode_http': 0, 'notification_period': None}
EPISODE {'group': 'online_feedback', 'scenario': 'base', 'trace': 1, 'cost': 19.02, 'downstream_backlog': 10.96, 'generation_events': 0, 'episode_http': 0, 'notification_period': None}
EPISODE {'group': 'online_feedback', 'scenario': 'base', 'trace': 2, 'cost': 32.375, 'downstream_backlog': 60.57, 'generation_events': 0, 'episode_http': 0, 'notification_period': None}
EPISODE {'group': 'online_feedback', 'scenario': 'base', 'trace': 3, 'cost': 15.34, 'downstream_backlog': 1.9, 'generation_events': 0, 'episode_http': 0, 'notification_period': None}
EPISODE {'group': 'online_feedback', 'scenario': 'shock', 'trace': 0, 'cost': 22.461666666666666, 'downstream_backlog': 29.925, 'generation_events': 4, 'episode_http': 11, 'notification_period': 77}
EPISODE {'group': 'online_feedback', 'scenario': 'shock', 'trace': 1, 'cost': 22.723333333333333, 'downstream_backlog': 18.34, 'generation_events': 4, 'episode_http': 9, 'notification_period': 67}
EPISODE {'group': 'online_feedback', 'scenario': 'shock', 'trace': 2, 'cost': 33.97833333333333, 'downstream_backlog': 52.595, 'generation_events': 4, 'episode_http': 9, 'notification_period': 72}
EPISODE {'group': 'online_feedback', 'scenario': 'shock', 'trace': 3, 'cost': 23.281666666666666, 'downstream_backlog': 3.025, 'generation_events': 4, 'episode_http': 8, 'notification_period': 77}
ONLINE_DRAFT_COMPLETED
