Gym has been unmaintained since 2022 and does not support NumPy 2.0 amongst other critical functionality.
Please upgrade to Gymnasium, the maintained drop-in replacement of Gym, or contact the authors of your software and request that they upgrade.
Users of this version of Gym should be able to simply replace 'import gym' with 'import gymnasium as gym' in the vast majority of cases.
See the migration guide at https://gymnasium.farama.org/introduction/migration_guide/ for additional information.
share_observation_space:  [Box(-inf, inf, (21,), float32), Box(-inf, inf, (21,), float32), Box(-inf, inf, (21,), float32)]
observation_space:  [Box(-inf, inf, (7,), float32), Box(-inf, inf, (7,), float32), Box(-inf, inf, (7,), float32)]
action_space:  [Discrete(21), Discrete(21), Discrete(21)]
EPISODE {'group': 'happo', 'scenario': 'base', 'trace': 0, 'cost': 14.903333333333334, 'downstream_backlog': 5.495, 'generation_events': 0, 'episode_http': 0, 'notification_period': None}
EPISODE {'group': 'happo', 'scenario': 'base', 'trace': 1, 'cost': 23.903333333333332, 'downstream_backlog': 19.21, 'generation_events': 0, 'episode_http': 0, 'notification_period': None}
EPISODE {'group': 'happo', 'scenario': 'base', 'trace': 2, 'cost': 14.326666666666666, 'downstream_backlog': 2.98, 'generation_events': 0, 'episode_http': 0, 'notification_period': None}
EPISODE {'group': 'happo', 'scenario': 'base', 'trace': 3, 'cost': 26.058333333333334, 'downstream_backlog': 25.33, 'generation_events': 0, 'episode_http': 0, 'notification_period': None}
EPISODE {'group': 'happo', 'scenario': 'shock', 'trace': 0, 'cost': 16.388333333333332, 'downstream_backlog': 5.745, 'generation_events': 0, 'episode_http': 0, 'notification_period': 87}
EPISODE {'group': 'happo', 'scenario': 'shock', 'trace': 1, 'cost': 24.695, 'downstream_backlog': 23.015, 'generation_events': 0, 'episode_http': 0, 'notification_period': 77}
EPISODE {'group': 'happo', 'scenario': 'shock', 'trace': 2, 'cost': 16.715, 'downstream_backlog': 3.565, 'generation_events': 0, 'episode_http': 0, 'notification_period': 82}
EPISODE {'group': 'happo', 'scenario': 'shock', 'trace': 3, 'cost': 38.05166666666667, 'downstream_backlog': 43.26, 'generation_events': 0, 'episode_http': 0, 'notification_period': 87}
share_observation_space:  [Box(-inf, inf, (21,), float32), Box(-inf, inf, (21,), float32), Box(-inf, inf, (21,), float32)]
observation_space:  [Box(-inf, inf, (7,), float32), Box(-inf, inf, (7,), float32), Box(-inf, inf, (7,), float32)]
action_space:  [Discrete(21), Discrete(21), Discrete(21)]
EPISODE {'group': 'online_feedback', 'scenario': 'base', 'trace': 0, 'cost': 14.903333333333334, 'downstream_backlog': 5.495, 'generation_events': 0, 'episode_http': 0, 'notification_period': None}
EPISODE {'group': 'online_feedback', 'scenario': 'base', 'trace': 1, 'cost': 23.903333333333332, 'downstream_backlog': 19.21, 'generation_events': 0, 'episode_http': 0, 'notification_period': None}
EPISODE {'group': 'online_feedback', 'scenario': 'base', 'trace': 2, 'cost': 14.326666666666666, 'downstream_backlog': 2.98, 'generation_events': 0, 'episode_http': 0, 'notification_period': None}
EPISODE {'group': 'online_feedback', 'scenario': 'base', 'trace': 3, 'cost': 26.058333333333334, 'downstream_backlog': 25.33, 'generation_events': 0, 'episode_http': 0, 'notification_period': None}
EPISODE {'group': 'online_feedback', 'scenario': 'shock', 'trace': 0, 'cost': 16.253333333333334, 'downstream_backlog': 5.85, 'generation_events': 4, 'episode_http': 10, 'notification_period': 87}
EPISODE {'group': 'online_feedback', 'scenario': 'shock', 'trace': 1, 'cost': 24.695, 'downstream_backlog': 23.015, 'generation_events': 4, 'episode_http': 8, 'notification_period': 77}
EPISODE {'group': 'online_feedback', 'scenario': 'shock', 'trace': 2, 'cost': 16.703333333333333, 'downstream_backlog': 3.475, 'generation_events': 4, 'episode_http': 8, 'notification_period': 82}
EPISODE {'group': 'online_feedback', 'scenario': 'shock', 'trace': 3, 'cost': 29.326666666666668, 'downstream_backlog': 31.945, 'generation_events': 4, 'episode_http': 9, 'notification_period': 87}
ONLINE_DRAFT_COMPLETED
