Gym has been unmaintained since 2022 and does not support NumPy 2.0 amongst other critical functionality.
Please upgrade to Gymnasium, the maintained drop-in replacement of Gym, or contact the authors of your software and request that they upgrade.
Users of this version of Gym should be able to simply replace 'import gym' with 'import gymnasium as gym' in the vast majority of cases.
See the migration guide at https://gymnasium.farama.org/introduction/migration_guide/ for additional information.
share_observation_space:  [Box(-inf, inf, (21,), float32), Box(-inf, inf, (21,), float32), Box(-inf, inf, (21,), float32)]
observation_space:  [Box(-inf, inf, (7,), float32), Box(-inf, inf, (7,), float32), Box(-inf, inf, (7,), float32)]
action_space:  [Discrete(21), Discrete(21), Discrete(21)]
EPISODE {'group': 'happo', 'scenario': 'base', 'trace': 0, 'cost': 13.661666666666667, 'downstream_backlog': 5.935, 'generation_events': 0, 'episode_http': 0, 'notification_period': None}
EPISODE {'group': 'happo', 'scenario': 'base', 'trace': 1, 'cost': 28.125, 'downstream_backlog': 37.11, 'generation_events': 0, 'episode_http': 0, 'notification_period': None}
EPISODE {'group': 'happo', 'scenario': 'base', 'trace': 2, 'cost': 19.163333333333334, 'downstream_backlog': 10.46, 'generation_events': 0, 'episode_http': 0, 'notification_period': None}
EPISODE {'group': 'happo', 'scenario': 'base', 'trace': 3, 'cost': 14.443333333333333, 'downstream_backlog': 2.45, 'generation_events': 0, 'episode_http': 0, 'notification_period': None}
EPISODE {'group': 'happo', 'scenario': 'shock', 'trace': 0, 'cost': 18.83, 'downstream_backlog': 15.035, 'generation_events': 0, 'episode_http': 0, 'notification_period': 75}
EPISODE {'group': 'happo', 'scenario': 'shock', 'trace': 1, 'cost': 25.406666666666666, 'downstream_backlog': 30.73, 'generation_events': 0, 'episode_http': 0, 'notification_period': 65}
EPISODE {'group': 'happo', 'scenario': 'shock', 'trace': 2, 'cost': 23.288333333333334, 'downstream_backlog': 12.935, 'generation_events': 0, 'episode_http': 0, 'notification_period': 70}
EPISODE {'group': 'happo', 'scenario': 'shock', 'trace': 3, 'cost': 14.743333333333334, 'downstream_backlog': 1.845, 'generation_events': 0, 'episode_http': 0, 'notification_period': 75}
share_observation_space:  [Box(-inf, inf, (21,), float32), Box(-inf, inf, (21,), float32), Box(-inf, inf, (21,), float32)]
observation_space:  [Box(-inf, inf, (7,), float32), Box(-inf, inf, (7,), float32), Box(-inf, inf, (7,), float32)]
action_space:  [Discrete(21), Discrete(21), Discrete(21)]
EPISODE {'group': 'online_feedback', 'scenario': 'base', 'trace': 0, 'cost': 13.661666666666667, 'downstream_backlog': 5.935, 'generation_events': 0, 'episode_http': 0, 'notification_period': None}
EPISODE {'group': 'online_feedback', 'scenario': 'base', 'trace': 1, 'cost': 28.125, 'downstream_backlog': 37.11, 'generation_events': 0, 'episode_http': 0, 'notification_period': None}
EPISODE {'group': 'online_feedback', 'scenario': 'base', 'trace': 2, 'cost': 19.163333333333334, 'downstream_backlog': 10.46, 'generation_events': 0, 'episode_http': 0, 'notification_period': None}
EPISODE {'group': 'online_feedback', 'scenario': 'base', 'trace': 3, 'cost': 14.443333333333333, 'downstream_backlog': 2.45, 'generation_events': 0, 'episode_http': 0, 'notification_period': None}
EPISODE {'group': 'online_feedback', 'scenario': 'shock', 'trace': 0, 'cost': 18.826666666666668, 'downstream_backlog': 15.035, 'generation_events': 4, 'episode_http': 8, 'notification_period': 75}
EPISODE {'group': 'online_feedback', 'scenario': 'shock', 'trace': 1, 'cost': 22.856666666666666, 'downstream_backlog': 27.37, 'generation_events': 4, 'episode_http': 10, 'notification_period': 65}
EPISODE {'group': 'online_feedback', 'scenario': 'shock', 'trace': 2, 'cost': 23.288333333333334, 'downstream_backlog': 12.935, 'generation_events': 4, 'episode_http': 10, 'notification_period': 70}
EPISODE {'group': 'online_feedback', 'scenario': 'shock', 'trace': 3, 'cost': 14.576666666666666, 'downstream_backlog': 1.535, 'generation_events': 4, 'episode_http': 8, 'notification_period': 75}
ONLINE_DRAFT_COMPLETED
