Gym has been unmaintained since 2022 and does not support NumPy 2.0 amongst other critical functionality.
Please upgrade to Gymnasium, the maintained drop-in replacement of Gym, or contact the authors of your software and request that they upgrade.
Users of this version of Gym should be able to simply replace 'import gym' with 'import gymnasium as gym' in the vast majority of cases.
See the migration guide at https://gymnasium.farama.org/introduction/migration_guide/ for additional information.
share_observation_space:  [Box(-inf, inf, (21,), float32), Box(-inf, inf, (21,), float32), Box(-inf, inf, (21,), float32)]
observation_space:  [Box(-inf, inf, (7,), float32), Box(-inf, inf, (7,), float32), Box(-inf, inf, (7,), float32)]
action_space:  [Discrete(21), Discrete(21), Discrete(21)]
EPISODE {'group': 'happo', 'scenario': 'base', 'trace': 0, 'cost': 19.226666666666667, 'downstream_backlog': 3.225, 'generation_events': 0, 'episode_http': 0, 'notification_period': None}
EPISODE {'group': 'happo', 'scenario': 'base', 'trace': 1, 'cost': 16.063333333333333, 'downstream_backlog': 0.45, 'generation_events': 0, 'episode_http': 0, 'notification_period': None}
EPISODE {'group': 'happo', 'scenario': 'base', 'trace': 2, 'cost': 17.805, 'downstream_backlog': 10.515, 'generation_events': 0, 'episode_http': 0, 'notification_period': None}
EPISODE {'group': 'happo', 'scenario': 'base', 'trace': 3, 'cost': 17.436666666666667, 'downstream_backlog': 1.94, 'generation_events': 0, 'episode_http': 0, 'notification_period': None}
EPISODE {'group': 'happo', 'scenario': 'shock', 'trace': 0, 'cost': 25.11, 'downstream_backlog': 4.29, 'generation_events': 0, 'episode_http': 0, 'notification_period': 96}
EPISODE {'group': 'happo', 'scenario': 'shock', 'trace': 1, 'cost': 14.616666666666667, 'downstream_backlog': 0.62, 'generation_events': 0, 'episode_http': 0, 'notification_period': 86}
EPISODE {'group': 'happo', 'scenario': 'shock', 'trace': 2, 'cost': 19.11, 'downstream_backlog': 11.1, 'generation_events': 0, 'episode_http': 0, 'notification_period': 90}
EPISODE {'group': 'happo', 'scenario': 'shock', 'trace': 3, 'cost': 15.616666666666667, 'downstream_backlog': 2.095, 'generation_events': 0, 'episode_http': 0, 'notification_period': 73}
share_observation_space:  [Box(-inf, inf, (21,), float32), Box(-inf, inf, (21,), float32), Box(-inf, inf, (21,), float32)]
observation_space:  [Box(-inf, inf, (7,), float32), Box(-inf, inf, (7,), float32), Box(-inf, inf, (7,), float32)]
action_space:  [Discrete(21), Discrete(21), Discrete(21)]
EPISODE {'group': 'online_feedback', 'scenario': 'base', 'trace': 0, 'cost': 19.226666666666667, 'downstream_backlog': 3.225, 'generation_events': 0, 'episode_http': 0, 'notification_period': None}
EPISODE {'group': 'online_feedback', 'scenario': 'base', 'trace': 1, 'cost': 16.063333333333333, 'downstream_backlog': 0.45, 'generation_events': 0, 'episode_http': 0, 'notification_period': None}
EPISODE {'group': 'online_feedback', 'scenario': 'base', 'trace': 2, 'cost': 17.805, 'downstream_backlog': 10.515, 'generation_events': 0, 'episode_http': 0, 'notification_period': None}
EPISODE {'group': 'online_feedback', 'scenario': 'base', 'trace': 3, 'cost': 17.436666666666667, 'downstream_backlog': 1.94, 'generation_events': 0, 'episode_http': 0, 'notification_period': None}
EPISODE {'group': 'online_feedback', 'scenario': 'shock', 'trace': 0, 'cost': 25.11, 'downstream_backlog': 4.29, 'generation_events': 4, 'episode_http': 8, 'notification_period': 96}
EPISODE {'group': 'online_feedback', 'scenario': 'shock', 'trace': 1, 'cost': 14.53, 'downstream_backlog': 0.52, 'generation_events': 4, 'episode_http': 9, 'notification_period': 86}
EPISODE {'group': 'online_feedback', 'scenario': 'shock', 'trace': 2, 'cost': 19.86, 'downstream_backlog': 10.42, 'generation_events': 4, 'episode_http': 8, 'notification_period': 90}
EPISODE {'group': 'online_feedback', 'scenario': 'shock', 'trace': 3, 'cost': 15.616666666666667, 'downstream_backlog': 2.095, 'generation_events': 4, 'episode_http': 9, 'notification_period': 73}
share_observation_space:  [Box(-inf, inf, (21,), float32), Box(-inf, inf, (21,), float32), Box(-inf, inf, (21,), float32)]
observation_space:  [Box(-inf, inf, (7,), float32), Box(-inf, inf, (7,), float32), Box(-inf, inf, (7,), float32)]
action_space:  [Discrete(21), Discrete(21), Discrete(21)]
EPISODE {'group': 'contract_feedback', 'scenario': 'base', 'trace': 0, 'cost': 19.226666666666667, 'downstream_backlog': 3.225, 'generation_events': 0, 'episode_http': 0, 'notification_period': None}
EPISODE {'group': 'contract_feedback', 'scenario': 'base', 'trace': 1, 'cost': 16.063333333333333, 'downstream_backlog': 0.45, 'generation_events': 0, 'episode_http': 0, 'notification_period': None}
EPISODE {'group': 'contract_feedback', 'scenario': 'base', 'trace': 2, 'cost': 17.805, 'downstream_backlog': 10.515, 'generation_events': 0, 'episode_http': 0, 'notification_period': None}
EPISODE {'group': 'contract_feedback', 'scenario': 'base', 'trace': 3, 'cost': 17.436666666666667, 'downstream_backlog': 1.94, 'generation_events': 0, 'episode_http': 0, 'notification_period': None}
EPISODE {'group': 'contract_feedback', 'scenario': 'shock', 'trace': 0, 'cost': 25.11, 'downstream_backlog': 4.29, 'generation_events': 4, 'episode_http': 8, 'notification_period': 96}
EPISODE {'group': 'contract_feedback', 'scenario': 'shock', 'trace': 1, 'cost': 14.53, 'downstream_backlog': 0.57, 'generation_events': 4, 'episode_http': 8, 'notification_period': 86}
EPISODE {'group': 'contract_feedback', 'scenario': 'shock', 'trace': 2, 'cost': 21.528333333333332, 'downstream_backlog': 12.32, 'generation_events': 4, 'episode_http': 8, 'notification_period': 90}
EPISODE {'group': 'contract_feedback', 'scenario': 'shock', 'trace': 3, 'cost': 16.25, 'downstream_backlog': 2.2, 'generation_events': 4, 'episode_http': 8, 'notification_period': 73}
share_observation_space:  [Box(-inf, inf, (21,), float32), Box(-inf, inf, (21,), float32), Box(-inf, inf, (21,), float32)]
observation_space:  [Box(-inf, inf, (7,), float32), Box(-inf, inf, (7,), float32), Box(-inf, inf, (7,), float32)]
action_space:  [Discrete(21), Discrete(21), Discrete(21)]
EPISODE {'group': 'neutral_feedback', 'scenario': 'base', 'trace': 0, 'cost': 19.226666666666667, 'downstream_backlog': 3.225, 'generation_events': 0, 'episode_http': 0, 'notification_period': None}
EPISODE {'group': 'neutral_feedback', 'scenario': 'base', 'trace': 1, 'cost': 16.063333333333333, 'downstream_backlog': 0.45, 'generation_events': 0, 'episode_http': 0, 'notification_period': None}
EPISODE {'group': 'neutral_feedback', 'scenario': 'base', 'trace': 2, 'cost': 17.805, 'downstream_backlog': 10.515, 'generation_events': 0, 'episode_http': 0, 'notification_period': None}
EPISODE {'group': 'neutral_feedback', 'scenario': 'base', 'trace': 3, 'cost': 17.436666666666667, 'downstream_backlog': 1.94, 'generation_events': 0, 'episode_http': 0, 'notification_period': None}
EPISODE {'group': 'neutral_feedback', 'scenario': 'shock', 'trace': 0, 'cost': 25.11, 'downstream_backlog': 4.29, 'generation_events': 4, 'episode_http': 9, 'notification_period': 96}
EPISODE {'group': 'neutral_feedback', 'scenario': 'shock', 'trace': 1, 'cost': 14.596666666666666, 'downstream_backlog': 0.62, 'generation_events': 4, 'episode_http': 8, 'notification_period': 86}
EPISODE {'group': 'neutral_feedback', 'scenario': 'shock', 'trace': 2, 'cost': 21.225, 'downstream_backlog': 11.265, 'generation_events': 4, 'episode_http': 8, 'notification_period': 90}
EPISODE {'group': 'neutral_feedback', 'scenario': 'shock', 'trace': 3, 'cost': 15.616666666666667, 'downstream_backlog': 2.095, 'generation_events': 4, 'episode_http': 8, 'notification_period': 73}
NEUTRAL_V3_COMPLETED
