Gym has been unmaintained since 2022 and does not support NumPy 2.0 amongst other critical functionality.
Please upgrade to Gymnasium, the maintained drop-in replacement of Gym, or contact the authors of your software and request that they upgrade.
Users of this version of Gym should be able to simply replace 'import gym' with 'import gymnasium as gym' in the vast majority of cases.
See the migration guide at https://gymnasium.farama.org/introduction/migration_guide/ for additional information.
share_observation_space:  [Box(-inf, inf, (21,), float32), Box(-inf, inf, (21,), float32), Box(-inf, inf, (21,), float32)]
observation_space:  [Box(-inf, inf, (7,), float32), Box(-inf, inf, (7,), float32), Box(-inf, inf, (7,), float32)]
action_space:  [Discrete(21), Discrete(21), Discrete(21)]
EPISODE {'group': 'happo', 'scenario': 'base', 'trace': 0, 'cost': 18.68166666666667, 'downstream_backlog': 3.38, 'generation_events': 0, 'episode_http': 0, 'notification_period': None}
EPISODE {'group': 'happo', 'scenario': 'base', 'trace': 1, 'cost': 15.416666666666666, 'downstream_backlog': 3.34, 'generation_events': 0, 'episode_http': 0, 'notification_period': None}
EPISODE {'group': 'happo', 'scenario': 'base', 'trace': 2, 'cost': 13.451666666666666, 'downstream_backlog': 2.165, 'generation_events': 0, 'episode_http': 0, 'notification_period': None}
EPISODE {'group': 'happo', 'scenario': 'base', 'trace': 3, 'cost': 25.69, 'downstream_backlog': 52.735, 'generation_events': 0, 'episode_http': 0, 'notification_period': None}
EPISODE {'group': 'happo', 'scenario': 'shock', 'trace': 0, 'cost': 18.641666666666666, 'downstream_backlog': 3.54, 'generation_events': 0, 'episode_http': 0, 'notification_period': 83}
EPISODE {'group': 'happo', 'scenario': 'shock', 'trace': 1, 'cost': 13.976666666666667, 'downstream_backlog': 3.265, 'generation_events': 0, 'episode_http': 0, 'notification_period': 73}
EPISODE {'group': 'happo', 'scenario': 'shock', 'trace': 2, 'cost': 17.773333333333333, 'downstream_backlog': 4.005, 'generation_events': 0, 'episode_http': 0, 'notification_period': 78}
EPISODE {'group': 'happo', 'scenario': 'shock', 'trace': 3, 'cost': 28.606666666666666, 'downstream_backlog': 50.665, 'generation_events': 0, 'episode_http': 0, 'notification_period': 83}
share_observation_space:  [Box(-inf, inf, (21,), float32), Box(-inf, inf, (21,), float32), Box(-inf, inf, (21,), float32)]
observation_space:  [Box(-inf, inf, (7,), float32), Box(-inf, inf, (7,), float32), Box(-inf, inf, (7,), float32)]
action_space:  [Discrete(21), Discrete(21), Discrete(21)]
EPISODE {'group': 'online_feedback', 'scenario': 'base', 'trace': 0, 'cost': 18.68166666666667, 'downstream_backlog': 3.38, 'generation_events': 0, 'episode_http': 0, 'notification_period': None}
EPISODE {'group': 'online_feedback', 'scenario': 'base', 'trace': 1, 'cost': 15.416666666666666, 'downstream_backlog': 3.34, 'generation_events': 0, 'episode_http': 0, 'notification_period': None}
EPISODE {'group': 'online_feedback', 'scenario': 'base', 'trace': 2, 'cost': 13.451666666666666, 'downstream_backlog': 2.165, 'generation_events': 0, 'episode_http': 0, 'notification_period': None}
EPISODE {'group': 'online_feedback', 'scenario': 'base', 'trace': 3, 'cost': 25.69, 'downstream_backlog': 52.735, 'generation_events': 0, 'episode_http': 0, 'notification_period': None}
EPISODE {'group': 'online_feedback', 'scenario': 'shock', 'trace': 0, 'cost': 18.726666666666667, 'downstream_backlog': 3.395, 'generation_events': 4, 'episode_http': 9, 'notification_period': 83}
EPISODE {'group': 'online_feedback', 'scenario': 'shock', 'trace': 1, 'cost': 13.826666666666666, 'downstream_backlog': 3.175, 'generation_events': 4, 'episode_http': 10, 'notification_period': 73}
EPISODE {'group': 'online_feedback', 'scenario': 'shock', 'trace': 2, 'cost': 17.291666666666668, 'downstream_backlog': 3.125, 'generation_events': 4, 'episode_http': 9, 'notification_period': 78}
EPISODE {'group': 'online_feedback', 'scenario': 'shock', 'trace': 3, 'cost': 29.165, 'downstream_backlog': 51.425, 'generation_events': 4, 'episode_http': 8, 'notification_period': 83}
share_observation_space:  [Box(-inf, inf, (21,), float32), Box(-inf, inf, (21,), float32), Box(-inf, inf, (21,), float32)]
observation_space:  [Box(-inf, inf, (7,), float32), Box(-inf, inf, (7,), float32), Box(-inf, inf, (7,), float32)]
action_space:  [Discrete(21), Discrete(21), Discrete(21)]
EPISODE {'group': 'report_trigger_feedback', 'scenario': 'base', 'trace': 0, 'cost': 18.68166666666667, 'downstream_backlog': 3.38, 'generation_events': 0, 'episode_http': 0, 'notification_period': None}
EPISODE {'group': 'report_trigger_feedback', 'scenario': 'base', 'trace': 1, 'cost': 15.416666666666666, 'downstream_backlog': 3.34, 'generation_events': 0, 'episode_http': 0, 'notification_period': None}
EPISODE {'group': 'report_trigger_feedback', 'scenario': 'base', 'trace': 2, 'cost': 13.451666666666666, 'downstream_backlog': 2.165, 'generation_events': 0, 'episode_http': 0, 'notification_period': None}
EPISODE {'group': 'report_trigger_feedback', 'scenario': 'base', 'trace': 3, 'cost': 25.69, 'downstream_backlog': 52.735, 'generation_events': 0, 'episode_http': 0, 'notification_period': None}
EPISODE {'group': 'report_trigger_feedback', 'scenario': 'shock', 'trace': 0, 'cost': 18.641666666666666, 'downstream_backlog': 3.54, 'generation_events': 4, 'episode_http': 8, 'notification_period': 83}
EPISODE {'group': 'report_trigger_feedback', 'scenario': 'shock', 'trace': 1, 'cost': 13.945, 'downstream_backlog': 3.265, 'generation_events': 4, 'episode_http': 9, 'notification_period': 73}
EPISODE {'group': 'report_trigger_feedback', 'scenario': 'shock', 'trace': 2, 'cost': 15.94, 'downstream_backlog': 3.46, 'generation_events': 4, 'episode_http': 8, 'notification_period': 78}
EPISODE {'group': 'report_trigger_feedback', 'scenario': 'shock', 'trace': 3, 'cost': 32.56333333333333, 'downstream_backlog': 56.02, 'generation_events': 4, 'episode_http': 8, 'notification_period': 83}
ONLINE_DRAFT_COMPLETED
