Gym has been unmaintained since 2022 and does not support NumPy 2.0 amongst other critical functionality.
Please upgrade to Gymnasium, the maintained drop-in replacement of Gym, or contact the authors of your software and request that they upgrade.
Users of this version of Gym should be able to simply replace 'import gym' with 'import gymnasium as gym' in the vast majority of cases.
See the migration guide at https://gymnasium.farama.org/introduction/migration_guide/ for additional information.
share_observation_space:  [Box(-inf, inf, (21,), float32), Box(-inf, inf, (21,), float32), Box(-inf, inf, (21,), float32)]
observation_space:  [Box(-inf, inf, (7,), float32), Box(-inf, inf, (7,), float32), Box(-inf, inf, (7,), float32)]
action_space:  [Discrete(21), Discrete(21), Discrete(21)]
EPISODE {'group': 'happo', 'scenario': 'base', 'trace': 0, 'cost': 11.726666666666667, 'downstream_backlog': 0.675, 'generation_events': 0, 'episode_http': 0, 'notification_period': None}
EPISODE {'group': 'happo', 'scenario': 'base', 'trace': 1, 'cost': 26.968333333333334, 'downstream_backlog': 14.755, 'generation_events': 0, 'episode_http': 0, 'notification_period': None}
EPISODE {'group': 'happo', 'scenario': 'base', 'trace': 2, 'cost': 11.155, 'downstream_backlog': 1.935, 'generation_events': 0, 'episode_http': 0, 'notification_period': None}
EPISODE {'group': 'happo', 'scenario': 'base', 'trace': 3, 'cost': 14.128333333333334, 'downstream_backlog': 5.435, 'generation_events': 0, 'episode_http': 0, 'notification_period': None}
EPISODE {'group': 'happo', 'scenario': 'shock', 'trace': 0, 'cost': 10.636666666666667, 'downstream_backlog': 1.66, 'generation_events': 0, 'episode_http': 0, 'notification_period': 73}
EPISODE {'group': 'happo', 'scenario': 'shock', 'trace': 1, 'cost': 25.46, 'downstream_backlog': 17.99, 'generation_events': 0, 'episode_http': 0, 'notification_period': 63}
EPISODE {'group': 'happo', 'scenario': 'shock', 'trace': 2, 'cost': 12.766666666666667, 'downstream_backlog': 2.69, 'generation_events': 0, 'episode_http': 0, 'notification_period': 68}
EPISODE {'group': 'happo', 'scenario': 'shock', 'trace': 3, 'cost': 33.73, 'downstream_backlog': 12.105, 'generation_events': 0, 'episode_http': 0, 'notification_period': 73}
share_observation_space:  [Box(-inf, inf, (21,), float32), Box(-inf, inf, (21,), float32), Box(-inf, inf, (21,), float32)]
observation_space:  [Box(-inf, inf, (7,), float32), Box(-inf, inf, (7,), float32), Box(-inf, inf, (7,), float32)]
action_space:  [Discrete(21), Discrete(21), Discrete(21)]
EPISODE {'group': 'online_feedback', 'scenario': 'base', 'trace': 0, 'cost': 11.726666666666667, 'downstream_backlog': 0.675, 'generation_events': 0, 'episode_http': 0, 'notification_period': None}
EPISODE {'group': 'online_feedback', 'scenario': 'base', 'trace': 1, 'cost': 26.968333333333334, 'downstream_backlog': 14.755, 'generation_events': 0, 'episode_http': 0, 'notification_period': None}
EPISODE {'group': 'online_feedback', 'scenario': 'base', 'trace': 2, 'cost': 11.155, 'downstream_backlog': 1.935, 'generation_events': 0, 'episode_http': 0, 'notification_period': None}
EPISODE {'group': 'online_feedback', 'scenario': 'base', 'trace': 3, 'cost': 14.128333333333334, 'downstream_backlog': 5.435, 'generation_events': 0, 'episode_http': 0, 'notification_period': None}
EPISODE {'group': 'online_feedback', 'scenario': 'shock', 'trace': 0, 'cost': 10.191666666666666, 'downstream_backlog': 1.375, 'generation_events': 4, 'episode_http': 9, 'notification_period': 73}
EPISODE {'group': 'online_feedback', 'scenario': 'shock', 'trace': 1, 'cost': 21.801666666666666, 'downstream_backlog': 15.255, 'generation_events': 4, 'episode_http': 9, 'notification_period': 63}
EPISODE {'group': 'online_feedback', 'scenario': 'shock', 'trace': 2, 'cost': 12.663333333333334, 'downstream_backlog': 2.2, 'generation_events': 4, 'episode_http': 9, 'notification_period': 68}
EPISODE {'group': 'online_feedback', 'scenario': 'shock', 'trace': 3, 'cost': 33.73, 'downstream_backlog': 12.105, 'generation_events': 4, 'episode_http': 8, 'notification_period': 73}
share_observation_space:  [Box(-inf, inf, (21,), float32), Box(-inf, inf, (21,), float32), Box(-inf, inf, (21,), float32)]
observation_space:  [Box(-inf, inf, (7,), float32), Box(-inf, inf, (7,), float32), Box(-inf, inf, (7,), float32)]
action_space:  [Discrete(21), Discrete(21), Discrete(21)]
EPISODE {'group': 'report_trigger_feedback', 'scenario': 'base', 'trace': 0, 'cost': 11.726666666666667, 'downstream_backlog': 0.675, 'generation_events': 0, 'episode_http': 0, 'notification_period': None}
EPISODE {'group': 'report_trigger_feedback', 'scenario': 'base', 'trace': 1, 'cost': 26.968333333333334, 'downstream_backlog': 14.755, 'generation_events': 0, 'episode_http': 0, 'notification_period': None}
EPISODE {'group': 'report_trigger_feedback', 'scenario': 'base', 'trace': 2, 'cost': 11.155, 'downstream_backlog': 1.935, 'generation_events': 0, 'episode_http': 0, 'notification_period': None}
EPISODE {'group': 'report_trigger_feedback', 'scenario': 'base', 'trace': 3, 'cost': 14.128333333333334, 'downstream_backlog': 5.435, 'generation_events': 0, 'episode_http': 0, 'notification_period': None}
EPISODE {'group': 'report_trigger_feedback', 'scenario': 'shock', 'trace': 0, 'cost': 10.766666666666667, 'downstream_backlog': 1.38, 'generation_events': 4, 'episode_http': 8, 'notification_period': 73}
EPISODE {'group': 'report_trigger_feedback', 'scenario': 'shock', 'trace': 1, 'cost': 21.778333333333332, 'downstream_backlog': 14.38, 'generation_events': 4, 'episode_http': 8, 'notification_period': 63}
EPISODE {'group': 'report_trigger_feedback', 'scenario': 'shock', 'trace': 2, 'cost': 14.281666666666666, 'downstream_backlog': 2.435, 'generation_events': 4, 'episode_http': 9, 'notification_period': 68}
EPISODE {'group': 'report_trigger_feedback', 'scenario': 'shock', 'trace': 3, 'cost': 33.55166666666667, 'downstream_backlog': 11.965, 'generation_events': 4, 'episode_http': 9, 'notification_period': 73}
ONLINE_DRAFT_COMPLETED
