share_observation_space:  [Box(-inf, inf, (21,), float32), Box(-inf, inf, (21,), float32), Box(-inf, inf, (21,), float32)]
observation_space:  [Box(-inf, inf, (7,), float32), Box(-inf, inf, (7,), float32), Box(-inf, inf, (7,), float32)]
action_space:  [Discrete(21), Discrete(21), Discrete(21)]
IPPO_INTERFACE_PASSED 11
share_observation_space:  [Box(-inf, inf, (21,), float32), Box(-inf, inf, (21,), float32), Box(-inf, inf, (21,), float32)]
observation_space:  [Box(-inf, inf, (7,), float32), Box(-inf, inf, (7,), float32), Box(-inf, inf, (7,), float32)]
action_space:  [Discrete(21), Discrete(21), Discrete(21)]
IPPO_INTERFACE_PASSED 12
share_observation_space:  [Box(-inf, inf, (21,), float32), Box(-inf, inf, (21,), float32), Box(-inf, inf, (21,), float32)]
observation_space:  [Box(-inf, inf, (7,), float32), Box(-inf, inf, (7,), float32), Box(-inf, inf, (7,), float32)]
action_space:  [Discrete(21), Discrete(21), Discrete(21)]
IPPO_INTERFACE_PASSED 13
share_observation_space:  [Box(-inf, inf, (21,), float32), Box(-inf, inf, (21,), float32), Box(-inf, inf, (21,), float32)]
observation_space:  [Box(-inf, inf, (7,), float32), Box(-inf, inf, (7,), float32), Box(-inf, inf, (7,), float32)]
action_space:  [Discrete(21), Discrete(21), Discrete(21)]
IPPO_INTERFACE_PASSED 14
share_observation_space:  [Box(-inf, inf, (21,), float32), Box(-inf, inf, (21,), float32), Box(-inf, inf, (21,), float32)]
observation_space:  [Box(-inf, inf, (7,), float32), Box(-inf, inf, (7,), float32), Box(-inf, inf, (7,), float32)]
action_space:  [Discrete(21), Discrete(21), Discrete(21)]
IPPO_INTERFACE_PASSED 15
